Archive member included to satisfy reference by file (symbol)

c:/ac6/systemworkbench/plugins/fr.ac6.mcu.externaltools.arm-none.win32_1.16.0.201807130628/tools/compiler/bin/../lib/gcc/arm-none-eabi/7.2.1/thumb/v7e-m/fpv4-sp/hard\libgcc.a(_arm_addsubdf3.o)
                              Src/ABAC_Com_20181007_dbc.o (__aeabi_dadd)
c:/ac6/systemworkbench/plugins/fr.ac6.mcu.externaltools.arm-none.win32_1.16.0.201807130628/tools/compiler/bin/../lib/gcc/arm-none-eabi/7.2.1/thumb/v7e-m/fpv4-sp/hard\libgcc.a(_arm_muldivdf3.o)
                              Src/ABAC_Com_20181007_dbc.o (__aeabi_dmul)
c:/ac6/systemworkbench/plugins/fr.ac6.mcu.externaltools.arm-none.win32_1.16.0.201807130628/tools/compiler/bin/../lib/gcc/arm-none-eabi/7.2.1/thumb/v7e-m/fpv4-sp/hard\libgcc.a(_aeabi_uldivmod.o)
                              Drivers/STM32F4xx_HAL_Driver/Src/stm32f4xx_hal_rcc.o (__aeabi_uldivmod)
c:/ac6/systemworkbench/plugins/fr.ac6.mcu.externaltools.arm-none.win32_1.16.0.201807130628/tools/compiler/bin/../lib/gcc/arm-none-eabi/7.2.1/thumb/v7e-m/fpv4-sp/hard\libgcc.a(_udivmoddi4.o)
                              c:/ac6/systemworkbench/plugins/fr.ac6.mcu.externaltools.arm-none.win32_1.16.0.201807130628/tools/compiler/bin/../lib/gcc/arm-none-eabi/7.2.1/thumb/v7e-m/fpv4-sp/hard\libgcc.a(_aeabi_uldivmod.o) (__udivmoddi4)
c:/ac6/systemworkbench/plugins/fr.ac6.mcu.externaltools.arm-none.win32_1.16.0.201807130628/tools/compiler/bin/../lib/gcc/arm-none-eabi/7.2.1/thumb/v7e-m/fpv4-sp/hard\libgcc.a(_dvmd_tls.o)
                              c:/ac6/systemworkbench/plugins/fr.ac6.mcu.externaltools.arm-none.win32_1.16.0.201807130628/tools/compiler/bin/../lib/gcc/arm-none-eabi/7.2.1/thumb/v7e-m/fpv4-sp/hard\libgcc.a(_aeabi_uldivmod.o) (__aeabi_ldiv0)
c:/ac6/systemworkbench/plugins/fr.ac6.mcu.externaltools.arm-none.win32_1.16.0.201807130628/tools/compiler/bin/../lib/gcc/arm-none-eabi/7.2.1/../../../../arm-none-eabi/lib/thumb/v7e-m/fpv4-sp/hard\libc_nano.a(lib_a-exit.o)
                              c:/ac6/systemworkbench/plugins/fr.ac6.mcu.externaltools.arm-none.win32_1.16.0.201807130628/tools/compiler/bin/../lib/gcc/arm-none-eabi/7.2.1/../../../../arm-none-eabi/lib/thumb/v7e-m/fpv4-sp/hard/crt0.o (exit)
c:/ac6/systemworkbench/plugins/fr.ac6.mcu.externaltools.arm-none.win32_1.16.0.201807130628/tools/compiler/bin/../lib/gcc/arm-none-eabi/7.2.1/../../../../arm-none-eabi/lib/thumb/v7e-m/fpv4-sp/hard\libc_nano.a(lib_a-impure.o)
                              c:/ac6/systemworkbench/plugins/fr.ac6.mcu.externaltools.arm-none.win32_1.16.0.201807130628/tools/compiler/bin/../lib/gcc/arm-none-eabi/7.2.1/../../../../arm-none-eabi/lib/thumb/v7e-m/fpv4-sp/hard\libc_nano.a(lib_a-exit.o) (_global_impure_ptr)
c:/ac6/systemworkbench/plugins/fr.ac6.mcu.externaltools.arm-none.win32_1.16.0.201807130628/tools/compiler/bin/../lib/gcc/arm-none-eabi/7.2.1/../../../../arm-none-eabi/lib/thumb/v7e-m/fpv4-sp/hard\libc_nano.a(lib_a-init.o)
                              c:/ac6/systemworkbench/plugins/fr.ac6.mcu.externaltools.arm-none.win32_1.16.0.201807130628/tools/compiler/bin/../lib/gcc/arm-none-eabi/7.2.1/../../../../arm-none-eabi/lib/thumb/v7e-m/fpv4-sp/hard/crt0.o (__libc_init_array)
c:/ac6/systemworkbench/plugins/fr.ac6.mcu.externaltools.arm-none.win32_1.16.0.201807130628/tools/compiler/bin/../lib/gcc/arm-none-eabi/7.2.1/../../../../arm-none-eabi/lib/thumb/v7e-m/fpv4-sp/hard\libc_nano.a(lib_a-memcpy-stub.o)
                              Middlewares/Third_Party/FreeRTOS/Source/queue.o (memcpy)
c:/ac6/systemworkbench/plugins/fr.ac6.mcu.externaltools.arm-none.win32_1.16.0.201807130628/tools/compiler/bin/../lib/gcc/arm-none-eabi/7.2.1/../../../../arm-none-eabi/lib/thumb/v7e-m/fpv4-sp/hard\libc_nano.a(lib_a-memset.o)
                              c:/ac6/systemworkbench/plugins/fr.ac6.mcu.externaltools.arm-none.win32_1.16.0.201807130628/tools/compiler/bin/../lib/gcc/arm-none-eabi/7.2.1/../../../../arm-none-eabi/lib/thumb/v7e-m/fpv4-sp/hard/crt0.o (memset)
c:/ac6/systemworkbench/plugins/fr.ac6.mcu.externaltools.arm-none.win32_1.16.0.201807130628/tools/compiler/bin/../lib/gcc/arm-none-eabi/7.2.1/../../../../arm-none-eabi/lib/thumb/v7e-m/fpv4-sp/hard\libnosys.a(_exit.o)
                              c:/ac6/systemworkbench/plugins/fr.ac6.mcu.externaltools.arm-none.win32_1.16.0.201807130628/tools/compiler/bin/../lib/gcc/arm-none-eabi/7.2.1/../../../../arm-none-eabi/lib/thumb/v7e-m/fpv4-sp/hard\libc_nano.a(lib_a-exit.o) (_exit)

Allocating common symbols
Common symbol       size              file

uwTick              0x4               Drivers/STM32F4xx_HAL_Driver/Src/stm32f4xx_hal.o
xQueueRegistry      0x40              Middlewares/Third_Party/FreeRTOS/Source/queue.o
pFlash              0x20              Drivers/STM32F4xx_HAL_Driver/Src/stm32f4xx_hal_flash.o
htim1               0x3c              Src/stm32f4xx_hal_timebase_TIM.o

Discarded input sections

[...]
Memory Configuration

Name             Origin             Length             Attributes
RAM              0x20000000         0x00020000         xrw
FLASH            0x08000000         0x00080000         xr
*default*        0x00000000         0xffffffff

Linker script and memory map

LOAD c:/ac6/systemworkbench/plugins/fr.ac6.mcu.externaltools.arm-none.win32_1.16.0.201807130628/tools/compiler/bin/../lib/gcc/arm-none-eabi/7.2.1/thumb/v7e-m/fpv4-sp/hard/crti.o
LOAD c:/ac6/systemworkbench/plugins/fr.ac6.mcu.externaltools.arm-none.win32_1.16.0.201807130628/tools/compiler/bin/../lib/gcc/arm-none-eabi/7.2.1/thumb/v7e-m/fpv4-sp/hard/crtbegin.o
LOAD c:/ac6/systemworkbench/plugins/fr.ac6.mcu.externaltools.arm-none.win32_1.16.0.201807130628/tools/compiler/bin/../lib/gcc/arm-none-eabi/7.2.1/../../../../arm-none-eabi/lib/thumb/v7e-m/fpv4-sp/hard/crt0.o
LOAD Drivers/STM32F4xx_HAL_Driver/Src/stm32f4xx_hal.o
LOAD Drivers/STM32F4xx_HAL_Driver/Src/stm32f4xx_hal_can.o
LOAD Drivers/STM32F4xx_HAL_Driver/Src/stm32f4xx_hal_cortex.o
LOAD Drivers/STM32F4xx_HAL_Driver/Src/stm32f4xx_hal_dma.o
LOAD Drivers/STM32F4xx_HAL_Driver/Src/stm32f4xx_hal_dma_ex.o
LOAD Drivers/STM32F4xx_HAL_Driver/Src/stm32f4xx_hal_flash.o
LOAD Drivers/STM32F4xx_HAL_Driver/Src/stm32f4xx_hal_flash_ex.o
LOAD Drivers/STM32F4xx_HAL_Driver/Src/stm32f4xx_hal_flash_ramfunc.o
LOAD Drivers/STM32F4xx_HAL_Driver/Src/stm32f4xx_hal_gpio.o
LOAD Drivers/STM32F4xx_HAL_Driver/Src/stm32f4xx_hal_pwr.o
LOAD Drivers/STM32F4xx_HAL_Driver/Src/stm32f4xx_hal_pwr_ex.o
LOAD Drivers/STM32F4xx_HAL_Driver/Src/stm32f4xx_hal_rcc.o
LOAD Drivers/STM32F4xx_HAL_Driver/Src/stm32f4xx_hal_rcc_ex.o
LOAD Drivers/STM32F4xx_HAL_Driver/Src/stm32f4xx_hal_tim.o
LOAD Drivers/STM32F4xx_HAL_Driver/Src/stm32f4xx_hal_tim_ex.o
LOAD Middlewares/Third_Party/FreeRTOS/Source/CMSIS_RTOS/cmsis_os.o
LOAD Middlewares/Third_Party/FreeRTOS/Source/croutine.o
LOAD Middlewares/Third_Party/FreeRTOS/Source/event_groups.o
LOAD Middlewares/Third_Party/FreeRTOS/Source/list.o
LOAD Middlewares/Third_Party/FreeRTOS/Source/queue.o
LOAD Middlewares/Third_Party/FreeRTOS/Source/tasks.o
LOAD Middlewares/Third_Party/FreeRTOS/Source/timers.o
LOAD Middlewares/Third_Party/FreeRTOS/Source/portable/GCC/ARM_CM4F/port.o
LOAD Middlewares/Third_Party/FreeRTOS/Source/portable/MemMang/heap_4.o
LOAD Src/ABAC_Com_20181007_dbc.o
LOAD Src/Attribute.o
LOAD Src/freertos.o
LOAD Src/main.o
LOAD Src/stm32f4xx_hal_msp.o
LOAD Src/stm32f4xx_hal_timebase_TIM.o
LOAD Src/stm32f4xx_it.o
LOAD Src/system_stm32f4xx.o
LOAD startup/startup_stm32f446xx.o
LOAD c:/ac6/systemworkbench/plugins/fr.ac6.mcu.externaltools.arm-none.win32_1.16.0.201807130628/tools/compiler/bin/../lib/gcc/arm-none-eabi/7.2.1/../../../../arm-none-eabi/lib/thumb/v7e-m/fpv4-sp/hard\libstdc++_nano.a
LOAD c:/ac6/systemworkbench/plugins/fr.ac6.mcu.externaltools.arm-none.win32_1.16.0.201807130628/tools/compiler/bin/../lib/gcc/arm-none-eabi/7.2.1/../../../../arm-none-eabi/lib/thumb/v7e-m/fpv4-sp/hard\libm.a
START GROUP
LOAD c:/ac6/systemworkbench/plugins/fr.ac6.mcu.externaltools.arm-none.win32_1.16.0.201807130628/tools/compiler/bin/../lib/gcc/arm-none-eabi/7.2.1/thumb/v7e-m/fpv4-sp/hard\libgcc.a
LOAD c:/ac6/systemworkbench/plugins/fr.ac6.mcu.externaltools.arm-none.win32_1.16.0.201807130628/tools/compiler/bin/../lib/gcc/arm-none-eabi/7.2.1/../../../../arm-none-eabi/lib/thumb/v7e-m/fpv4-sp/hard\libc_nano.a
END GROUP
START GROUP
LOAD c:/ac6/systemworkbench/plugins/fr.ac6.mcu.externaltools.arm-none.win32_1.16.0.201807130628/tools/compiler/bin/../lib/gcc/arm-none-eabi/7.2.1/thumb/v7e-m/fpv4-sp/hard\libgcc.a
LOAD c:/ac6/systemworkbench/plugins/fr.ac6.mcu.externaltools.arm-none.win32_1.16.0.201807130628/tools/compiler/bin/../lib/gcc/arm-none-eabi/7.2.1/../../../../arm-none-eabi/lib/thumb/v7e-m/fpv4-sp/hard\libc_nano.a
LOAD c:/ac6/systemworkbench/plugins/fr.ac6.mcu.externaltools.arm-none.win32_1.16.0.201807130628/tools/compiler/bin/../lib/gcc/arm-none-eabi/7.2.1/../../../../arm-none-eabi/lib/thumb/v7e-m/fpv4-sp/hard\libnosys.a
END GROUP
START GROUP
LOAD c:/ac6/systemworkbench/plugins/fr.ac6.mcu.externaltools.arm-none.win32_1.16.0.201807130628/tools/compiler/bin/../lib/gcc/arm-none-eabi/7.2.1/thumb/v7e-m/fpv4-sp/hard\libgcc.a
LOAD c:/ac6/systemworkbench/plugins/fr.ac6.mcu.externaltools.arm-none.win32_1.16.0.201807130628/tools/compiler/bin/../lib/gcc/arm-none-eabi/7.2.1/../../../../arm-none-eabi/lib/thumb/v7e-m/fpv4-sp/hard\libc_nano.a
LOAD c:/ac6/systemworkbench/plugins/fr.ac6.mcu.externaltools.arm-none.win32_1.16.0.201807130628/tools/compiler/bin/../lib/gcc/arm-none-eabi/7.2.1/../../../../arm-none-eabi/lib/thumb/v7e-m/fpv4-sp/hard\libnosys.a
END GROUP
LOAD c:/ac6/systemworkbench/plugins/fr.ac6.mcu.externaltools.arm-none.win32_1.16.0.201807130628/tools/compiler/bin/../lib/gcc/arm-none-eabi/7.2.1/thumb/v7e-m/fpv4-sp/hard/crtend.o
LOAD c:/ac6/systemworkbench/plugins/fr.ac6.mcu.externaltools.arm-none.win32_1.16.0.201807130628/tools/compiler/bin/../lib/gcc/arm-none-eabi/7.2.1/thumb/v7e-m/fpv4-sp/hard/crtn.o
                0x20020000                _estack = 0x20020000
                0x00000200                _Min_Heap_Size = 0x200
                0x00000400                _Min_Stack_Size = 0x400

.isr_vector     0x08000000      0x1c4
                0x08000000                . = ALIGN (0x4)
 *(.isr_vector)
 .isr_vector    0x08000000      0x1c4 startup/startup_stm32f446xx.o
                0x08000000                g_pfnVectors
                0x080001c4                . = ALIGN (0x4)

.text           0x080001d0     0x61d0
                0x080001d0                . = ALIGN (0x4)
 *(.text)
 .text          0x080001d0       0x40 c:/ac6/systemworkbench/plugins/fr.ac6.mcu.externaltools.arm-none.win32_1.16.0.201807130628/tools/compiler/bin/../lib/gcc/arm-none-eabi/7.2.1/thumb/v7e-m/fpv4-sp/hard/crtbegin.o
 .text          0x08000210      0x378 c:/ac6/systemworkbench/plugins/fr.ac6.mcu.externaltools.arm-none.win32_1.16.0.201807130628/tools/compiler/bin/../lib/gcc/arm-none-eabi/7.2.1/thumb/v7e-m/fpv4-sp/hard\libgcc.a(_arm_addsubdf3.o)
                0x08000210                __aeabi_drsub
                0x08000218                __aeabi_dsub
                0x08000218                __subdf3
                0x0800021c                __aeabi_dadd
                0x0800021c                __adddf3
                0x08000494                __floatunsidf
                0x08000494                __aeabi_ui2d
                0x080004b4                __floatsidf
                0x080004b4                __aeabi_i2d
                0x080004d8                __aeabi_f2d
                0x080004d8                __extendsfdf2
                0x0800051c                __floatundidf
                0x0800051c                __aeabi_ul2d
                0x0800052c                __floatdidf
                0x0800052c                __aeabi_l2d
 .text          0x08000588      0x424 c:/ac6/systemworkbench/plugins/fr.ac6.mcu.externaltools.arm-none.win32_1.16.0.201807130628/tools/compiler/bin/../lib/gcc/arm-none-eabi/7.2.1/thumb/v7e-m/fpv4-sp/hard\libgcc.a(_arm_muldivdf3.o)
                0x08000588                __aeabi_dmul
                0x08000588                __muldf3
                0x080007dc                __divdf3
                0x080007dc                __aeabi_ddiv
 .text          0x080009ac       0x30 c:/ac6/systemworkbench/plugins/fr.ac6.mcu.externaltools.arm-none.win32_1.16.0.201807130628/tools/compiler/bin/../lib/gcc/arm-none-eabi/7.2.1/thumb/v7e-m/fpv4-sp/hard\libgcc.a(_aeabi_uldivmod.o)
                0x080009ac                __aeabi_uldivmod
 .text          0x080009dc      0x2cc c:/ac6/systemworkbench/plugins/fr.ac6.mcu.externaltools.arm-none.win32_1.16.0.201807130628/tools/compiler/bin/../lib/gcc/arm-none-eabi/7.2.1/thumb/v7e-m/fpv4-sp/hard\libgcc.a(_udivmoddi4.o)
                0x080009dc                __udivmoddi4
 .text          0x08000ca8        0x4 c:/ac6/systemworkbench/plugins/fr.ac6.mcu.externaltools.arm-none.win32_1.16.0.201807130628/tools/compiler/bin/../lib/gcc/arm-none-eabi/7.2.1/thumb/v7e-m/fpv4-sp/hard\libgcc.a(_dvmd_tls.o)
                0x08000ca8                __aeabi_idiv0
                0x08000ca8                __aeabi_ldiv0
 *(.text*)
 .text.HAL_Init
                0x08000cac       0x44 Drivers/STM32F4xx_HAL_Driver/Src/stm32f4xx_hal.o
                0x08000cac                HAL_Init
 .text.HAL_IncTick
                0x08000cf0       0x28 Drivers/STM32F4xx_HAL_Driver/Src/stm32f4xx_hal.o
                0x08000cf0                HAL_IncTick
 .text.HAL_GetTick
                0x08000d18       0x18 Drivers/STM32F4xx_HAL_Driver/Src/stm32f4xx_hal.o
                0x08000d18                HAL_GetTick
 .text.HAL_CAN_Init
                0x08000d30      0x1fa Drivers/STM32F4xx_HAL_Driver/Src/stm32f4xx_hal_can.o
                0x08000d30                HAL_CAN_Init
 *fill*         0x08000f2a        0x2 
 .text.HAL_CAN_ConfigFilter
                0x08000f2c      0x1c4 Drivers/STM32F4xx_HAL_Driver/Src/stm32f4xx_hal_can.o
                0x08000f2c                HAL_CAN_ConfigFilter
 .text.HAL_CAN_Start
                0x080010f0       0x8c Drivers/STM32F4xx_HAL_Driver/Src/stm32f4xx_hal_can.o
                0x080010f0                HAL_CAN_Start
 .text.HAL_CAN_AddTxMessage
                0x0800117c      0x1ac Drivers/STM32F4xx_HAL_Driver/Src/stm32f4xx_hal_can.o
                0x0800117c                HAL_CAN_AddTxMessage
 .text.HAL_CAN_GetRxMessage
                0x08001328      0x236 Drivers/STM32F4xx_HAL_Driver/Src/stm32f4xx_hal_can.o
                0x08001328                HAL_CAN_GetRxMessage
 .text.HAL_CAN_ActivateNotification
                0x0800155e       0x50 Drivers/STM32F4xx_HAL_Driver/Src/stm32f4xx_hal_can.o
                0x0800155e                HAL_CAN_ActivateNotification
 .text.HAL_CAN_IRQHandler
                0x080015ae      0x362 Drivers/STM32F4xx_HAL_Driver/Src/stm32f4xx_hal_can.o
                0x080015ae                HAL_CAN_IRQHandler
 .text.HAL_CAN_TxMailbox0CompleteCallback
                0x08001910       0x14 Drivers/STM32F4xx_HAL_Driver/Src/stm32f4xx_hal_can.o
                0x08001910                HAL_CAN_TxMailbox0CompleteCallback
 .text.HAL_CAN_TxMailbox1CompleteCallback
                0x08001924       0x14 Drivers/STM32F4xx_HAL_Driver/Src/stm32f4xx_hal_can.o
                0x08001924                HAL_CAN_TxMailbox1CompleteCallback
 .text.HAL_CAN_TxMailbox2CompleteCallback
                0x08001938       0x14 Drivers/STM32F4xx_HAL_Driver/Src/stm32f4xx_hal_can.o
                0x08001938                HAL_CAN_TxMailbox2CompleteCallback
 .text.HAL_CAN_TxMailbox0AbortCallback
                0x0800194c       0x14 Drivers/STM32F4xx_HAL_Driver/Src/stm32f4xx_hal_can.o
                0x0800194c                HAL_CAN_TxMailbox0AbortCallback
 .text.HAL_CAN_TxMailbox1AbortCallback
                0x08001960       0x14 Drivers/STM32F4xx_HAL_Driver/Src/stm32f4xx_hal_can.o
                0x08001960                HAL_CAN_TxMailbox1AbortCallback
 .text.HAL_CAN_TxMailbox2AbortCallback
                0x08001974       0x14 Drivers/STM32F4xx_HAL_Driver/Src/stm32f4xx_hal_can.o
                0x08001974                HAL_CAN_TxMailbox2AbortCallback
 .text.HAL_CAN_RxFifo0FullCallback
                0x08001988       0x14 Drivers/STM32F4xx_HAL_Driver/Src/stm32f4xx_hal_can.o
                0x08001988                HAL_CAN_RxFifo0FullCallback
 .text.HAL_CAN_RxFifo1FullCallback
                0x0800199c       0x14 Drivers/STM32F4xx_HAL_Driver/Src/stm32f4xx_hal_can.o
                0x0800199c                HAL_CAN_RxFifo1FullCallback
 .text.HAL_CAN_SleepCallback
                0x080019b0       0x14 Drivers/STM32F4xx_HAL_Driver/Src/stm32f4xx_hal_can.o
                0x080019b0                HAL_CAN_SleepCallback
 .text.HAL_CAN_WakeUpFromRxMsgCallback
                0x080019c4       0x14 Drivers/STM32F4xx_HAL_Driver/Src/stm32f4xx_hal_can.o
                0x080019c4                HAL_CAN_WakeUpFromRxMsgCallback
 .text.HAL_CAN_ErrorCallback
                0x080019d8       0x14 Drivers/STM32F4xx_HAL_Driver/Src/stm32f4xx_hal_can.o
                0x080019d8                HAL_CAN_ErrorCallback
 .text.NVIC_SetPriorityGrouping
                0x080019ec       0x48 Drivers/STM32F4xx_HAL_Driver/Src/stm32f4xx_hal_cortex.o
 .text.NVIC_GetPriorityGrouping
                0x08001a34       0x1c Drivers/STM32F4xx_HAL_Driver/Src/stm32f4xx_hal_cortex.o
 .text.NVIC_EnableIRQ
                0x08001a50       0x34 Drivers/STM32F4xx_HAL_Driver/Src/stm32f4xx_hal_cortex.o
 .text.NVIC_SetPriority
                0x08001a84       0x54 Drivers/STM32F4xx_HAL_Driver/Src/stm32f4xx_hal_cortex.o
 .text.NVIC_EncodePriority
                0x08001ad8       0x66 Drivers/STM32F4xx_HAL_Driver/Src/stm32f4xx_hal_cortex.o
 *fill*         0x08001b3e        0x2 
 .text.SysTick_Config
                0x08001b40       0x44 Drivers/STM32F4xx_HAL_Driver/Src/stm32f4xx_hal_cortex.o
 .text.HAL_NVIC_SetPriorityGrouping
                0x08001b84       0x16 Drivers/STM32F4xx_HAL_Driver/Src/stm32f4xx_hal_cortex.o
                0x08001b84                HAL_NVIC_SetPriorityGrouping
 .text.HAL_NVIC_SetPriority
                0x08001b9a       0x38 Drivers/STM32F4xx_HAL_Driver/Src/stm32f4xx_hal_cortex.o
                0x08001b9a                HAL_NVIC_SetPriority
 .text.HAL_NVIC_EnableIRQ
                0x08001bd2       0x1c Drivers/STM32F4xx_HAL_Driver/Src/stm32f4xx_hal_cortex.o
                0x08001bd2                HAL_NVIC_EnableIRQ
 .text.HAL_SYSTICK_Config
                0x08001bee       0x18 Drivers/STM32F4xx_HAL_Driver/Src/stm32f4xx_hal_cortex.o
                0x08001bee                HAL_SYSTICK_Config
 *fill*         0x08001c06        0x2 
 .text.HAL_SYSTICK_CLKSourceConfig
                0x08001c08       0x38 Drivers/STM32F4xx_HAL_Driver/Src/stm32f4xx_hal_cortex.o
                0x08001c08                HAL_SYSTICK_CLKSourceConfig
 .text.HAL_GPIO_Init
                0x08001c40      0x324 Drivers/STM32F4xx_HAL_Driver/Src/stm32f4xx_hal_gpio.o
                0x08001c40                HAL_GPIO_Init
 .text.HAL_RCC_ClockConfig
                0x08001f64      0x1c4 Drivers/STM32F4xx_HAL_Driver/Src/stm32f4xx_hal_rcc.o
                0x08001f64                HAL_RCC_ClockConfig
 .text.HAL_RCC_GetHCLKFreq
                0x08002128       0x18 Drivers/STM32F4xx_HAL_Driver/Src/stm32f4xx_hal_rcc.o
                0x08002128                HAL_RCC_GetHCLKFreq
 .text.HAL_RCC_GetPCLK2Freq
                0x08002140       0x28 Drivers/STM32F4xx_HAL_Driver/Src/stm32f4xx_hal_rcc.o
                0x08002140                HAL_RCC_GetPCLK2Freq
 .text.HAL_RCC_GetClockConfig
                0x08002168       0x64 Drivers/STM32F4xx_HAL_Driver/Src/stm32f4xx_hal_rcc.o
                0x08002168                HAL_RCC_GetClockConfig
 .text.HAL_RCC_GetSysClockFreq
                0x080021cc      0x2a4 Drivers/STM32F4xx_HAL_Driver/Src/stm32f4xx_hal_rcc_ex.o
                0x080021cc                HAL_RCC_GetSysClockFreq
 .text.HAL_RCC_OscConfig
                0x08002470      0x4b4 Drivers/STM32F4xx_HAL_Driver/Src/stm32f4xx_hal_rcc_ex.o
                0x08002470                HAL_RCC_OscConfig
 .text.HAL_TIM_Base_Init
                0x08002924       0x56 Drivers/STM32F4xx_HAL_Driver/Src/stm32f4xx_hal_tim.o
                0x08002924                HAL_TIM_Base_Init
 .text.HAL_TIM_Base_MspInit
                0x0800297a       0x14 Drivers/STM32F4xx_HAL_Driver/Src/stm32f4xx_hal_tim.o
                0x0800297a                HAL_TIM_Base_MspInit
 .text.HAL_TIM_Base_Start_IT
                0x0800298e       0x36 Drivers/STM32F4xx_HAL_Driver/Src/stm32f4xx_hal_tim.o
                0x0800298e                HAL_TIM_Base_Start_IT
 .text.HAL_TIM_IRQHandler
                0x080029c4      0x210 Drivers/STM32F4xx_HAL_Driver/Src/stm32f4xx_hal_tim.o
                0x080029c4                HAL_TIM_IRQHandler
 .text.HAL_TIM_OC_DelayElapsedCallback
                0x08002bd4       0x14 Drivers/STM32F4xx_HAL_Driver/Src/stm32f4xx_hal_tim.o
                0x08002bd4                HAL_TIM_OC_DelayElapsedCallback
 .text.HAL_TIM_IC_CaptureCallback
                0x08002be8       0x14 Drivers/STM32F4xx_HAL_Driver/Src/stm32f4xx_hal_tim.o
                0x08002be8                HAL_TIM_IC_CaptureCallback
 .text.HAL_TIM_PWM_PulseFinishedCallback
                0x08002bfc       0x14 Drivers/STM32F4xx_HAL_Driver/Src/stm32f4xx_hal_tim.o
                0x08002bfc                HAL_TIM_PWM_PulseFinishedCallback
 .text.HAL_TIM_TriggerCallback
                0x08002c10       0x14 Drivers/STM32F4xx_HAL_Driver/Src/stm32f4xx_hal_tim.o
                0x08002c10                HAL_TIM_TriggerCallback
 .text.TIM_Base_SetConfig
                0x08002c24      0x154 Drivers/STM32F4xx_HAL_Driver/Src/stm32f4xx_hal_tim.o
                0x08002c24                TIM_Base_SetConfig
 .text.HAL_TIMEx_CommutationCallback
                0x08002d78       0x14 Drivers/STM32F4xx_HAL_Driver/Src/stm32f4xx_hal_tim_ex.o
                0x08002d78                HAL_TIMEx_CommutationCallback
 .text.HAL_TIMEx_BreakCallback
                0x08002d8c       0x14 Drivers/STM32F4xx_HAL_Driver/Src/stm32f4xx_hal_tim_ex.o
                0x08002d8c                HAL_TIMEx_BreakCallback
 .text.makeFreeRtosPriority
                0x08002da0       0x30 Middlewares/Third_Party/FreeRTOS/Source/CMSIS_RTOS/cmsis_os.o
 .text.osKernelStart
                0x08002dd0        0xe Middlewares/Third_Party/FreeRTOS/Source/CMSIS_RTOS/cmsis_os.o
                0x08002dd0                osKernelStart
 .text.osThreadCreate
                0x08002dde       0x4e Middlewares/Third_Party/FreeRTOS/Source/CMSIS_RTOS/cmsis_os.o
                0x08002dde                osThreadCreate
 .text.osDelay  0x08002e2c       0x28 Middlewares/Third_Party/FreeRTOS/Source/CMSIS_RTOS/cmsis_os.o
                0x08002e2c                osDelay
 .text.osSystickHandler
                0x08002e54       0x16 Middlewares/Third_Party/FreeRTOS/Source/CMSIS_RTOS/cmsis_os.o
                0x08002e54                osSystickHandler
 .text.vListInitialise
                0x08002e6a       0x40 Middlewares/Third_Party/FreeRTOS/Source/list.o
                0x08002e6a                vListInitialise
 .text.vListInitialiseItem
                0x08002eaa       0x1a Middlewares/Third_Party/FreeRTOS/Source/list.o
                0x08002eaa                vListInitialiseItem
 .text.vListInsertEnd
                0x08002ec4       0x48 Middlewares/Third_Party/FreeRTOS/Source/list.o
                0x08002ec4                vListInsertEnd
 .text.vListInsert
                0x08002f0c       0x72 Middlewares/Third_Party/FreeRTOS/Source/list.o
                0x08002f0c                vListInsert
 .text.uxListRemove
                0x08002f7e       0x54 Middlewares/Third_Party/FreeRTOS/Source/list.o
                0x08002f7e                uxListRemove
 .text.xTaskCreate
                0x08002fd2       0x82 Middlewares/Third_Party/FreeRTOS/Source/tasks.o
                0x08002fd2                xTaskCreate
 .text.prvInitialiseNewTask
                0x08003054       0xfc Middlewares/Third_Party/FreeRTOS/Source/tasks.o
 .text.prvAddNewTaskToReadyList
                0x08003150       0xd4 Middlewares/Third_Party/FreeRTOS/Source/tasks.o
 .text.vTaskDelay
                0x08003224       0x68 Middlewares/Third_Party/FreeRTOS/Source/tasks.o
                0x08003224                vTaskDelay
 .text.vTaskStartScheduler
                0x0800328c       0x8c Middlewares/Third_Party/FreeRTOS/Source/tasks.o
                0x0800328c                vTaskStartScheduler
 .text.vTaskSuspendAll
                0x08003318       0x1c Middlewares/Third_Party/FreeRTOS/Source/tasks.o
                0x08003318                vTaskSuspendAll
 .text.xTaskResumeAll
                0x08003334      0x138 Middlewares/Third_Party/FreeRTOS/Source/tasks.o
                0x08003334                xTaskResumeAll
 .text.xTaskIncrementTick
                0x0800346c      0x178 Middlewares/Third_Party/FreeRTOS/Source/tasks.o
                0x0800346c                xTaskIncrementTick
 .text.vTaskSwitchContext
                0x080035e4       0xb4 Middlewares/Third_Party/FreeRTOS/Source/tasks.o
                0x080035e4                vTaskSwitchContext
 .text.prvIdleTask
                0x08003698       0x30 Middlewares/Third_Party/FreeRTOS/Source/tasks.o
 .text.prvInitialiseTaskLists
                0x080036c8       0x80 Middlewares/Third_Party/FreeRTOS/Source/tasks.o
 .text.prvCheckTasksWaitingTermination
                0x08003748       0x78 Middlewares/Third_Party/FreeRTOS/Source/tasks.o
 .text.prvDeleteTCB
                0x080037c0       0x20 Middlewares/Third_Party/FreeRTOS/Source/tasks.o
 .text.prvResetNextTaskUnblockTime
                0x080037e0       0x4c Middlewares/Third_Party/FreeRTOS/Source/tasks.o
 .text.xTaskGetSchedulerState
                0x0800382c       0x3c Middlewares/Third_Party/FreeRTOS/Source/tasks.o
                0x0800382c                xTaskGetSchedulerState
 .text.prvAddCurrentTaskToDelayedList
                0x08003868       0xcc Middlewares/Third_Party/FreeRTOS/Source/tasks.o
 .text.pxPortInitialiseStack
                0x08003934       0x68 Middlewares/Third_Party/FreeRTOS/Source/portable/GCC/ARM_CM4F/port.o
                0x08003934                pxPortInitialiseStack
 .text.prvTaskExitError
                0x0800399c       0x3c Middlewares/Third_Party/FreeRTOS/Source/portable/GCC/ARM_CM4F/port.o
 *fill*         0x080039d8        0x8 
 .text.SVC_Handler
                0x080039e0       0x28 Middlewares/Third_Party/FreeRTOS/Source/portable/GCC/ARM_CM4F/port.o
                0x080039e0                SVC_Handler
 .text.prvPortStartFirstTask
                0x08003a08       0x20 Middlewares/Third_Party/FreeRTOS/Source/portable/GCC/ARM_CM4F/port.o
 .text.xPortStartScheduler
                0x08003a28      0x118 Middlewares/Third_Party/FreeRTOS/Source/portable/GCC/ARM_CM4F/port.o
                0x08003a28                xPortStartScheduler
 .text.vPortEnterCritical
                0x08003b40       0x5c Middlewares/Third_Party/FreeRTOS/Source/portable/GCC/ARM_CM4F/port.o
                0x08003b40                vPortEnterCritical
 .text.vPortExitCritical
                0x08003b9c       0x50 Middlewares/Third_Party/FreeRTOS/Source/portable/GCC/ARM_CM4F/port.o
                0x08003b9c                vPortExitCritical
 *fill*         0x08003bec        0x4 
 .text.PendSV_Handler
                0x08003bf0       0x68 Middlewares/Third_Party/FreeRTOS/Source/portable/GCC/ARM_CM4F/port.o
                0x08003bf0                PendSV_Handler
 .text.xPortSysTickHandler
                0x08003c58       0x40 Middlewares/Third_Party/FreeRTOS/Source/portable/GCC/ARM_CM4F/port.o
                0x08003c58                xPortSysTickHandler
 .text.vPortSetupTimerInterrupt
                0x08003c98       0x38 Middlewares/Third_Party/FreeRTOS/Source/portable/GCC/ARM_CM4F/port.o
                0x08003c98                vPortSetupTimerInterrupt
 .text.vPortEnableVFP
                0x08003cd0       0x14 Middlewares/Third_Party/FreeRTOS/Source/portable/GCC/ARM_CM4F/port.o
 .text.pvPortMalloc
                0x08003ce4      0x184 Middlewares/Third_Party/FreeRTOS/Source/portable/MemMang/heap_4.o
                0x08003ce4                pvPortMalloc
 .text.vPortFree
                0x08003e68       0xb0 Middlewares/Third_Party/FreeRTOS/Source/portable/MemMang/heap_4.o
                0x08003e68                vPortFree
 .text.prvHeapInit
                0x08003f18       0xc4 Middlewares/Third_Party/FreeRTOS/Source/portable/MemMang/heap_4.o
 .text.prvInsertBlockIntoFreeList
                0x08003fdc       0xb4 Middlewares/Third_Party/FreeRTOS/Source/portable/MemMang/heap_4.o
 .text._Z22pushECU2_ABAC_ECU_Respv
                0x08004090       0x30 Src/ABAC_Com_20181007_dbc.o
                0x08004090                pushECU2_ABAC_ECU_Resp()
 .text._Z31pullPDP_ABAC_Unlock_ResourceMsgv
                0x080040c0       0x70 Src/ABAC_Com_20181007_dbc.o
                0x080040c0                pullPDP_ABAC_Unlock_ResourceMsg()
 .text._ZN11CSignalVar1ItEC2Ehhhtmlllh
                0x08004130       0x58 Src/ABAC_Com_20181007_dbc.o
                0x08004130                CSignalVar1<unsigned short>::CSignalVar1(unsigned char, unsigned char, unsigned char, unsigned short, unsigned long, long, long, long, unsigned char)
                0x08004130                CSignalVar1<unsigned short>::CSignalVar1(unsigned char, unsigned char, unsigned char, unsigned short, unsigned long, long, long, long, unsigned char)
 .text._ZN11CSignalVar1IhEC2Ehhhhmlllh
                0x08004188       0x58 Src/ABAC_Com_20181007_dbc.o
                0x08004188                CSignalVar1<unsigned char>::CSignalVar1(unsigned char, unsigned char, unsigned char, unsigned char, unsigned long, long, long, long, unsigned char)
                0x08004188                CSignalVar1<unsigned char>::CSignalVar1(unsigned char, unsigned char, unsigned char, unsigned char, unsigned long, long, long, long, unsigned char)
 .text._ZN8CMessageIyEC2Etthhtthtt
                0x080041e0       0x66 Src/ABAC_Com_20181007_dbc.o
                0x080041e0                CMessage<unsigned long long>::CMessage(unsigned short, unsigned short, unsigned char, unsigned char, unsigned short, unsigned short, unsigned char, unsigned short, unsigned short)
                0x080041e0                CMessage<unsigned long long>::CMessage(unsigned short, unsigned short, unsigned char, unsigned char, unsigned short, unsigned short, unsigned char, unsigned short, unsigned short)
 .text._ZN8CMessageIyE4pushItEEiP11CSignalVar1IT_E
                0x08004246       0xd0 Src/ABAC_Com_20181007_dbc.o
                0x08004246                int CMessage<unsigned long long>::push<unsigned short>(CSignalVar1<unsigned short>*)
 .text._ZN8CMessageIyE4pushIhEEiP11CSignalVar1IT_E
                0x08004316       0xd0 Src/ABAC_Com_20181007_dbc.o
                0x08004316                int CMessage<unsigned long long>::push<unsigned char>(CSignalVar1<unsigned char>*)
 .text._ZN8CMessageIyE9getPtrMsgEv
                0x080043e6       0x18 Src/ABAC_Com_20181007_dbc.o
                0x080043e6                CMessage<unsigned long long>::getPtrMsg()
 .text._ZN11CSignalBaseItmllE6updateERy
                0x080043fe      0x104 Src/ABAC_Com_20181007_dbc.o
                0x080043fe                CSignalBase<unsigned short, unsigned long, long, long>::update(unsigned long long&)
 .text._ZN11CSignalBaseIhmllE6updateERy
                0x08004502      0x104 Src/ABAC_Com_20181007_dbc.o
                0x08004502                CSignalBase<unsigned char, unsigned long, long, long>::update(unsigned long long&)
 .text._ZN11CSignalBaseItmllEC2Ehhhtmlllh
                0x08004606       0x66 Src/ABAC_Com_20181007_dbc.o
                0x08004606                CSignalBase<unsigned short, unsigned long, long, long>::CSignalBase(unsigned char, unsigned char, unsigned char, unsigned short, unsigned long, long, long, long, unsigned char)
                0x08004606                CSignalBase<unsigned short, unsigned long, long, long>::CSignalBase(unsigned char, unsigned char, unsigned char, unsigned short, unsigned long, long, long, long, unsigned char)
 .text._ZN11CSignalBaseItmllE9setValuesEt
                0x0800466c       0x66 Src/ABAC_Com_20181007_dbc.o
                0x0800466c                CSignalBase<unsigned short, unsigned long, long, long>::setValues(unsigned short)
 .text._ZN11CSignalBaseIhmllEC2Ehhhhmlllh
                0x080046d2       0x66 Src/ABAC_Com_20181007_dbc.o
                0x080046d2                CSignalBase<unsigned char, unsigned long, long, long>::CSignalBase(unsigned char, unsigned char, unsigned char, unsigned char, unsigned long, long, long, long, unsigned char)
                0x080046d2                CSignalBase<unsigned char, unsigned long, long, long>::CSignalBase(unsigned char, unsigned char, unsigned char, unsigned char, unsigned long, long, long, long, unsigned char)
 .text._ZN11CSignalBaseIhmllE9setValuesEh
                0x08004738       0x68 Src/ABAC_Com_20181007_dbc.o
                0x08004738                CSignalBase<unsigned char, unsigned long, long, long>::setValues(unsigned char)
 .text._ZN11CSignalBaseItmllE11getStartBitEv
                0x080047a0       0x18 Src/ABAC_Com_20181007_dbc.o
                0x080047a0                CSignalBase<unsigned short, unsigned long, long, long>::getStartBit()
 .text._ZN11CSignalBaseItmllE9getLengthEv
                0x080047b8       0x18 Src/ABAC_Com_20181007_dbc.o
                0x080047b8                CSignalBase<unsigned short, unsigned long, long, long>::getLength()
 .text._ZN11CSignalBaseItmllE11getRawValueEv
                0x080047d0       0x18 Src/ABAC_Com_20181007_dbc.o
                0x080047d0                CSignalBase<unsigned short, unsigned long, long, long>::getRawValue()
 .text._Z9clearMaskIyET_Rh
                0x080047e8       0x24 Src/ABAC_Com_20181007_dbc.o
                0x080047e8                unsigned long long clearMask<unsigned long long>(unsigned char&)
 .text._Z7setMaskIyET_iRh
                0x0800480c       0x2a Src/ABAC_Com_20181007_dbc.o
                0x0800480c                unsigned long long setMask<unsigned long long>(int, unsigned char&)
 .text._ZN11CSignalBaseIhmllE11getStartBitEv
                0x08004836       0x18 Src/ABAC_Com_20181007_dbc.o
                0x08004836                CSignalBase<unsigned char, unsigned long, long, long>::getStartBit()
 .text._ZN11CSignalBaseIhmllE9getLengthEv
                0x0800484e       0x18 Src/ABAC_Com_20181007_dbc.o
                0x0800484e                CSignalBase<unsigned char, unsigned long, long, long>::getLength()
 .text._ZN11CSignalBaseIhmllE11getRawValueEv
                0x08004866       0x1a Src/ABAC_Com_20181007_dbc.o
                0x08004866                CSignalBase<unsigned char, unsigned long, long, long>::getRawValue()
 .text._ZN11CSignalBaseItmllE10getStopBitEv
                0x08004880       0x18 Src/ABAC_Com_20181007_dbc.o
                0x08004880                CSignalBase<unsigned short, unsigned long, long, long>::getStopBit()
 .text._ZN11CSignalBaseIhmllE10getStopBitEv
                0x08004898       0x18 Src/ABAC_Com_20181007_dbc.o
                0x08004898                CSignalBase<unsigned char, unsigned long, long, long>::getStopBit()
 .text._Z41__static_initialization_and_destruction_0ii
                0x080048b0      0xa84 Src/ABAC_Com_20181007_dbc.o
 .text._GLOBAL__sub_I_ABAC_InformationMsg_ABAC_Attribute_ID
                0x08005334       0x10 Src/ABAC_Com_20181007_dbc.o
 .text._ZN9AttributeC2Ev
                0x08005344       0x28 Src/Attribute.o
                0x08005344                Attribute::Attribute()
                0x08005344                Attribute::Attribute()
 .text._ZN9AttributeC2Ett17AttributeCategory
                0x0800536c       0x3a Src/Attribute.o
                0x0800536c                Attribute::Attribute(unsigned short, unsigned short, AttributeCategory)
                0x0800536c                Attribute::Attribute(unsigned short, unsigned short, AttributeCategory)
 .text._ZN9Attribute3setEtt17AttributeCategory
                0x080053a6       0x38 Src/Attribute.o
                0x080053a6                Attribute::set(unsigned short, unsigned short, AttributeCategory)
 .text._ZNK9Attribute5getIDEv
                0x080053de       0x18 Src/Attribute.o
                0x080053de                Attribute::getID() const
 .text._ZNK9Attribute8getValueEv
                0x080053f6       0x18 Src/Attribute.o
                0x080053f6                Attribute::getValue() const
 .text._ZNK9Attribute11getCategoryEv
                0x0800540e       0x18 Src/Attribute.o
                0x0800540e                Attribute::getCategory() const
 .text._ZNK9AttributeeqERKS_
                0x08005426       0x40 Src/Attribute.o
                0x08005426                Attribute::operator==(Attribute const&) const
 .text._ZN9AttributeaSERKS_
                0x08005466       0x2e Src/Attribute.o
                0x08005466                Attribute::operator=(Attribute const&)
 .text._Z16attributeToFrame9AttributePh
                0x08005494       0x82 Src/main.o
                0x08005494                attributeToFrame(Attribute, unsigned char*)
 .text._Z16frameToAttributePh
                0x08005516       0x5e Src/main.o
                0x08005516                frameToAttribute(unsigned char*)
 .text._Z9sendNonce9Attribute
                0x08005574       0x84 Src/main.o
                0x08005574                sendNonce(Attribute)
 .text.main     0x080055f8       0x78 Src/main.o
                0x080055f8                main
 .text.SystemClock_Config
                0x08005670      0x108 Src/main.o
                0x08005670                SystemClock_Config
 .text.MX_NVIC_Init
                0x08005778       0x88 Src/main.o
 .text.MX_CAN1_Init
                0x08005800       0x80 Src/main.o
 .text.MX_CAN2_Init
                0x08005880       0x80 Src/main.o
 .text.MX_GPIO_Init
                0x08005900       0x50 Src/main.o
 .text.CAN_Config
                0x08005950      0x138 Src/main.o
 .text.HAL_CAN_RxFifo0MsgPendingCallback
                0x08005a88      0x250 Src/main.o
                0x08005a88                HAL_CAN_RxFifo0MsgPendingCallback
 .text.HAL_CAN_RxFifo1MsgPendingCallback
                0x08005cd8       0x48 Src/main.o
                0x08005cd8                HAL_CAN_RxFifo1MsgPendingCallback
 .text._Z4send8CMessageIyE19__CAN_HandleTypeDef
                0x08005d20       0x70 Src/main.o
                0x08005d20                send(CMessage<unsigned long long>, __CAN_HandleTypeDef)
 .text.Thread_Main
                0x08005d90       0x74 Src/main.o
                0x08005d90                Thread_Main
 .text.Thread_Nonce_Gen
                0x08005e04       0x20 Src/main.o
                0x08005e04                Thread_Nonce_Gen
 .text.HAL_TIM_PeriodElapsedCallback
                0x08005e24       0x24 Src/main.o
                0x08005e24                HAL_TIM_PeriodElapsedCallback
 .text._Error_Handler
                0x08005e48        0xc Src/main.o
                0x08005e48                _Error_Handler
 .text._ZN8CMessageIyE5MergeEPh
                0x08005e54       0x26 Src/main.o
                0x08005e54                CMessage<unsigned long long>::Merge(unsigned char*)
 .text._ZN8CMessageIyE5getIDEv
                0x08005e7a       0x18 Src/main.o
                0x08005e7a                CMessage<unsigned long long>::getID()
 .text._ZN8CMessageIyE7getDataEv
                0x08005e92       0x18 Src/main.o
                0x08005e92                CMessage<unsigned long long>::getData()
 .text._ZN8CMessageIyE6getDLCEv
                0x08005eaa       0x18 Src/main.o
                0x08005eaa                CMessage<unsigned long long>::getDLC()
 *fill*         0x08005ec2        0x2 
 .text._Z41__static_initialization_and_destruction_0ii
                0x08005ec4       0x4c Src/main.o
 .text._GLOBAL__sub_I_hcan1
                0x08005f10       0x10 Src/main.o
 .text.HAL_MspInit
                0x08005f20       0xa4 Src/stm32f4xx_hal_msp.o
                0x08005f20                HAL_MspInit
 .text.HAL_CAN_MspInit
                0x08005fc4       0xfc Src/stm32f4xx_hal_msp.o
                0x08005fc4                HAL_CAN_MspInit
 .text.HAL_InitTick
                0x080060c0       0xb4 Src/stm32f4xx_hal_timebase_TIM.o
                0x080060c0                HAL_InitTick
 .text.NMI_Handler
                0x08006174        0xe Src/stm32f4xx_it.o
                0x08006174                NMI_Handler
 .text.HardFault_Handler
                0x08006182        0x6 Src/stm32f4xx_it.o
                0x08006182                HardFault_Handler
 .text.MemManage_Handler
                0x08006188        0x6 Src/stm32f4xx_it.o
                0x08006188                MemManage_Handler
 .text.BusFault_Handler
                0x0800618e        0x6 Src/stm32f4xx_it.o
                0x0800618e                BusFault_Handler
 .text.UsageFault_Handler
                0x08006194        0x6 Src/stm32f4xx_it.o
                0x08006194                UsageFault_Handler
 .text.DebugMon_Handler
                0x0800619a        0xe Src/stm32f4xx_it.o
                0x0800619a                DebugMon_Handler
 .text.SysTick_Handler
                0x080061a8        0xc Src/stm32f4xx_it.o
                0x080061a8                SysTick_Handler
 .text.CAN1_TX_IRQHandler
                0x080061b4       0x14 Src/stm32f4xx_it.o
                0x080061b4                CAN1_TX_IRQHandler
 .text.CAN1_RX0_IRQHandler
                0x080061c8       0x14 Src/stm32f4xx_it.o
                0x080061c8                CAN1_RX0_IRQHandler
 .text.CAN1_RX1_IRQHandler
                0x080061dc       0x14 Src/stm32f4xx_it.o
                0x080061dc                CAN1_RX1_IRQHandler
 .text.CAN1_SCE_IRQHandler
                0x080061f0       0x14 Src/stm32f4xx_it.o
                0x080061f0                CAN1_SCE_IRQHandler
 .text.TIM1_UP_TIM10_IRQHandler
                0x08006204       0x14 Src/stm32f4xx_it.o
                0x08006204                TIM1_UP_TIM10_IRQHandler
 .text.CAN2_TX_IRQHandler
                0x08006218       0x14 Src/stm32f4xx_it.o
                0x08006218                CAN2_TX_IRQHandler
 .text.CAN2_RX0_IRQHandler
                0x0800622c       0x14 Src/stm32f4xx_it.o
                0x0800622c                CAN2_RX0_IRQHandler
 .text.CAN2_RX1_IRQHandler
                0x08006240       0x14 Src/stm32f4xx_it.o
                0x08006240                CAN2_RX1_IRQHandler
 .text.CAN2_SCE_IRQHandler
                0x08006254       0x14 Src/stm32f4xx_it.o
                0x08006254                CAN2_SCE_IRQHandler
 .text.SystemInit
                0x08006268       0x6c Src/system_stm32f4xx.o
                0x08006268                SystemInit
 .text.Reset_Handler
                0x080062d4       0x50 startup/startup_stm32f446xx.o
                0x080062d4                Reset_Handler
 .text.Default_Handler
                0x08006324        0x2 startup/startup_stm32f446xx.o
                0x08006324                RTC_Alarm_IRQHandler
                0x08006324                EXTI2_IRQHandler
                0x08006324                TIM8_CC_IRQHandler
                0x08006324                SPI4_IRQHandler
                0x08006324                TIM1_CC_IRQHandler
                0x08006324                DMA2_Stream5_IRQHandler
                0x08006324                DMA1_Stream5_IRQHandler
                0x08006324                PVD_IRQHandler
                0x08006324                SDIO_IRQHandler
                0x08006324                TAMP_STAMP_IRQHandler
                0x08006324                EXTI3_IRQHandler
                0x08006324                TIM8_TRG_COM_TIM14_IRQHandler
                0x08006324                TIM8_UP_TIM13_IRQHandler
                0x08006324                I2C3_ER_IRQHandler
                0x08006324                FMPI2C1_Event_IRQHandler
                0x08006324                EXTI0_IRQHandler
                0x08006324                I2C2_EV_IRQHandler
                0x08006324                DMA1_Stream2_IRQHandler
                0x08006324                FPU_IRQHandler
                0x08006324                OTG_HS_WKUP_IRQHandler
                0x08006324                DMA2_Stream2_IRQHandler
                0x08006324                SPI1_IRQHandler
                0x08006324                TIM6_DAC_IRQHandler
                0x08006324                TIM1_BRK_TIM9_IRQHandler
                0x08006324                DCMI_IRQHandler
                0x08006324                DMA2_Stream3_IRQHandler
                0x08006324                SAI2_IRQHandler
                0x08006324                USART6_IRQHandler
                0x08006324                USART3_IRQHandler
                0x08006324                UART5_IRQHandler
                0x08006324                DMA2_Stream0_IRQHandler
                0x08006324                TIM4_IRQHandler
                0x08006324                QUADSPI_IRQHandler
                0x08006324                I2C1_EV_IRQHandler
                0x08006324                DMA1_Stream6_IRQHandler
                0x08006324                DMA1_Stream1_IRQHandler
                0x08006324                UART4_IRQHandler
                0x08006324                TIM3_IRQHandler
                0x08006324                RCC_IRQHandler
                0x08006324                TIM8_BRK_TIM12_IRQHandler
                0x08006324                Default_Handler
                0x08006324                CEC_IRQHandler
                0x08006324                EXTI15_10_IRQHandler
                0x08006324                ADC_IRQHandler
                0x08006324                DMA1_Stream7_IRQHandler
                0x08006324                TIM7_IRQHandler
                0x08006324                TIM5_IRQHandler
                0x08006324                DMA2_Stream7_IRQHandler
                0x08006324                I2C3_EV_IRQHandler
                0x08006324                EXTI9_5_IRQHandler
                0x08006324                RTC_WKUP_IRQHandler
                0x08006324                SPDIF_RX_IRQHandler
                0x08006324                SPI2_IRQHandler
                0x08006324                OTG_HS_EP1_IN_IRQHandler
                0x08006324                DMA1_Stream0_IRQHandler
                0x08006324                EXTI4_IRQHandler
                0x08006324                OTG_HS_EP1_OUT_IRQHandler
                0x08006324                WWDG_IRQHandler
                0x08006324                TIM2_IRQHandler
                0x08006324                OTG_FS_WKUP_IRQHandler
                0x08006324                TIM1_TRG_COM_TIM11_IRQHandler
                0x08006324                OTG_HS_IRQHandler
                0x08006324                EXTI1_IRQHandler
                0x08006324                USART2_IRQHandler
                0x08006324                I2C2_ER_IRQHandler
                0x08006324                DMA2_Stream1_IRQHandler
                0x08006324                FLASH_IRQHandler
                0x08006324                DMA2_Stream4_IRQHandler
                0x08006324                USART1_IRQHandler
                0x08006324                OTG_FS_IRQHandler
                0x08006324                SPI3_IRQHandler
                0x08006324                DMA1_Stream4_IRQHandler
                0x08006324                I2C1_ER_IRQHandler
                0x08006324                FMC_IRQHandler
                0x08006324                DMA2_Stream6_IRQHandler
                0x08006324                SAI1_IRQHandler
                0x08006324                DMA1_Stream3_IRQHandler
                0x08006324                FMPI2C1_Error_IRQHandler
 *fill*         0x08006326        0x2 
 .text.__libc_init_array
                0x08006328       0x48 c:/ac6/systemworkbench/plugins/fr.ac6.mcu.externaltools.arm-none.win32_1.16.0.201807130628/tools/compiler/bin/../lib/gcc/arm-none-eabi/7.2.1/../../../../arm-none-eabi/lib/thumb/v7e-m/fpv4-sp/hard\libc_nano.a(lib_a-init.o)
                0x08006328                __libc_init_array
 .text.memcpy   0x08006370       0x16 c:/ac6/systemworkbench/plugins/fr.ac6.mcu.externaltools.arm-none.win32_1.16.0.201807130628/tools/compiler/bin/../lib/gcc/arm-none-eabi/7.2.1/../../../../arm-none-eabi/lib/thumb/v7e-m/fpv4-sp/hard\libc_nano.a(lib_a-memcpy-stub.o)
                0x08006370                memcpy
 *(.glue_7)
 .glue_7        0x08006386        0x0 linker stubs
 *(.glue_7t)
 .glue_7t       0x08006386        0x0 linker stubs
 *(.eh_frame)
 *fill*         0x08006386        0x2 
 .eh_frame      0x08006388        0x0 c:/ac6/systemworkbench/plugins/fr.ac6.mcu.externaltools.arm-none.win32_1.16.0.201807130628/tools/compiler/bin/../lib/gcc/arm-none-eabi/7.2.1/thumb/v7e-m/fpv4-sp/hard/crtbegin.o
 *(.init)
 .init          0x08006388        0x4 c:/ac6/systemworkbench/plugins/fr.ac6.mcu.externaltools.arm-none.win32_1.16.0.201807130628/tools/compiler/bin/../lib/gcc/arm-none-eabi/7.2.1/thumb/v7e-m/fpv4-sp/hard/crti.o
                0x08006388                _init
 .init          0x0800638c        0x8 c:/ac6/systemworkbench/plugins/fr.ac6.mcu.externaltools.arm-none.win32_1.16.0.201807130628/tools/compiler/bin/../lib/gcc/arm-none-eabi/7.2.1/thumb/v7e-m/fpv4-sp/hard/crtn.o
 *(.fini)
 .fini          0x08006394        0x4 c:/ac6/systemworkbench/plugins/fr.ac6.mcu.externaltools.arm-none.win32_1.16.0.201807130628/tools/compiler/bin/../lib/gcc/arm-none-eabi/7.2.1/thumb/v7e-m/fpv4-sp/hard/crti.o
                0x08006394                _fini
 .fini          0x08006398        0x8 c:/ac6/systemworkbench/plugins/fr.ac6.mcu.externaltools.arm-none.win32_1.16.0.201807130628/tools/compiler/bin/../lib/gcc/arm-none-eabi/7.2.1/thumb/v7e-m/fpv4-sp/hard/crtn.o
                0x080063a0                . = ALIGN (0x4)
                0x080063a0                _etext = .

.vfp11_veneer   0x080063a0        0x0
 .vfp11_veneer  0x080063a0        0x0 linker stubs

.v4_bx          0x080063a0        0x0
 .v4_bx         0x080063a0        0x0 linker stubs

.iplt           0x080063a0        0x0
 .iplt          0x080063a0        0x0 c:/ac6/systemworkbench/plugins/fr.ac6.mcu.externaltools.arm-none.win32_1.16.0.201807130628/tools/compiler/bin/../lib/gcc/arm-none-eabi/7.2.1/thumb/v7e-m/fpv4-sp/hard/crtbegin.o

.rodata         0x080063a0       0x68
                0x080063a0                . = ALIGN (0x4)
 *(.rodata)
 .rodata        0x080063a0        0x5 Middlewares/Third_Party/FreeRTOS/Source/tasks.o
 *fill*         0x080063a5        0x3 
 .rodata        0x080063a8       0x48 Src/main.o
 .rodata        0x080063f0       0x18 Src/system_stm32f4xx.o
                0x080063f0                AHBPrescTable
                0x08006400                APBPrescTable
 *(.rodata*)
                0x08006408                . = ALIGN (0x4)

.ARM.extab
 *(.ARM.extab* .gnu.linkonce.armextab.*)

.ARM            0x08006408        0x8
                0x08006408                __exidx_start = .
 *(.ARM.exidx*)
 .ARM.exidx     0x08006408        0x8 c:/ac6/systemworkbench/plugins/fr.ac6.mcu.externaltools.arm-none.win32_1.16.0.201807130628/tools/compiler/bin/../lib/gcc/arm-none-eabi/7.2.1/thumb/v7e-m/fpv4-sp/hard\libgcc.a(_udivmoddi4.o)
                0x08006410                __exidx_end = .

.rel.dyn        0x08006410        0x0
 .rel.iplt      0x08006410        0x0 c:/ac6/systemworkbench/plugins/fr.ac6.mcu.externaltools.arm-none.win32_1.16.0.201807130628/tools/compiler/bin/../lib/gcc/arm-none-eabi/7.2.1/thumb/v7e-m/fpv4-sp/hard/crtbegin.o

.preinit_array  0x08006410        0x0
                0x08006410                PROVIDE (__preinit_array_start, .)
 *(.preinit_array*)
                0x08006410                PROVIDE (__preinit_array_end, .)

.init_array     0x08006410        0xc
                0x08006410                PROVIDE (__init_array_start, .)
 *(SORT_BY_NAME(.init_array.*))
 *(.init_array*)
 .init_array    0x08006410        0x4 c:/ac6/systemworkbench/plugins/fr.ac6.mcu.externaltools.arm-none.win32_1.16.0.201807130628/tools/compiler/bin/../lib/gcc/arm-none-eabi/7.2.1/thumb/v7e-m/fpv4-sp/hard/crtbegin.o
 .init_array    0x08006414        0x4 Src/ABAC_Com_20181007_dbc.o
 .init_array    0x08006418        0x4 Src/main.o
                0x0800641c                PROVIDE (__init_array_end, .)

.fini_array     0x0800641c        0x4
                [!provide]                PROVIDE (__fini_array_start, .)
 *(SORT_BY_NAME(.fini_array.*))
 *(.fini_array*)
 .fini_array    0x0800641c        0x4 c:/ac6/systemworkbench/plugins/fr.ac6.mcu.externaltools.arm-none.win32_1.16.0.201807130628/tools/compiler/bin/../lib/gcc/arm-none-eabi/7.2.1/thumb/v7e-m/fpv4-sp/hard/crtbegin.o
                [!provide]                PROVIDE (__fini_array_end, .)
                0x08006420                _sidata = LOADADDR (.data)

.data           0x20000000       0x10 load address 0x08006420
                0x20000000                . = ALIGN (0x4)
                0x20000000                _sdata = .
 *(.data)
 .data          0x20000000        0x5 Drivers/STM32F4xx_HAL_Driver/Src/stm32f4xx_hal.o
                0x20000000                uwTickPrio
                0x20000004                uwTickFreq
 *fill*         0x20000005        0x3 
 .data          0x20000008        0x4 Middlewares/Third_Party/FreeRTOS/Source/portable/GCC/ARM_CM4F/port.o
 .data          0x2000000c        0x4 Src/system_stm32f4xx.o
                0x2000000c                SystemCoreClock
 *(.data*)
                0x20000010                . = ALIGN (0x4)
                0x20000010                _edata = .

.igot.plt       0x20000010        0x0 load address 0x08006430
 .igot.plt      0x20000010        0x0 c:/ac6/systemworkbench/plugins/fr.ac6.mcu.externaltools.arm-none.win32_1.16.0.201807130628/tools/compiler/bin/../lib/gcc/arm-none-eabi/7.2.1/thumb/v7e-m/fpv4-sp/hard/crtbegin.o
                0x20000010                . = ALIGN (0x4)

.bss            0x20000010     0x49d8 load address 0x08006430
                0x20000010                _sbss = .
                0x20000010                __bss_start__ = _sbss
 *(.bss)
 .bss           0x20000010       0x1c c:/ac6/systemworkbench/plugins/fr.ac6.mcu.externaltools.arm-none.win32_1.16.0.201807130628/tools/compiler/bin/../lib/gcc/arm-none-eabi/7.2.1/thumb/v7e-m/fpv4-sp/hard/crtbegin.o
 .bss           0x2000002c      0x1e0 Middlewares/Third_Party/FreeRTOS/Source/tasks.o
                0x2000002c                pxCurrentTCB
 .bss           0x2000020c        0x8 Middlewares/Third_Party/FreeRTOS/Source/portable/GCC/ARM_CM4F/port.o
 .bss           0x20000214     0x3c18 Middlewares/Third_Party/FreeRTOS/Source/portable/MemMang/heap_4.o
 *fill*         0x20003e2c        0x4 
 .bss           0x20003e30      0xa80 Src/ABAC_Com_20181007_dbc.o
                0x20003e30                ABAC_InformationMsg_ABAC_Attribute_ID
                0x20003e60                ABAC_InformationMsg_ABAC_Attribute_Type
                0x20003e88                ABAC_InformationMsg_ABAC_Attribute_Value
                0x20003eb8                ABAC_InformationMsg_ABAC_Command
                0x20003ee0                ABAC_InformationMsg
                0x20003f00                ECU1_ABAC_ECU_Resp_ABAC_Attribute_ID
                0x20003f30                ECU1_ABAC_ECU_Resp_ABAC_Attribute_Value
                0x20003f60                ECU1_ABAC_ECU_Resp_ABAC_ResourceResp
                0x20003f88                ECU1_ABAC_ECU_Resp
                0x20003fa8                ECU1_Send_Nonce_ABAC_Attribute_ID
                0x20003fd8                ECU1_Send_Nonce_ABAC_Attribute_Type
                0x20004000                ECU1_Send_Nonce_ABAC_Attribute_Value
                0x20004030                ECU1_Send_Nonce_ABAC_Command
                0x20004058                ECU1_Send_Nonce_ABAC_Nonce
                0x20004088                ECU1_Send_Nonce
                0x200040a8                ECU2_ABAC_ECU_Resp_ABAC_Attribute_ID
                0x200040d8                ECU2_ABAC_ECU_Resp_ABAC_Attribute_Value
                0x20004108                ECU2_ABAC_ECU_Resp_ABAC_ResourceResp
                0x20004130                ECU2_ABAC_ECU_Resp
                0x20004150                ECU2_Send_Nonce_ABAC_Attribute_ID
                0x20004180                ECU2_Send_Nonce_ABAC_Attribute_Type
                0x200041a8                ECU2_Send_Nonce_ABAC_Attribute_Value
                0x200041d8                ECU2_Send_Nonce_ABAC_Command
                0x20004200                ECU2_Send_Nonce_ABAC_Nonce
                0x20004230                ECU2_Send_Nonce
                0x20004250                Extern_ABAC_AccessMsg_ABAC_Attribute_ID
                0x20004280                Extern_ABAC_AccessMsg_ABAC_Attribute_Type
                0x200042a8                Extern_ABAC_AccessMsg_ABAC_Attribute_Value
                0x200042d8                Extern_ABAC_AccessMsg_ABAC_Command
                0x20004300                Extern_ABAC_AccessMsg
                0x20004320                PDP_ABAC_DecisionMsg_ABAC_Attribute_ID
                0x20004350                PDP_ABAC_DecisionMsg_ABAC_Attribute_Type
                0x20004378                PDP_ABAC_DecisionMsg_ABAC_Attribute_Value
                0x200043a8                PDP_ABAC_DecisionMsg_ABAC_Command
                0x200043d0                PDP_ABAC_DecisionMsg_ABAC_Decision
                0x200043f8                PDP_ABAC_DecisionMsg
                0x20004418                PDP_ABAC_Get_Nonce_ABAC_Attribute_ID
                0x20004448                PDP_ABAC_Get_Nonce_ABAC_Attribute_Type
                0x20004470                PDP_ABAC_Get_Nonce_ABAC_Attribute_Value
                0x200044a0                PDP_ABAC_Get_Nonce_ABAC_Command
                0x200044c8                PDP_ABAC_Get_Nonce
                0x200044e8                PDP_ABAC_Unlock_ResourceMsg_ABAC_Attribute_ID
                0x20004518                PDP_ABAC_Unlock_ResourceMsg_ABAC_Attribute_Type
                0x20004540                PDP_ABAC_Unlock_ResourceMsg_ABAC_Attribute_Value
                0x20004570                PDP_ABAC_Unlock_ResourceMsg_ABAC_Command
                0x20004598                PDP_ABAC_Unlock_ResourceMsg_ABAC_Key
                0x200045c8                PDP_ABAC_Unlock_ResourceMsg
                0x200045e8                PEP_ABAC_AccessMsg_ABAC_Attribute_ID
                0x20004618                PEP_ABAC_AccessMsg_ABAC_Attribute_Type
                0x20004640                PEP_ABAC_AccessMsg_ABAC_Attribute_Value
                0x20004670                PEP_ABAC_AccessMsg_ABAC_Command
                0x20004698                PEP_ABAC_AccessMsg
                0x200046b8                PEP_ABAC_DecisionMsg_ABAC_Attribute_ID
                0x200046e8                PEP_ABAC_DecisionMsg_ABAC_Attribute_Type
                0x20004710                PEP_ABAC_DecisionMsg_ABAC_Attribute_Value
                0x20004740                PEP_ABAC_DecisionMsg_ABAC_Command
                0x20004768                PEP_ABAC_DecisionMsg_ABAC_Decision
                0x20004790                PEP_ABAC_DecisionMsg
                0x200047b0                PEP_ABAC_Unlock_ResourceMsg_ABAC_Attribute_ID
                0x200047e0                PEP_ABAC_Unlock_ResourceMsg_ABAC_Attribute_Type
                0x20004808                PEP_ABAC_Unlock_ResourceMsg_ABAC_Attribute_Value
                0x20004838                PEP_ABAC_Unlock_ResourceMsg_ABAC_Command
                0x20004860                PEP_ABAC_Unlock_ResourceMsg_ABAC_Key
                0x20004890                PEP_ABAC_Unlock_ResourceMsg
 .bss           0x200048b0       0xf2 Src/main.o
                0x200048c0                hcan1
                0x200048e8                hcan2
                0x20004910                Thread_Main_Handle
                0x20004914                Thread_Nonce_Gen_Handle
                0x20004918                TxCan1Header
                0x20004930                RxCan1Header
                0x2000494c                TxCan2Header
                0x20004964                RxCan2Header
                0x20004980                RxCan1Data
                0x20004988                TxCan2Data
                0x20004990                RxCan2Data
                0x20004998                TxCan2Mailbox
                0x2000499c                timerStart
                0x2000499e                newNonce
                0x200049a0                oldNonce
 *fill*         0x200049a2        0x2 
 .bss           0x200049a4        0x4 Src/stm32f4xx_hal_msp.o
 *(.bss*)
 *(COMMON)
 COMMON         0x200049a8        0x4 Drivers/STM32F4xx_HAL_Driver/Src/stm32f4xx_hal.o
                0x200049a8                uwTick
 COMMON         0x200049ac       0x3c Src/stm32f4xx_hal_timebase_TIM.o
                0x200049ac                htim1
                0x200049e8                . = ALIGN (0x4)
                0x200049e8                _ebss = .
                0x200049e8                __bss_end__ = _ebss

._user_heap_stack
                0x200049e8      0x600 load address 0x08006430
                0x200049e8                . = ALIGN (0x8)
                [!provide]                PROVIDE (end, .)
                [!provide]                PROVIDE (_end, .)
                0x20004be8                . = (. + _Min_Heap_Size)
 *fill*         0x200049e8      0x200 
                0x20004fe8                . = (. + _Min_Stack_Size)
 *fill*         0x20004be8      0x400 
                0x20004fe8                . = ALIGN (0x8)

/DISCARD/
 libc.a(*)
 libm.a(*)
 libgcc.a(*)

.ARM.attributes
                0x00000000       0x30
 *(.ARM.attributes)
 .ARM.attributes
                0x00000000       0x22 c:/ac6/systemworkbench/plugins/fr.ac6.mcu.externaltools.arm-none.win32_1.16.0.201807130628/tools/compiler/bin/../lib/gcc/arm-none-eabi/7.2.1/thumb/v7e-m/fpv4-sp/hard/crti.o
 .ARM.attributes
                0x00000022       0x34 c:/ac6/systemworkbench/plugins/fr.ac6.mcu.externaltools.arm-none.win32_1.16.0.201807130628/tools/compiler/bin/../lib/gcc/arm-none-eabi/7.2.1/thumb/v7e-m/fpv4-sp/hard/crtbegin.o
 .ARM.attributes
                0x00000056       0x39 Drivers/STM32F4xx_HAL_Driver/Src/stm32f4xx_hal.o
 .ARM.attributes
                0x0000008f       0x39 Drivers/STM32F4xx_HAL_Driver/Src/stm32f4xx_hal_can.o
 .ARM.attributes
                0x000000c8       0x39 Drivers/STM32F4xx_HAL_Driver/Src/stm32f4xx_hal_cortex.o
 .ARM.attributes
                0x00000101       0x39 Drivers/STM32F4xx_HAL_Driver/Src/stm32f4xx_hal_gpio.o
 .ARM.attributes
                0x0000013a       0x39 Drivers/STM32F4xx_HAL_Driver/Src/stm32f4xx_hal_rcc.o
 .ARM.attributes
                0x00000173       0x39 Drivers/STM32F4xx_HAL_Driver/Src/stm32f4xx_hal_rcc_ex.o
 .ARM.attributes
                0x000001ac       0x39 Drivers/STM32F4xx_HAL_Driver/Src/stm32f4xx_hal_tim.o
 .ARM.attributes
                0x000001e5       0x39 Drivers/STM32F4xx_HAL_Driver/Src/stm32f4xx_hal_tim_ex.o
 .ARM.attributes
                0x0000021e       0x39 Middlewares/Third_Party/FreeRTOS/Source/CMSIS_RTOS/cmsis_os.o
 .ARM.attributes
                0x00000257       0x39 Middlewares/Third_Party/FreeRTOS/Source/list.o
 .ARM.attributes
                0x00000290       0x39 Middlewares/Third_Party/FreeRTOS/Source/tasks.o
 .ARM.attributes
                0x000002c9       0x39 Middlewares/Third_Party/FreeRTOS/Source/portable/GCC/ARM_CM4F/port.o
 .ARM.attributes
                0x00000302       0x39 Middlewares/Third_Party/FreeRTOS/Source/portable/MemMang/heap_4.o
 .ARM.attributes
                0x0000033b       0x39 Src/ABAC_Com_20181007_dbc.o
 .ARM.attributes
                0x00000374       0x39 Src/Attribute.o
 .ARM.attributes
                0x000003ad       0x39 Src/main.o
 .ARM.attributes
                0x000003e6       0x39 Src/stm32f4xx_hal_msp.o
 .ARM.attributes
                0x0000041f       0x39 Src/stm32f4xx_hal_timebase_TIM.o
 .ARM.attributes
                0x00000458       0x39 Src/stm32f4xx_it.o
 .ARM.attributes
                0x00000491       0x39 Src/system_stm32f4xx.o
 .ARM.attributes
                0x000004ca       0x21 startup/startup_stm32f446xx.o
 .ARM.attributes
                0x000004eb       0x22 c:/ac6/systemworkbench/plugins/fr.ac6.mcu.externaltools.arm-none.win32_1.16.0.201807130628/tools/compiler/bin/../lib/gcc/arm-none-eabi/7.2.1/thumb/v7e-m/fpv4-sp/hard\libgcc.a(_arm_addsubdf3.o)
 .ARM.attributes
                0x0000050d       0x22 c:/ac6/systemworkbench/plugins/fr.ac6.mcu.externaltools.arm-none.win32_1.16.0.201807130628/tools/compiler/bin/../lib/gcc/arm-none-eabi/7.2.1/thumb/v7e-m/fpv4-sp/hard\libgcc.a(_arm_muldivdf3.o)
 .ARM.attributes
                0x0000052f       0x22 c:/ac6/systemworkbench/plugins/fr.ac6.mcu.externaltools.arm-none.win32_1.16.0.201807130628/tools/compiler/bin/../lib/gcc/arm-none-eabi/7.2.1/thumb/v7e-m/fpv4-sp/hard\libgcc.a(_aeabi_uldivmod.o)
 .ARM.attributes
                0x00000551       0x34 c:/ac6/systemworkbench/plugins/fr.ac6.mcu.externaltools.arm-none.win32_1.16.0.201807130628/tools/compiler/bin/../lib/gcc/arm-none-eabi/7.2.1/thumb/v7e-m/fpv4-sp/hard\libgcc.a(_udivmoddi4.o)
 .ARM.attributes
                0x00000585       0x22 c:/ac6/systemworkbench/plugins/fr.ac6.mcu.externaltools.arm-none.win32_1.16.0.201807130628/tools/compiler/bin/../lib/gcc/arm-none-eabi/7.2.1/thumb/v7e-m/fpv4-sp/hard\libgcc.a(_dvmd_tls.o)
 .ARM.attributes
                0x000005a7       0x34 c:/ac6/systemworkbench/plugins/fr.ac6.mcu.externaltools.arm-none.win32_1.16.0.201807130628/tools/compiler/bin/../lib/gcc/arm-none-eabi/7.2.1/../../../../arm-none-eabi/lib/thumb/v7e-m/fpv4-sp/hard\libc_nano.a(lib_a-init.o)
 .ARM.attributes
                0x000005db       0x34 c:/ac6/systemworkbench/plugins/fr.ac6.mcu.externaltools.arm-none.win32_1.16.0.201807130628/tools/compiler/bin/../lib/gcc/arm-none-eabi/7.2.1/../../../../arm-none-eabi/lib/thumb/v7e-m/fpv4-sp/hard\libc_nano.a(lib_a-memcpy-stub.o)
 .ARM.attributes
                0x0000060f       0x22 c:/ac6/systemworkbench/plugins/fr.ac6.mcu.externaltools.arm-none.win32_1.16.0.201807130628/tools/compiler/bin/../lib/gcc/arm-none-eabi/7.2.1/thumb/v7e-m/fpv4-sp/hard/crtn.o
OUTPUT(ABAC_STM32_ECU_2.elf elf32-littlearm)

.debug_info     0x00000000    0x1b901
 .debug_info    0x00000000     0x1181 Drivers/STM32F4xx_HAL_Driver/Src/stm32f4xx_hal.o
 .debug_info    0x00001181     0x16b9 Drivers/STM32F4xx_HAL_Driver/Src/stm32f4xx_hal_can.o
 .debug_info    0x0000283a     0x160f Drivers/STM32F4xx_HAL_Driver/Src/stm32f4xx_hal_cortex.o
 .debug_info    0x00003e49      0xfd4 Drivers/STM32F4xx_HAL_Driver/Src/stm32f4xx_hal_gpio.o
 .debug_info    0x00004e1d     0x1106 Drivers/STM32F4xx_HAL_Driver/Src/stm32f4xx_hal_rcc.o
 .debug_info    0x00005f23     0x11a5 Drivers/STM32F4xx_HAL_Driver/Src/stm32f4xx_hal_rcc_ex.o
 .debug_info    0x000070c8     0x2a0b Drivers/STM32F4xx_HAL_Driver/Src/stm32f4xx_hal_tim.o
 .debug_info    0x00009ad3     0x17e5 Drivers/STM32F4xx_HAL_Driver/Src/stm32f4xx_hal_tim_ex.o
 .debug_info    0x0000b2b8     0x1b02 Middlewares/Third_Party/FreeRTOS/Source/CMSIS_RTOS/cmsis_os.o
 .debug_info    0x0000cdba      0xad0 Middlewares/Third_Party/FreeRTOS/Source/list.o
 .debug_info    0x0000d88a     0x20c3 Middlewares/Third_Party/FreeRTOS/Source/tasks.o
 .debug_info    0x0000f94d      0x508 Middlewares/Third_Party/FreeRTOS/Source/portable/GCC/ARM_CM4F/port.o
 .debug_info    0x0000fe55      0xbfa Middlewares/Third_Party/FreeRTOS/Source/portable/MemMang/heap_4.o
 .debug_info    0x00010a4f     0x2496 Src/ABAC_Com_20181007_dbc.o
 .debug_info    0x00012ee5      0x474 Src/Attribute.o
 .debug_info    0x00013359     0x3ef7 Src/main.o
 .debug_info    0x00017250     0x1312 Src/stm32f4xx_hal_msp.o
 .debug_info    0x00018562     0x1352 Src/stm32f4xx_hal_timebase_TIM.o
 .debug_info    0x000198b4     0x12d3 Src/stm32f4xx_it.o
 .debug_info    0x0001ab87      0xd58 Src/system_stm32f4xx.o
 .debug_info    0x0001b8df       0x22 startup/startup_stm32f446xx.o

.debug_abbrev   0x00000000     0x388d
 .debug_abbrev  0x00000000      0x2bd Drivers/STM32F4xx_HAL_Driver/Src/stm32f4xx_hal.o
 .debug_abbrev  0x000002bd      0x300 Drivers/STM32F4xx_HAL_Driver/Src/stm32f4xx_hal_can.o
 .debug_abbrev  0x000005bd      0x39f Drivers/STM32F4xx_HAL_Driver/Src/stm32f4xx_hal_cortex.o
 .debug_abbrev  0x0000095c      0x289 Drivers/STM32F4xx_HAL_Driver/Src/stm32f4xx_hal_gpio.o
 .debug_abbrev  0x00000be5      0x305 Drivers/STM32F4xx_HAL_Driver/Src/stm32f4xx_hal_rcc.o
 .debug_abbrev  0x00000eea      0x27c Drivers/STM32F4xx_HAL_Driver/Src/stm32f4xx_hal_rcc_ex.o
 .debug_abbrev  0x00001166      0x2ea Drivers/STM32F4xx_HAL_Driver/Src/stm32f4xx_hal_tim.o
 .debug_abbrev  0x00001450      0x2c7 Drivers/STM32F4xx_HAL_Driver/Src/stm32f4xx_hal_tim_ex.o
 .debug_abbrev  0x00001717      0x3a8 Middlewares/Third_Party/FreeRTOS/Source/CMSIS_RTOS/cmsis_os.o
 .debug_abbrev  0x00001abf      0x1fe Middlewares/Third_Party/FreeRTOS/Source/list.o
 .debug_abbrev  0x00001cbd      0x38c Middlewares/Third_Party/FreeRTOS/Source/tasks.o
 .debug_abbrev  0x00002049      0x1d8 Middlewares/Third_Party/FreeRTOS/Source/portable/GCC/ARM_CM4F/port.o
 .debug_abbrev  0x00002221      0x2d4 Middlewares/Third_Party/FreeRTOS/Source/portable/MemMang/heap_4.o
 .debug_abbrev  0x000024f5      0x3ec Src/ABAC_Com_20181007_dbc.o
 .debug_abbrev  0x000028e1      0x187 Src/Attribute.o
 .debug_abbrev  0x00002a68      0x546 Src/main.o
 .debug_abbrev  0x00002fae      0x24b Src/stm32f4xx_hal_msp.o
 .debug_abbrev  0x000031f9      0x246 Src/stm32f4xx_hal_timebase_TIM.o
 .debug_abbrev  0x0000343f      0x237 Src/stm32f4xx_it.o
 .debug_abbrev  0x00003676      0x205 Src/system_stm32f4xx.o
 .debug_abbrev  0x0000387b       0x12 startup/startup_stm32f446xx.o

.debug_aranges  0x00000000     0x1260
 .debug_aranges
                0x00000000       0xe0 Drivers/STM32F4xx_HAL_Driver/Src/stm32f4xx_hal.o
 .debug_aranges
                0x000000e0      0x138 Drivers/STM32F4xx_HAL_Driver/Src/stm32f4xx_hal_can.o
 .debug_aranges
                0x00000218      0x118 Drivers/STM32F4xx_HAL_Driver/Src/stm32f4xx_hal_cortex.o
 .debug_aranges
                0x00000330       0x58 Drivers/STM32F4xx_HAL_Driver/Src/stm32f4xx_hal_gpio.o
 .debug_aranges
                0x00000388       0x88 Drivers/STM32F4xx_HAL_Driver/Src/stm32f4xx_hal_rcc.o
 .debug_aranges
                0x00000410       0x78 Drivers/STM32F4xx_HAL_Driver/Src/stm32f4xx_hal_rcc_ex.o
 .debug_aranges
                0x00000488      0x368 Drivers/STM32F4xx_HAL_Driver/Src/stm32f4xx_hal_tim.o
 .debug_aranges
                0x000007f0      0x140 Drivers/STM32F4xx_HAL_Driver/Src/stm32f4xx_hal_tim_ex.o
 .debug_aranges
                0x00000930      0x1d8 Middlewares/Third_Party/FreeRTOS/Source/CMSIS_RTOS/cmsis_os.o
 .debug_aranges
                0x00000b08       0x40 Middlewares/Third_Party/FreeRTOS/Source/list.o
 .debug_aranges
                0x00000b48      0x190 Middlewares/Third_Party/FreeRTOS/Source/tasks.o
 .debug_aranges
                0x00000cd8       0x80 Middlewares/Third_Party/FreeRTOS/Source/portable/GCC/ARM_CM4F/port.o
 .debug_aranges
                0x00000d58       0x50 Middlewares/Third_Party/FreeRTOS/Source/portable/MemMang/heap_4.o
 .debug_aranges
                0x00000da8      0x198 Src/ABAC_Com_20181007_dbc.o
 .debug_aranges
                0x00000f40       0x60 Src/Attribute.o
 .debug_aranges
                0x00000fa0      0x178 Src/main.o
 .debug_aranges
                0x00001118       0x30 Src/stm32f4xx_hal_msp.o
 .debug_aranges
                0x00001148       0x30 Src/stm32f4xx_hal_timebase_TIM.o
 .debug_aranges
                0x00001178       0x98 Src/stm32f4xx_it.o
 .debug_aranges
                0x00001210       0x28 Src/system_stm32f4xx.o
 .debug_aranges
                0x00001238       0x28 startup/startup_stm32f446xx.o

.debug_ranges   0x00000000     0x1130
 .debug_ranges  0x00000000       0xd0 Drivers/STM32F4xx_HAL_Driver/Src/stm32f4xx_hal.o
 .debug_ranges  0x000000d0      0x128 Drivers/STM32F4xx_HAL_Driver/Src/stm32f4xx_hal_can.o
 .debug_ranges  0x000001f8      0x108 Drivers/STM32F4xx_HAL_Driver/Src/stm32f4xx_hal_cortex.o
 .debug_ranges  0x00000300       0x48 Drivers/STM32F4xx_HAL_Driver/Src/stm32f4xx_hal_gpio.o
 .debug_ranges  0x00000348       0x78 Drivers/STM32F4xx_HAL_Driver/Src/stm32f4xx_hal_rcc.o
 .debug_ranges  0x000003c0       0x68 Drivers/STM32F4xx_HAL_Driver/Src/stm32f4xx_hal_rcc_ex.o
 .debug_ranges  0x00000428      0x358 Drivers/STM32F4xx_HAL_Driver/Src/stm32f4xx_hal_tim.o
 .debug_ranges  0x00000780      0x130 Drivers/STM32F4xx_HAL_Driver/Src/stm32f4xx_hal_tim_ex.o
 .debug_ranges  0x000008b0      0x1c8 Middlewares/Third_Party/FreeRTOS/Source/CMSIS_RTOS/cmsis_os.o
 .debug_ranges  0x00000a78       0x30 Middlewares/Third_Party/FreeRTOS/Source/list.o
 .debug_ranges  0x00000aa8      0x180 Middlewares/Third_Party/FreeRTOS/Source/tasks.o
 .debug_ranges  0x00000c28       0x70 Middlewares/Third_Party/FreeRTOS/Source/portable/GCC/ARM_CM4F/port.o
 .debug_ranges  0x00000c98       0x40 Middlewares/Third_Party/FreeRTOS/Source/portable/MemMang/heap_4.o
 .debug_ranges  0x00000cd8      0x188 Src/ABAC_Com_20181007_dbc.o
 .debug_ranges  0x00000e60       0x50 Src/Attribute.o
 .debug_ranges  0x00000eb0      0x180 Src/main.o
 .debug_ranges  0x00001030       0x20 Src/stm32f4xx_hal_msp.o
 .debug_ranges  0x00001050       0x20 Src/stm32f4xx_hal_timebase_TIM.o
 .debug_ranges  0x00001070       0x88 Src/stm32f4xx_it.o
 .debug_ranges  0x000010f8       0x18 Src/system_stm32f4xx.o
 .debug_ranges  0x00001110       0x20 startup/startup_stm32f446xx.o

.debug_macro    0x00000000    0x26820
 .debug_macro   0x00000000      0x386 Drivers/STM32F4xx_HAL_Driver/Src/stm32f4xx_hal.o
 .debug_macro   0x00000386      0xa60 Drivers/STM32F4xx_HAL_Driver/Src/stm32f4xx_hal.o
 .debug_macro   0x00000de6       0x10 Drivers/STM32F4xx_HAL_Driver/Src/stm32f4xx_hal.o
 .debug_macro   0x00000df6      0x180 Drivers/STM32F4xx_HAL_Driver/Src/stm32f4xx_hal.o
 .debug_macro   0x00000f76       0x32 Drivers/STM32F4xx_HAL_Driver/Src/stm32f4xx_hal.o
 .debug_macro   0x00000fa8       0x28 Drivers/STM32F4xx_HAL_Driver/Src/stm32f4xx_hal.o
 .debug_macro   0x00000fd0       0x22 Drivers/STM32F4xx_HAL_Driver/Src/stm32f4xx_hal.o
 .debug_macro   0x00000ff2       0x87 Drivers/STM32F4xx_HAL_Driver/Src/stm32f4xx_hal.o
 .debug_macro   0x00001079       0x51 Drivers/STM32F4xx_HAL_Driver/Src/stm32f4xx_hal.o
 .debug_macro   0x000010ca       0xef Drivers/STM32F4xx_HAL_Driver/Src/stm32f4xx_hal.o
 .debug_macro   0x000011b9       0x6a Drivers/STM32F4xx_HAL_Driver/Src/stm32f4xx_hal.o
 .debug_macro   0x00001223      0x1df Drivers/STM32F4xx_HAL_Driver/Src/stm32f4xx_hal.o
 .debug_macro   0x00001402       0x35 Drivers/STM32F4xx_HAL_Driver/Src/stm32f4xx_hal.o
 .debug_macro   0x00001437       0x50 Drivers/STM32F4xx_HAL_Driver/Src/stm32f4xx_hal.o
 .debug_macro   0x00001487      0xe66 Drivers/STM32F4xx_HAL_Driver/Src/stm32f4xx_hal.o
 .debug_macro   0x000022ed    0x16607 Drivers/STM32F4xx_HAL_Driver/Src/stm32f4xx_hal.o
 .debug_macro   0x000188f4       0x43 Drivers/STM32F4xx_HAL_Driver/Src/stm32f4xx_hal.o
 .debug_macro   0x00018937     0x3535 Drivers/STM32F4xx_HAL_Driver/Src/stm32f4xx_hal.o
 .debug_macro   0x0001be6c       0x58 Drivers/STM32F4xx_HAL_Driver/Src/stm32f4xx_hal.o
 .debug_macro   0x0001bec4       0x17 Drivers/STM32F4xx_HAL_Driver/Src/stm32f4xx_hal.o
 .debug_macro   0x0001bedb       0x35 Drivers/STM32F4xx_HAL_Driver/Src/stm32f4xx_hal.o
 .debug_macro   0x0001bf10       0x9c Drivers/STM32F4xx_HAL_Driver/Src/stm32f4xx_hal.o
 .debug_macro   0x0001bfac       0x16 Drivers/STM32F4xx_HAL_Driver/Src/stm32f4xx_hal.o
 .debug_macro   0x0001bfc2       0x97 Drivers/STM32F4xx_HAL_Driver/Src/stm32f4xx_hal.o
 .debug_macro   0x0001c059      0x330 Drivers/STM32F4xx_HAL_Driver/Src/stm32f4xx_hal.o
 .debug_macro   0x0001c389       0xfd Drivers/STM32F4xx_HAL_Driver/Src/stm32f4xx_hal.o
 .debug_macro   0x0001c486       0x10 Drivers/STM32F4xx_HAL_Driver/Src/stm32f4xx_hal.o
 .debug_macro   0x0001c496       0x58 Drivers/STM32F4xx_HAL_Driver/Src/stm32f4xx_hal.o
 .debug_macro   0x0001c4ee       0x1f Drivers/STM32F4xx_HAL_Driver/Src/stm32f4xx_hal.o
 .debug_macro   0x0001c50d       0x43 Drivers/STM32F4xx_HAL_Driver/Src/stm32f4xx_hal.o
 .debug_macro   0x0001c550       0x20 Drivers/STM32F4xx_HAL_Driver/Src/stm32f4xx_hal.o
 .debug_macro   0x0001c570      0x18e Drivers/STM32F4xx_HAL_Driver/Src/stm32f4xx_hal.o
 .debug_macro   0x0001c6fe       0x10 Drivers/STM32F4xx_HAL_Driver/Src/stm32f4xx_hal.o
 .debug_macro   0x0001c70e       0x1c Drivers/STM32F4xx_HAL_Driver/Src/stm32f4xx_hal.o
 .debug_macro   0x0001c72a       0x52 Drivers/STM32F4xx_HAL_Driver/Src/stm32f4xx_hal.o
 .debug_macro   0x0001c77c       0x40 Drivers/STM32F4xx_HAL_Driver/Src/stm32f4xx_hal.o
 .debug_macro   0x0001c7bc       0x10 Drivers/STM32F4xx_HAL_Driver/Src/stm32f4xx_hal.o
 .debug_macro   0x0001c7cc       0x40 Drivers/STM32F4xx_HAL_Driver/Src/stm32f4xx_hal.o
 .debug_macro   0x0001c80c       0xd7 Drivers/STM32F4xx_HAL_Driver/Src/stm32f4xx_hal.o
 .debug_macro   0x0001c8e3       0x1c Drivers/STM32F4xx_HAL_Driver/Src/stm32f4xx_hal.o
 .debug_macro   0x0001c8ff       0x3d Drivers/STM32F4xx_HAL_Driver/Src/stm32f4xx_hal.o
 .debug_macro   0x0001c93c       0x16 Drivers/STM32F4xx_HAL_Driver/Src/stm32f4xx_hal.o
 .debug_macro   0x0001c952      0x16f Drivers/STM32F4xx_HAL_Driver/Src/stm32f4xx_hal.o
 .debug_macro   0x0001cac1       0x50 Drivers/STM32F4xx_HAL_Driver/Src/stm32f4xx_hal.o
 .debug_macro   0x0001cb11      0xc90 Drivers/STM32F4xx_HAL_Driver/Src/stm32f4xx_hal.o
 .debug_macro   0x0001d7a1      0xa02 Drivers/STM32F4xx_HAL_Driver/Src/stm32f4xx_hal.o
 .debug_macro   0x0001e1a3      0x11e Drivers/STM32F4xx_HAL_Driver/Src/stm32f4xx_hal.o
 .debug_macro   0x0001e2c1      0x1a0 Drivers/STM32F4xx_HAL_Driver/Src/stm32f4xx_hal.o
 .debug_macro   0x0001e461       0x27 Drivers/STM32F4xx_HAL_Driver/Src/stm32f4xx_hal.o
 .debug_macro   0x0001e488      0x287 Drivers/STM32F4xx_HAL_Driver/Src/stm32f4xx_hal.o
 .debug_macro   0x0001e70f       0x5f Drivers/STM32F4xx_HAL_Driver/Src/stm32f4xx_hal.o
 .debug_macro   0x0001e76e      0x23a Drivers/STM32F4xx_HAL_Driver/Src/stm32f4xx_hal.o
 .debug_macro   0x0001e9a8      0x3f3 Drivers/STM32F4xx_HAL_Driver/Src/stm32f4xx_hal.o
 .debug_macro   0x0001ed9b      0x13a Drivers/STM32F4xx_HAL_Driver/Src/stm32f4xx_hal.o
 .debug_macro   0x0001eed5      0x29c Drivers/STM32F4xx_HAL_Driver/Src/stm32f4xx_hal.o
 .debug_macro   0x0001f171       0x2e Drivers/STM32F4xx_HAL_Driver/Src/stm32f4xx_hal.o
 .debug_macro   0x0001f19f      0x11e Drivers/STM32F4xx_HAL_Driver/Src/stm32f4xx_hal.o
 .debug_macro   0x0001f2bd       0xe8 Drivers/STM32F4xx_HAL_Driver/Src/stm32f4xx_hal.o
 .debug_macro   0x0001f3a5       0x89 Drivers/STM32F4xx_HAL_Driver/Src/stm32f4xx_hal.o
 .debug_macro   0x0001f42e      0x6e0 Drivers/STM32F4xx_HAL_Driver/Src/stm32f4xx_hal.o
 .debug_macro   0x0001fb0e       0x60 Drivers/STM32F4xx_HAL_Driver/Src/stm32f4xx_hal.o
 .debug_macro   0x0001fb6e      0x14d Drivers/STM32F4xx_HAL_Driver/Src/stm32f4xx_hal.o
 .debug_macro   0x0001fcbb      0x12d Drivers/STM32F4xx_HAL_Driver/Src/stm32f4xx_hal.o
 .debug_macro   0x0001fde8      0x32e Drivers/STM32F4xx_HAL_Driver/Src/stm32f4xx_hal_can.o
 .debug_macro   0x00020116      0x326 Drivers/STM32F4xx_HAL_Driver/Src/stm32f4xx_hal_cortex.o
 .debug_macro   0x0002043c      0x35e Drivers/STM32F4xx_HAL_Driver/Src/stm32f4xx_hal_gpio.o
 .debug_macro   0x0002079a      0x34a Drivers/STM32F4xx_HAL_Driver/Src/stm32f4xx_hal_rcc.o
 .debug_macro   0x00020ae4      0x326 Drivers/STM32F4xx_HAL_Driver/Src/stm32f4xx_hal_rcc_ex.o
 .debug_macro   0x00020e0a      0x326 Drivers/STM32F4xx_HAL_Driver/Src/stm32f4xx_hal_tim.o
 .debug_macro   0x00021130      0x326 Drivers/STM32F4xx_HAL_Driver/Src/stm32f4xx_hal_tim_ex.o
 .debug_macro   0x00021456      0x1ed Middlewares/Third_Party/FreeRTOS/Source/CMSIS_RTOS/cmsis_os.o
 .debug_macro   0x00021643       0x52 Middlewares/Third_Party/FreeRTOS/Source/CMSIS_RTOS/cmsis_os.o
 .debug_macro   0x00021695       0x8d Middlewares/Third_Party/FreeRTOS/Source/CMSIS_RTOS/cmsis_os.o
 .debug_macro   0x00021722      0x174 Middlewares/Third_Party/FreeRTOS/Source/CMSIS_RTOS/cmsis_os.o
 .debug_macro   0x00021896       0x57 Middlewares/Third_Party/FreeRTOS/Source/CMSIS_RTOS/cmsis_os.o
 .debug_macro   0x000218ed       0x10 Middlewares/Third_Party/FreeRTOS/Source/CMSIS_RTOS/cmsis_os.o
 .debug_macro   0x000218fd       0x35 Middlewares/Third_Party/FreeRTOS/Source/CMSIS_RTOS/cmsis_os.o
 .debug_macro   0x00021932       0xd8 Middlewares/Third_Party/FreeRTOS/Source/CMSIS_RTOS/cmsis_os.o
 .debug_macro   0x00021a0a      0x168 Middlewares/Third_Party/FreeRTOS/Source/CMSIS_RTOS/cmsis_os.o
 .debug_macro   0x00021b72       0xe4 Middlewares/Third_Party/FreeRTOS/Source/CMSIS_RTOS/cmsis_os.o
 .debug_macro   0x00021c56       0x10 Middlewares/Third_Party/FreeRTOS/Source/CMSIS_RTOS/cmsis_os.o
 .debug_macro   0x00021c66       0x26 Middlewares/Third_Party/FreeRTOS/Source/CMSIS_RTOS/cmsis_os.o
 .debug_macro   0x00021c8c      0x40f Middlewares/Third_Party/FreeRTOS/Source/CMSIS_RTOS/cmsis_os.o
 .debug_macro   0x0002209b       0xc0 Middlewares/Third_Party/FreeRTOS/Source/CMSIS_RTOS/cmsis_os.o
 .debug_macro   0x0002215b       0x8c Middlewares/Third_Party/FreeRTOS/Source/CMSIS_RTOS/cmsis_os.o
 .debug_macro   0x000221e7       0x91 Middlewares/Third_Party/FreeRTOS/Source/CMSIS_RTOS/cmsis_os.o
 .debug_macro   0x00022278       0x94 Middlewares/Third_Party/FreeRTOS/Source/CMSIS_RTOS/cmsis_os.o
 .debug_macro   0x0002230c       0x63 Middlewares/Third_Party/FreeRTOS/Source/CMSIS_RTOS/cmsis_os.o
 .debug_macro   0x0002236f       0x19 Middlewares/Third_Party/FreeRTOS/Source/CMSIS_RTOS/cmsis_os.o
 .debug_macro   0x00022388       0xcf Middlewares/Third_Party/FreeRTOS/Source/CMSIS_RTOS/cmsis_os.o
 .debug_macro   0x00022457       0x26 Middlewares/Third_Party/FreeRTOS/Source/CMSIS_RTOS/cmsis_os.o
 .debug_macro   0x0002247d      0x17b Middlewares/Third_Party/FreeRTOS/Source/list.o
 .debug_macro   0x000225f8      0x264 Middlewares/Third_Party/FreeRTOS/Source/tasks.o
 .debug_macro   0x0002285c       0x11 Middlewares/Third_Party/FreeRTOS/Source/tasks.o
 .debug_macro   0x0002286d      0x19e Middlewares/Third_Party/FreeRTOS/Source/portable/GCC/ARM_CM4F/port.o
 .debug_macro   0x00022a0b      0x1a2 Middlewares/Third_Party/FreeRTOS/Source/portable/MemMang/heap_4.o
 .debug_macro   0x00022bad      0x168 Src/ABAC_Com_20181007_dbc.o
 .debug_macro   0x00022d15      0xb32 Src/ABAC_Com_20181007_dbc.o
 .debug_macro   0x00023847      0x168 Src/ABAC_Com_20181007_dbc.o
 .debug_macro   0x000239af       0x10 Src/ABAC_Com_20181007_dbc.o
 .debug_macro   0x000239bf      0x3f4 Src/ABAC_Com_20181007_dbc.o
 .debug_macro   0x00023db3       0x1c Src/ABAC_Com_20181007_dbc.o
 .debug_macro   0x00023dcf       0x9c Src/ABAC_Com_20181007_dbc.o
 .debug_macro   0x00023e6b      0x17b Src/ABAC_Com_20181007_dbc.o
 .debug_macro   0x00023fe6       0x43 Src/ABAC_Com_20181007_dbc.o
 .debug_macro   0x00024029      0x353 Src/ABAC_Com_20181007_dbc.o
 .debug_macro   0x0002437c       0x35 Src/ABAC_Com_20181007_dbc.o
 .debug_macro   0x000243b1       0x77 Src/Attribute.o
 .debug_macro   0x00024428       0x16 Src/Attribute.o
 .debug_macro   0x0002443e      0x45a Src/main.o
 .debug_macro   0x00024898      0xe66 Src/main.o
 .debug_macro   0x000256fe       0x97 Src/main.o
 .debug_macro   0x00025795      0x104 Src/main.o
 .debug_macro   0x00025899      0x137 Src/main.o
 .debug_macro   0x000259d0       0xd8 Src/main.o
 .debug_macro   0x00025aa8       0x1c Src/main.o
 .debug_macro   0x00025ac4      0x326 Src/stm32f4xx_hal_msp.o
 .debug_macro   0x00025dea      0x326 Src/stm32f4xx_hal_timebase_TIM.o
 .debug_macro   0x00026110      0x3e4 Src/stm32f4xx_it.o
 .debug_macro   0x000264f4      0x32c Src/system_stm32f4xx.o

.debug_line     0x00000000     0xd9e4
 .debug_line    0x00000000      0x9e8 Drivers/STM32F4xx_HAL_Driver/Src/stm32f4xx_hal.o
 .debug_line    0x000009e8      0xccc Drivers/STM32F4xx_HAL_Driver/Src/stm32f4xx_hal_can.o
 .debug_line    0x000016b4      0xb23 Drivers/STM32F4xx_HAL_Driver/Src/stm32f4xx_hal_cortex.o
 .debug_line    0x000021d7      0x9d5 Drivers/STM32F4xx_HAL_Driver/Src/stm32f4xx_hal_gpio.o
 .debug_line    0x00002bac      0xa51 Drivers/STM32F4xx_HAL_Driver/Src/stm32f4xx_hal_rcc.o
 .debug_line    0x000035fd      0xbf7 Drivers/STM32F4xx_HAL_Driver/Src/stm32f4xx_hal_rcc_ex.o
 .debug_line    0x000041f4     0x19a0 Drivers/STM32F4xx_HAL_Driver/Src/stm32f4xx_hal_tim.o
 .debug_line    0x00005b94      0xda7 Drivers/STM32F4xx_HAL_Driver/Src/stm32f4xx_hal_tim_ex.o
 .debug_line    0x0000693b      0xbfa Middlewares/Third_Party/FreeRTOS/Source/CMSIS_RTOS/cmsis_os.o
 .debug_line    0x00007535      0x58b Middlewares/Third_Party/FreeRTOS/Source/list.o
 .debug_line    0x00007ac0      0xf91 Middlewares/Third_Party/FreeRTOS/Source/tasks.o
 .debug_line    0x00008a51      0x69a Middlewares/Third_Party/FreeRTOS/Source/portable/GCC/ARM_CM4F/port.o
 .debug_line    0x000090eb      0x66f Middlewares/Third_Party/FreeRTOS/Source/portable/MemMang/heap_4.o
 .debug_line    0x0000975a      0xa12 Src/ABAC_Com_20181007_dbc.o
 .debug_line    0x0000a16c      0x3b5 Src/Attribute.o
 .debug_line    0x0000a521     0x1065 Src/main.o
 .debug_line    0x0000b586      0x852 Src/stm32f4xx_hal_msp.o
 .debug_line    0x0000bdd8      0x838 Src/stm32f4xx_hal_timebase_TIM.o
 .debug_line    0x0000c610      0xb31 Src/stm32f4xx_it.o
 .debug_line    0x0000d141      0x824 Src/system_stm32f4xx.o
 .debug_line    0x0000d965       0x7f startup/startup_stm32f446xx.o

.debug_str      0x00000000    0xd5260
 .debug_str     0x00000000    0xc695b Drivers/STM32F4xx_HAL_Driver/Src/stm32f4xx_hal.o
                              0xc6db7 (size before relaxing)
 .debug_str     0x000c695b      0x6db Drivers/STM32F4xx_HAL_Driver/Src/stm32f4xx_hal_can.o
                              0xc6929 (size before relaxing)
 .debug_str     0x000c7036      0x3d9 Drivers/STM32F4xx_HAL_Driver/Src/stm32f4xx_hal_cortex.o
                              0xc6b19 (size before relaxing)
 .debug_str     0x000c740f      0x292 Drivers/STM32F4xx_HAL_Driver/Src/stm32f4xx_hal_gpio.o
                              0xc6490 (size before relaxing)
 .debug_str     0x000c76a1      0x339 Drivers/STM32F4xx_HAL_Driver/Src/stm32f4xx_hal_rcc.o
                              0xc6638 (size before relaxing)
 .debug_str     0x000c79da      0x324 Drivers/STM32F4xx_HAL_Driver/Src/stm32f4xx_hal_rcc_ex.o
                              0xc6695 (size before relaxing)
 .debug_str     0x000c7cfe      0xfb2 Drivers/STM32F4xx_HAL_Driver/Src/stm32f4xx_hal_tim.o
                              0xc721e (size before relaxing)
 .debug_str     0x000c8cb0      0x52a Drivers/STM32F4xx_HAL_Driver/Src/stm32f4xx_hal_tim_ex.o
                              0xc6ad9 (size before relaxing)
 .debug_str     0x000c91da     0x5aa3 Middlewares/Third_Party/FreeRTOS/Source/CMSIS_RTOS/cmsis_os.o
                               0xc890 (size before relaxing)
 .debug_str     0x000cec7d      0x234 Middlewares/Third_Party/FreeRTOS/Source/list.o
                               0x9dad (size before relaxing)
 .debug_str     0x000ceeb1     0x11b3 Middlewares/Third_Party/FreeRTOS/Source/tasks.o
                               0xbd5d (size before relaxing)
 .debug_str     0x000d0064      0x810 Middlewares/Third_Party/FreeRTOS/Source/portable/GCC/ARM_CM4F/port.o
                               0x7d3e (size before relaxing)
 .debug_str     0x000d0874      0x25a Middlewares/Third_Party/FreeRTOS/Source/portable/MemMang/heap_4.o
                               0xa4ce (size before relaxing)
 .debug_str     0x000d0ace     0x36d6 Src/ABAC_Com_20181007_dbc.o
                               0xa35b (size before relaxing)
 .debug_str     0x000d41a4      0x20f Src/Attribute.o
                               0x4288 (size before relaxing)
 .debug_str     0x000d43b3      0xc3a Src/main.o
                              0xd015d (size before relaxing)
 .debug_str     0x000d4fed       0x34 Src/stm32f4xx_hal_msp.o
                              0xc6a04 (size before relaxing)
 .debug_str     0x000d5021       0x61 Src/stm32f4xx_hal_timebase_TIM.o
                              0xc6c02 (size before relaxing)
 .debug_str     0x000d5082      0x154 Src/stm32f4xx_it.o
                              0xcba80 (size before relaxing)
 .debug_str     0x000d51d6       0x5a Src/system_stm32f4xx.o
                              0xc624c (size before relaxing)
 .debug_str     0x000d5230       0x30 startup/startup_stm32f446xx.o
                                 0x6c (size before relaxing)

.comment        0x00000000       0x7e
 .comment       0x00000000       0x7e Drivers/STM32F4xx_HAL_Driver/Src/stm32f4xx_hal.o
                                 0x7f (size before relaxing)
 .comment       0x0000007e       0x7f Drivers/STM32F4xx_HAL_Driver/Src/stm32f4xx_hal_can.o
 .comment       0x0000007e       0x7f Drivers/STM32F4xx_HAL_Driver/Src/stm32f4xx_hal_cortex.o
 .comment       0x0000007e       0x7f Drivers/STM32F4xx_HAL_Driver/Src/stm32f4xx_hal_gpio.o
 .comment       0x0000007e       0x7f Drivers/STM32F4xx_HAL_Driver/Src/stm32f4xx_hal_rcc.o
 .comment       0x0000007e       0x7f Drivers/STM32F4xx_HAL_Driver/Src/stm32f4xx_hal_rcc_ex.o
 .comment       0x0000007e       0x7f Drivers/STM32F4xx_HAL_Driver/Src/stm32f4xx_hal_tim.o
 .comment       0x0000007e       0x7f Drivers/STM32F4xx_HAL_Driver/Src/stm32f4xx_hal_tim_ex.o
 .comment       0x0000007e       0x7f Middlewares/Third_Party/FreeRTOS/Source/CMSIS_RTOS/cmsis_os.o
 .comment       0x0000007e       0x7f Middlewares/Third_Party/FreeRTOS/Source/list.o
 .comment       0x0000007e       0x7f Middlewares/Third_Party/FreeRTOS/Source/tasks.o
 .comment       0x0000007e       0x7f Middlewares/Third_Party/FreeRTOS/Source/portable/GCC/ARM_CM4F/port.o
 .comment       0x0000007e       0x7f Middlewares/Third_Party/FreeRTOS/Source/portable/MemMang/heap_4.o
 .comment       0x0000007e       0x7f Src/ABAC_Com_20181007_dbc.o
 .comment       0x0000007e       0x7f Src/Attribute.o
 .comment       0x0000007e       0x7f Src/main.o
 .comment       0x0000007e       0x7f Src/stm32f4xx_hal_msp.o
 .comment       0x0000007e       0x7f Src/stm32f4xx_hal_timebase_TIM.o
 .comment       0x0000007e       0x7f Src/stm32f4xx_it.o
 .comment       0x0000007e       0x7f Src/system_stm32f4xx.o

.debug_frame    0x00000000     0x4d68
 .debug_frame   0x00000000      0x33c Drivers/STM32F4xx_HAL_Driver/Src/stm32f4xx_hal.o
 .debug_frame   0x0000033c      0x5a0 Drivers/STM32F4xx_HAL_Driver/Src/stm32f4xx_hal_can.o
 .debug_frame   0x000008dc      0x498 Drivers/STM32F4xx_HAL_Driver/Src/stm32f4xx_hal_cortex.o
 .debug_frame   0x00000d74      0x14c Drivers/STM32F4xx_HAL_Driver/Src/stm32f4xx_hal_gpio.o
 .debug_frame   0x00000ec0      0x1f0 Drivers/STM32F4xx_HAL_Driver/Src/stm32f4xx_hal_rcc.o
 .debug_frame   0x000010b0      0x1e0 Drivers/STM32F4xx_HAL_Driver/Src/stm32f4xx_hal_rcc_ex.o
 .debug_frame   0x00001290      0xfb4 Drivers/STM32F4xx_HAL_Driver/Src/stm32f4xx_hal_tim.o
 .debug_frame   0x00002244      0x574 Drivers/STM32F4xx_HAL_Driver/Src/stm32f4xx_hal_tim_ex.o
 .debug_frame   0x000027b8      0x808 Middlewares/Third_Party/FreeRTOS/Source/CMSIS_RTOS/cmsis_os.o
 .debug_frame   0x00002fc0       0xd8 Middlewares/Third_Party/FreeRTOS/Source/list.o
 .debug_frame   0x00003098      0x6bc Middlewares/Third_Party/FreeRTOS/Source/tasks.o
 .debug_frame   0x00003754      0x19c Middlewares/Third_Party/FreeRTOS/Source/portable/GCC/ARM_CM4F/port.o
 .debug_frame   0x000038f0      0x108 Middlewares/Third_Party/FreeRTOS/Source/portable/MemMang/heap_4.o
 .debug_frame   0x000039f8      0x67c Src/ABAC_Com_20181007_dbc.o
 .debug_frame   0x00004074      0x178 Src/Attribute.o
 .debug_frame   0x000041ec      0x6bc Src/main.o
 .debug_frame   0x000048a8       0x7c Src/stm32f4xx_hal_msp.o
 .debug_frame   0x00004924       0x74 Src/stm32f4xx_hal_timebase_TIM.o
 .debug_frame   0x00004998      0x1c8 Src/stm32f4xx_it.o
 .debug_frame   0x00004b60       0x58 Src/system_stm32f4xx.o
 .debug_frame   0x00004bb8       0xac c:/ac6/systemworkbench/plugins/fr.ac6.mcu.externaltools.arm-none.win32_1.16.0.201807130628/tools/compiler/bin/../lib/gcc/arm-none-eabi/7.2.1/thumb/v7e-m/fpv4-sp/hard\libgcc.a(_arm_addsubdf3.o)
 .debug_frame   0x00004c64       0x50 c:/ac6/systemworkbench/plugins/fr.ac6.mcu.externaltools.arm-none.win32_1.16.0.201807130628/tools/compiler/bin/../lib/gcc/arm-none-eabi/7.2.1/thumb/v7e-m/fpv4-sp/hard\libgcc.a(_arm_muldivdf3.o)
 .debug_frame   0x00004cb4       0x2c c:/ac6/systemworkbench/plugins/fr.ac6.mcu.externaltools.arm-none.win32_1.16.0.201807130628/tools/compiler/bin/../lib/gcc/arm-none-eabi/7.2.1/thumb/v7e-m/fpv4-sp/hard\libgcc.a(_aeabi_uldivmod.o)
 .debug_frame   0x00004ce0       0x34 c:/ac6/systemworkbench/plugins/fr.ac6.mcu.externaltools.arm-none.win32_1.16.0.201807130628/tools/compiler/bin/../lib/gcc/arm-none-eabi/7.2.1/thumb/v7e-m/fpv4-sp/hard\libgcc.a(_udivmoddi4.o)
 .debug_frame   0x00004d14       0x2c c:/ac6/systemworkbench/plugins/fr.ac6.mcu.externaltools.arm-none.win32_1.16.0.201807130628/tools/compiler/bin/../lib/gcc/arm-none-eabi/7.2.1/../../../../arm-none-eabi/lib/thumb/v7e-m/fpv4-sp/hard\libc_nano.a(lib_a-init.o)
 .debug_frame   0x00004d40       0x28 c:/ac6/systemworkbench/plugins/fr.ac6.mcu.externaltools.arm-none.win32_1.16.0.201807130628/tools/compiler/bin/../lib/gcc/arm-none-eabi/7.2.1/../../../../arm-none-eabi/lib/thumb/v7e-m/fpv4-sp/hard\libc_nano.a(lib_a-memcpy-stub.o)
