Archive member included to satisfy reference by file (symbol)

c:/ac6/systemworkbench/plugins/fr.ac6.mcu.externaltools.arm-none.win32_1.16.0.201807130628/tools/compiler/bin/../lib/gcc/arm-none-eabi/7.2.1/../../../../arm-none-eabi/lib/thumb/v7e-m/fpv4-sp/hard\libstdc++_nano.a(pure.o)
                              Src/main.o (__cxa_pure_virtual)
c:/ac6/systemworkbench/plugins/fr.ac6.mcu.externaltools.arm-none.win32_1.16.0.201807130628/tools/compiler/bin/../lib/gcc/arm-none-eabi/7.2.1/../../../../arm-none-eabi/lib/thumb/v7e-m/fpv4-sp/hard\libstdc++_nano.a(eh_terminate.o)
                              c:/ac6/systemworkbench/plugins/fr.ac6.mcu.externaltools.arm-none.win32_1.16.0.201807130628/tools/compiler/bin/../lib/gcc/arm-none-eabi/7.2.1/../../../../arm-none-eabi/lib/thumb/v7e-m/fpv4-sp/hard\libstdc++_nano.a(pure.o) (std::terminate())
c:/ac6/systemworkbench/plugins/fr.ac6.mcu.externaltools.arm-none.win32_1.16.0.201807130628/tools/compiler/bin/../lib/gcc/arm-none-eabi/7.2.1/../../../../arm-none-eabi/lib/thumb/v7e-m/fpv4-sp/hard\libstdc++_nano.a(eh_term_handler.o)
                              c:/ac6/systemworkbench/plugins/fr.ac6.mcu.externaltools.arm-none.win32_1.16.0.201807130628/tools/compiler/bin/../lib/gcc/arm-none-eabi/7.2.1/../../../../arm-none-eabi/lib/thumb/v7e-m/fpv4-sp/hard\libstdc++_nano.a(eh_terminate.o) (__cxxabiv1::__terminate_handler)
c:/ac6/systemworkbench/plugins/fr.ac6.mcu.externaltools.arm-none.win32_1.16.0.201807130628/tools/compiler/bin/../lib/gcc/arm-none-eabi/7.2.1/../../../../arm-none-eabi/lib/thumb/v7e-m/fpv4-sp/hard\libstdc++_nano.a(eh_unex_handler.o)
                              c:/ac6/systemworkbench/plugins/fr.ac6.mcu.externaltools.arm-none.win32_1.16.0.201807130628/tools/compiler/bin/../lib/gcc/arm-none-eabi/7.2.1/../../../../arm-none-eabi/lib/thumb/v7e-m/fpv4-sp/hard\libstdc++_nano.a(eh_terminate.o) (__cxxabiv1::__unexpected_handler)
c:/ac6/systemworkbench/plugins/fr.ac6.mcu.externaltools.arm-none.win32_1.16.0.201807130628/tools/compiler/bin/../lib/gcc/arm-none-eabi/7.2.1/thumb/v7e-m/fpv4-sp/hard\libgcc.a(_arm_addsubdf3.o)
                              Src/ABAC_Com_20181007_dbc.o (__aeabi_dadd)
c:/ac6/systemworkbench/plugins/fr.ac6.mcu.externaltools.arm-none.win32_1.16.0.201807130628/tools/compiler/bin/../lib/gcc/arm-none-eabi/7.2.1/thumb/v7e-m/fpv4-sp/hard\libgcc.a(_arm_muldivdf3.o)
                              Src/ABAC_Com_20181007_dbc.o (__aeabi_dmul)
c:/ac6/systemworkbench/plugins/fr.ac6.mcu.externaltools.arm-none.win32_1.16.0.201807130628/tools/compiler/bin/../lib/gcc/arm-none-eabi/7.2.1/thumb/v7e-m/fpv4-sp/hard\libgcc.a(_aeabi_uldivmod.o)
                              Drivers/STM32F4xx_HAL_Driver/Src/stm32f4xx_hal_rcc.o (__aeabi_uldivmod)
c:/ac6/systemworkbench/plugins/fr.ac6.mcu.externaltools.arm-none.win32_1.16.0.201807130628/tools/compiler/bin/../lib/gcc/arm-none-eabi/7.2.1/thumb/v7e-m/fpv4-sp/hard\libgcc.a(_udivmoddi4.o)
                              c:/ac6/systemworkbench/plugins/fr.ac6.mcu.externaltools.arm-none.win32_1.16.0.201807130628/tools/compiler/bin/../lib/gcc/arm-none-eabi/7.2.1/thumb/v7e-m/fpv4-sp/hard\libgcc.a(_aeabi_uldivmod.o) (__udivmoddi4)
c:/ac6/systemworkbench/plugins/fr.ac6.mcu.externaltools.arm-none.win32_1.16.0.201807130628/tools/compiler/bin/../lib/gcc/arm-none-eabi/7.2.1/thumb/v7e-m/fpv4-sp/hard\libgcc.a(_dvmd_tls.o)
                              c:/ac6/systemworkbench/plugins/fr.ac6.mcu.externaltools.arm-none.win32_1.16.0.201807130628/tools/compiler/bin/../lib/gcc/arm-none-eabi/7.2.1/thumb/v7e-m/fpv4-sp/hard\libgcc.a(_aeabi_uldivmod.o) (__aeabi_ldiv0)
c:/ac6/systemworkbench/plugins/fr.ac6.mcu.externaltools.arm-none.win32_1.16.0.201807130628/tools/compiler/bin/../lib/gcc/arm-none-eabi/7.2.1/../../../../arm-none-eabi/lib/thumb/v7e-m/fpv4-sp/hard\libc_nano.a(lib_a-abort.o)
                              c:/ac6/systemworkbench/plugins/fr.ac6.mcu.externaltools.arm-none.win32_1.16.0.201807130628/tools/compiler/bin/../lib/gcc/arm-none-eabi/7.2.1/../../../../arm-none-eabi/lib/thumb/v7e-m/fpv4-sp/hard\libstdc++_nano.a(eh_terminate.o) (abort)
c:/ac6/systemworkbench/plugins/fr.ac6.mcu.externaltools.arm-none.win32_1.16.0.201807130628/tools/compiler/bin/../lib/gcc/arm-none-eabi/7.2.1/../../../../arm-none-eabi/lib/thumb/v7e-m/fpv4-sp/hard\libc_nano.a(lib_a-exit.o)
                              c:/ac6/systemworkbench/plugins/fr.ac6.mcu.externaltools.arm-none.win32_1.16.0.201807130628/tools/compiler/bin/../lib/gcc/arm-none-eabi/7.2.1/../../../../arm-none-eabi/lib/thumb/v7e-m/fpv4-sp/hard/crt0.o (exit)
c:/ac6/systemworkbench/plugins/fr.ac6.mcu.externaltools.arm-none.win32_1.16.0.201807130628/tools/compiler/bin/../lib/gcc/arm-none-eabi/7.2.1/../../../../arm-none-eabi/lib/thumb/v7e-m/fpv4-sp/hard\libc_nano.a(lib_a-impure.o)
[...]
Memory Configuration

Name             Origin             Length             Attributes
RAM              0x20000000         0x00020000         xrw
FLASH            0x08000000         0x00080000         xr
*default*        0x00000000         0xffffffff

Linker script and memory map

LOAD c:/ac6/systemworkbench/plugins/fr.ac6.mcu.externaltools.arm-none.win32_1.16.0.201807130628/tools/compiler/bin/../lib/gcc/arm-none-eabi/7.2.1/thumb/v7e-m/fpv4-sp/hard/crti.o
LOAD c:/ac6/systemworkbench/plugins/fr.ac6.mcu.externaltools.arm-none.win32_1.16.0.201807130628/tools/compiler/bin/../lib/gcc/arm-none-eabi/7.2.1/thumb/v7e-m/fpv4-sp/hard/crtbegin.o
LOAD c:/ac6/systemworkbench/plugins/fr.ac6.mcu.externaltools.arm-none.win32_1.16.0.201807130628/tools/compiler/bin/../lib/gcc/arm-none-eabi/7.2.1/../../../../arm-none-eabi/lib/thumb/v7e-m/fpv4-sp/hard/crt0.o
LOAD Drivers/STM32F4xx_HAL_Driver/Src/stm32f4xx_hal.o
LOAD Drivers/STM32F4xx_HAL_Driver/Src/stm32f4xx_hal_can.o
LOAD Drivers/STM32F4xx_HAL_Driver/Src/stm32f4xx_hal_cortex.o
LOAD Drivers/STM32F4xx_HAL_Driver/Src/stm32f4xx_hal_dma.o
LOAD Drivers/STM32F4xx_HAL_Driver/Src/stm32f4xx_hal_dma_ex.o
LOAD Drivers/STM32F4xx_HAL_Driver/Src/stm32f4xx_hal_flash.o
LOAD Drivers/STM32F4xx_HAL_Driver/Src/stm32f4xx_hal_flash_ex.o
LOAD Drivers/STM32F4xx_HAL_Driver/Src/stm32f4xx_hal_flash_ramfunc.o
LOAD Drivers/STM32F4xx_HAL_Driver/Src/stm32f4xx_hal_gpio.o
LOAD Drivers/STM32F4xx_HAL_Driver/Src/stm32f4xx_hal_pwr.o
LOAD Drivers/STM32F4xx_HAL_Driver/Src/stm32f4xx_hal_pwr_ex.o
LOAD Drivers/STM32F4xx_HAL_Driver/Src/stm32f4xx_hal_rcc.o
LOAD Drivers/STM32F4xx_HAL_Driver/Src/stm32f4xx_hal_rcc_ex.o
LOAD Drivers/STM32F4xx_HAL_Driver/Src/stm32f4xx_hal_tim.o
LOAD Drivers/STM32F4xx_HAL_Driver/Src/stm32f4xx_hal_tim_ex.o
LOAD Middlewares/Third_Party/FreeRTOS/Source/CMSIS_RTOS/cmsis_os.o
LOAD Middlewares/Third_Party/FreeRTOS/Source/croutine.o
LOAD Middlewares/Third_Party/FreeRTOS/Source/event_groups.o
LOAD Middlewares/Third_Party/FreeRTOS/Source/list.o
LOAD Middlewares/Third_Party/FreeRTOS/Source/queue.o
LOAD Middlewares/Third_Party/FreeRTOS/Source/tasks.o
LOAD Middlewares/Third_Party/FreeRTOS/Source/timers.o
LOAD Middlewares/Third_Party/FreeRTOS/Source/portable/GCC/ARM_CM4F/port.o
LOAD Middlewares/Third_Party/FreeRTOS/Source/portable/MemMang/heap_4.o
LOAD Src/ABAC.o
LOAD Src/ABAC_Com_20181007_dbc.o
LOAD Src/Attribute.o
LOAD Src/freertos.o
LOAD Src/main.o
LOAD Src/stm32f4xx_hal_msp.o
LOAD Src/stm32f4xx_hal_timebase_TIM.o
LOAD Src/stm32f4xx_it.o
LOAD Src/system_stm32f4xx.o
LOAD startup/startup_stm32f446xx.o
LOAD c:/ac6/systemworkbench/plugins/fr.ac6.mcu.externaltools.arm-none.win32_1.16.0.201807130628/tools/compiler/bin/../lib/gcc/arm-none-eabi/7.2.1/../../../../arm-none-eabi/lib/thumb/v7e-m/fpv4-sp/hard\libstdc++_nano.a
LOAD c:/ac6/systemworkbench/plugins/fr.ac6.mcu.externaltools.arm-none.win32_1.16.0.201807130628/tools/compiler/bin/../lib/gcc/arm-none-eabi/7.2.1/../../../../arm-none-eabi/lib/thumb/v7e-m/fpv4-sp/hard\libm.a
START GROUP
LOAD c:/ac6/systemworkbench/plugins/fr.ac6.mcu.externaltools.arm-none.win32_1.16.0.201807130628/tools/compiler/bin/../lib/gcc/arm-none-eabi/7.2.1/thumb/v7e-m/fpv4-sp/hard\libgcc.a
LOAD c:/ac6/systemworkbench/plugins/fr.ac6.mcu.externaltools.arm-none.win32_1.16.0.201807130628/tools/compiler/bin/../lib/gcc/arm-none-eabi/7.2.1/../../../../arm-none-eabi/lib/thumb/v7e-m/fpv4-sp/hard\libc_nano.a
END GROUP
START GROUP
LOAD c:/ac6/systemworkbench/plugins/fr.ac6.mcu.externaltools.arm-none.win32_1.16.0.201807130628/tools/compiler/bin/../lib/gcc/arm-none-eabi/7.2.1/thumb/v7e-m/fpv4-sp/hard\libgcc.a
LOAD c:/ac6/systemworkbench/plugins/fr.ac6.mcu.externaltools.arm-none.win32_1.16.0.201807130628/tools/compiler/bin/../lib/gcc/arm-none-eabi/7.2.1/../../../../arm-none-eabi/lib/thumb/v7e-m/fpv4-sp/hard\libc_nano.a
LOAD c:/ac6/systemworkbench/plugins/fr.ac6.mcu.externaltools.arm-none.win32_1.16.0.201807130628/tools/compiler/bin/../lib/gcc/arm-none-eabi/7.2.1/../../../../arm-none-eabi/lib/thumb/v7e-m/fpv4-sp/hard\libnosys.a
END GROUP
START GROUP
LOAD c:/ac6/systemworkbench/plugins/fr.ac6.mcu.externaltools.arm-none.win32_1.16.0.201807130628/tools/compiler/bin/../lib/gcc/arm-none-eabi/7.2.1/thumb/v7e-m/fpv4-sp/hard\libgcc.a
LOAD c:/ac6/systemworkbench/plugins/fr.ac6.mcu.externaltools.arm-none.win32_1.16.0.201807130628/tools/compiler/bin/../lib/gcc/arm-none-eabi/7.2.1/../../../../arm-none-eabi/lib/thumb/v7e-m/fpv4-sp/hard\libc_nano.a
LOAD c:/ac6/systemworkbench/plugins/fr.ac6.mcu.externaltools.arm-none.win32_1.16.0.201807130628/tools/compiler/bin/../lib/gcc/arm-none-eabi/7.2.1/../../../../arm-none-eabi/lib/thumb/v7e-m/fpv4-sp/hard\libnosys.a
END GROUP
LOAD c:/ac6/systemworkbench/plugins/fr.ac6.mcu.externaltools.arm-none.win32_1.16.0.201807130628/tools/compiler/bin/../lib/gcc/arm-none-eabi/7.2.1/thumb/v7e-m/fpv4-sp/hard/crtend.o
LOAD c:/ac6/systemworkbench/plugins/fr.ac6.mcu.externaltools.arm-none.win32_1.16.0.201807130628/tools/compiler/bin/../lib/gcc/arm-none-eabi/7.2.1/thumb/v7e-m/fpv4-sp/hard/crtn.o
                0x20020000                _estack = 0x20020000
                0x00000200                _Min_Heap_Size = 0x200
                0x00000400                _Min_Stack_Size = 0x400

.isr_vector     0x08000000      0x1c4
                0x08000000                . = ALIGN (0x4)
 *(.isr_vector)
 .isr_vector    0x08000000      0x1c4 startup/startup_stm32f446xx.o
                0x08000000                g_pfnVectors
                0x080001c4                . = ALIGN (0x4)

.text           0x080001d0     0x4584
                0x080001d0                . = ALIGN (0x4)
 *(.text)
 .text          0x080001d0       0x40 c:/ac6/systemworkbench/plugins/fr.ac6.mcu.externaltools.arm-none.win32_1.16.0.201807130628/tools/compiler/bin/../lib/gcc/arm-none-eabi/7.2.1/thumb/v7e-m/fpv4-sp/hard/crtbegin.o
 .text          0x08000210       0x30 c:/ac6/systemworkbench/plugins/fr.ac6.mcu.externaltools.arm-none.win32_1.16.0.201807130628/tools/compiler/bin/../lib/gcc/arm-none-eabi/7.2.1/thumb/v7e-m/fpv4-sp/hard\libgcc.a(_aeabi_uldivmod.o)
                0x08000210                __aeabi_uldivmod
 .text          0x08000240      0x2cc c:/ac6/systemworkbench/plugins/fr.ac6.mcu.externaltools.arm-none.win32_1.16.0.201807130628/tools/compiler/bin/../lib/gcc/arm-none-eabi/7.2.1/thumb/v7e-m/fpv4-sp/hard\libgcc.a(_udivmoddi4.o)
                0x08000240                __udivmoddi4
 .text          0x0800050c        0x4 c:/ac6/systemworkbench/plugins/fr.ac6.mcu.externaltools.arm-none.win32_1.16.0.201807130628/tools/compiler/bin/../lib/gcc/arm-none-eabi/7.2.1/thumb/v7e-m/fpv4-sp/hard\libgcc.a(_dvmd_tls.o)
                0x0800050c                __aeabi_idiv0
                0x0800050c                __aeabi_ldiv0
 *(.text*)
 .text.HAL_Init
                0x08000510       0x34 Drivers/STM32F4xx_HAL_Driver/Src/stm32f4xx_hal.o
                0x08000510                HAL_Init
 .text.HAL_IncTick
                0x08000544       0x18 Drivers/STM32F4xx_HAL_Driver/Src/stm32f4xx_hal.o
                0x08000544                HAL_IncTick
 .text.HAL_GetTick
                0x0800055c        0xc Drivers/STM32F4xx_HAL_Driver/Src/stm32f4xx_hal.o
                0x0800055c                HAL_GetTick
 .text.HAL_CAN_Init
                0x08000568      0x14c Drivers/STM32F4xx_HAL_Driver/Src/stm32f4xx_hal_can.o
                0x08000568                HAL_CAN_Init
 .text.HAL_CAN_ConfigFilter
                0x080006b4      0x130 Drivers/STM32F4xx_HAL_Driver/Src/stm32f4xx_hal_can.o
                0x080006b4                HAL_CAN_ConfigFilter
 .text.HAL_CAN_Start
                0x080007e4       0x5c Drivers/STM32F4xx_HAL_Driver/Src/stm32f4xx_hal_can.o
                0x080007e4                HAL_CAN_Start
 .text.HAL_CAN_AddTxMessage
                0x08000840       0xf4 Drivers/STM32F4xx_HAL_Driver/Src/stm32f4xx_hal_can.o
                0x08000840                HAL_CAN_AddTxMessage
 .text.HAL_CAN_GetRxMessage
                0x08000934      0x13e Drivers/STM32F4xx_HAL_Driver/Src/stm32f4xx_hal_can.o
                0x08000934                HAL_CAN_GetRxMessage
 .text.HAL_CAN_ActivateNotification
                0x08000a72       0x2c Drivers/STM32F4xx_HAL_Driver/Src/stm32f4xx_hal_can.o
                0x08000a72                HAL_CAN_ActivateNotification
 .text.HAL_CAN_TxMailbox0CompleteCallback
                0x08000a9e        0x2 Drivers/STM32F4xx_HAL_Driver/Src/stm32f4xx_hal_can.o
                0x08000a9e                HAL_CAN_TxMailbox0CompleteCallback
 .text.HAL_CAN_TxMailbox1CompleteCallback
                0x08000aa0        0x2 Drivers/STM32F4xx_HAL_Driver/Src/stm32f4xx_hal_can.o
                0x08000aa0                HAL_CAN_TxMailbox1CompleteCallback
 .text.HAL_CAN_TxMailbox2CompleteCallback
                0x08000aa2        0x2 Drivers/STM32F4xx_HAL_Driver/Src/stm32f4xx_hal_can.o
                0x08000aa2                HAL_CAN_TxMailbox2CompleteCallback
 .text.HAL_CAN_TxMailbox0AbortCallback
                0x08000aa4        0x2 Drivers/STM32F4xx_HAL_Driver/Src/stm32f4xx_hal_can.o
                0x08000aa4                HAL_CAN_TxMailbox0AbortCallback
 .text.HAL_CAN_TxMailbox1AbortCallback
                0x08000aa6        0x2 Drivers/STM32F4xx_HAL_Driver/Src/stm32f4xx_hal_can.o
                0x08000aa6                HAL_CAN_TxMailbox1AbortCallback
 .text.HAL_CAN_TxMailbox2AbortCallback
                0x08000aa8        0x2 Drivers/STM32F4xx_HAL_Driver/Src/stm32f4xx_hal_can.o
                0x08000aa8                HAL_CAN_TxMailbox2AbortCallback
 .text.HAL_CAN_RxFifo0FullCallback
                0x08000aaa        0x2 Drivers/STM32F4xx_HAL_Driver/Src/stm32f4xx_hal_can.o
                0x08000aaa                HAL_CAN_RxFifo0FullCallback
 .text.HAL_CAN_RxFifo1FullCallback
                0x08000aac        0x2 Drivers/STM32F4xx_HAL_Driver/Src/stm32f4xx_hal_can.o
                0x08000aac                HAL_CAN_RxFifo1FullCallback
 .text.HAL_CAN_SleepCallback
                0x08000aae        0x2 Drivers/STM32F4xx_HAL_Driver/Src/stm32f4xx_hal_can.o
                0x08000aae                HAL_CAN_SleepCallback
 .text.HAL_CAN_WakeUpFromRxMsgCallback
                0x08000ab0        0x2 Drivers/STM32F4xx_HAL_Driver/Src/stm32f4xx_hal_can.o
                0x08000ab0                HAL_CAN_WakeUpFromRxMsgCallback
 .text.HAL_CAN_ErrorCallback
                0x08000ab2        0x2 Drivers/STM32F4xx_HAL_Driver/Src/stm32f4xx_hal_can.o
                0x08000ab2                HAL_CAN_ErrorCallback
 .text.HAL_CAN_IRQHandler
                0x08000ab4      0x258 Drivers/STM32F4xx_HAL_Driver/Src/stm32f4xx_hal_can.o
                0x08000ab4                HAL_CAN_IRQHandler
 .text.HAL_NVIC_SetPriorityGrouping
                0x08000d0c       0x24 Drivers/STM32F4xx_HAL_Driver/Src/stm32f4xx_hal_cortex.o
                0x08000d0c                HAL_NVIC_SetPriorityGrouping
 .text.HAL_NVIC_SetPriority
                0x08000d30       0x68 Drivers/STM32F4xx_HAL_Driver/Src/stm32f4xx_hal_cortex.o
                0x08000d30                HAL_NVIC_SetPriority
 .text.HAL_NVIC_EnableIRQ
                0x08000d98       0x18 Drivers/STM32F4xx_HAL_Driver/Src/stm32f4xx_hal_cortex.o
                0x08000d98                HAL_NVIC_EnableIRQ
 .text.HAL_SYSTICK_Config
                0x08000db0       0x2c Drivers/STM32F4xx_HAL_Driver/Src/stm32f4xx_hal_cortex.o
                0x08000db0                HAL_SYSTICK_Config
 .text.HAL_SYSTICK_CLKSourceConfig
                0x08000ddc       0x20 Drivers/STM32F4xx_HAL_Driver/Src/stm32f4xx_hal_cortex.o
                0x08000ddc                HAL_SYSTICK_CLKSourceConfig
 .text.HAL_GPIO_Init
                0x08000dfc      0x1bc Drivers/STM32F4xx_HAL_Driver/Src/stm32f4xx_hal_gpio.o
                0x08000dfc                HAL_GPIO_Init
 .text.HAL_RCC_ClockConfig
                0x08000fb8      0x158 Drivers/STM32F4xx_HAL_Driver/Src/stm32f4xx_hal_rcc.o
                0x08000fb8                HAL_RCC_ClockConfig
 .text.HAL_RCC_GetHCLKFreq
                0x08001110        0xc Drivers/STM32F4xx_HAL_Driver/Src/stm32f4xx_hal_rcc.o
                0x08001110                HAL_RCC_GetHCLKFreq
 .text.HAL_RCC_GetPCLK2Freq
                0x0800111c       0x20 Drivers/STM32F4xx_HAL_Driver/Src/stm32f4xx_hal_rcc.o
                0x0800111c                HAL_RCC_GetPCLK2Freq
 .text.HAL_RCC_GetClockConfig
                0x0800113c       0x3c Drivers/STM32F4xx_HAL_Driver/Src/stm32f4xx_hal_rcc.o
                0x0800113c                HAL_RCC_GetClockConfig
 .text.HAL_RCC_GetSysClockFreq
                0x08001178      0x124 Drivers/STM32F4xx_HAL_Driver/Src/stm32f4xx_hal_rcc_ex.o
                0x08001178                HAL_RCC_GetSysClockFreq
 .text.HAL_RCC_OscConfig
                0x0800129c      0x3c4 Drivers/STM32F4xx_HAL_Driver/Src/stm32f4xx_hal_rcc_ex.o
                0x0800129c                HAL_RCC_OscConfig
 .text.HAL_TIM_Base_MspInit
                0x08001660        0x2 Drivers/STM32F4xx_HAL_Driver/Src/stm32f4xx_hal_tim.o
                0x08001660                HAL_TIM_Base_MspInit
 .text.HAL_TIM_Base_Start_IT
                0x08001662       0x18 Drivers/STM32F4xx_HAL_Driver/Src/stm32f4xx_hal_tim.o
                0x08001662                HAL_TIM_Base_Start_IT
 .text.HAL_TIM_OC_DelayElapsedCallback
                0x0800167a        0x2 Drivers/STM32F4xx_HAL_Driver/Src/stm32f4xx_hal_tim.o
                0x0800167a                HAL_TIM_OC_DelayElapsedCallback
 .text.HAL_TIM_IC_CaptureCallback
                0x0800167c        0x2 Drivers/STM32F4xx_HAL_Driver/Src/stm32f4xx_hal_tim.o
                0x0800167c                HAL_TIM_IC_CaptureCallback
 .text.HAL_TIM_PWM_PulseFinishedCallback
                0x0800167e        0x2 Drivers/STM32F4xx_HAL_Driver/Src/stm32f4xx_hal_tim.o
                0x0800167e                HAL_TIM_PWM_PulseFinishedCallback
 .text.HAL_TIM_TriggerCallback
                0x08001680        0x2 Drivers/STM32F4xx_HAL_Driver/Src/stm32f4xx_hal_tim.o
                0x08001680                HAL_TIM_TriggerCallback
 .text.HAL_TIM_IRQHandler
                0x08001682      0x17a Drivers/STM32F4xx_HAL_Driver/Src/stm32f4xx_hal_tim.o
                0x08001682                HAL_TIM_IRQHandler
 .text.TIM_Base_SetConfig
                0x080017fc       0xc0 Drivers/STM32F4xx_HAL_Driver/Src/stm32f4xx_hal_tim.o
                0x080017fc                TIM_Base_SetConfig
 .text.HAL_TIM_Base_Init
                0x080018bc       0x32 Drivers/STM32F4xx_HAL_Driver/Src/stm32f4xx_hal_tim.o
                0x080018bc                HAL_TIM_Base_Init
 .text.HAL_TIMEx_CommutationCallback
                0x080018ee        0x2 Drivers/STM32F4xx_HAL_Driver/Src/stm32f4xx_hal_tim_ex.o
                0x080018ee                HAL_TIMEx_CommutationCallback
 .text.HAL_TIMEx_BreakCallback
                0x080018f0        0x2 Drivers/STM32F4xx_HAL_Driver/Src/stm32f4xx_hal_tim_ex.o
                0x080018f0                HAL_TIMEx_BreakCallback
 .text.makeFreeRtosPriority
                0x080018f2        0xc Middlewares/Third_Party/FreeRTOS/Source/CMSIS_RTOS/cmsis_os.o
 .text.osKernelStart
                0x080018fe        0xa Middlewares/Third_Party/FreeRTOS/Source/CMSIS_RTOS/cmsis_os.o
                0x080018fe                osKernelStart
 .text.osThreadCreate
                0x08001908       0x34 Middlewares/Third_Party/FreeRTOS/Source/CMSIS_RTOS/cmsis_os.o
                0x08001908                osThreadCreate
 .text.osDelay  0x0800193c       0x12 Middlewares/Third_Party/FreeRTOS/Source/CMSIS_RTOS/cmsis_os.o
                0x0800193c                osDelay
 .text.osSystickHandler
                0x0800194e       0x10 Middlewares/Third_Party/FreeRTOS/Source/CMSIS_RTOS/cmsis_os.o
                0x0800194e                osSystickHandler
 .text.vListInitialise
                0x0800195e       0x16 Middlewares/Third_Party/FreeRTOS/Source/list.o
                0x0800195e                vListInitialise
 .text.vListInitialiseItem
                0x08001974        0x6 Middlewares/Third_Party/FreeRTOS/Source/list.o
                0x08001974                vListInitialiseItem
 .text.vListInsertEnd
                0x0800197a       0x18 Middlewares/Third_Party/FreeRTOS/Source/list.o
                0x0800197a                vListInsertEnd
 .text.vListInsert
                0x08001992       0x34 Middlewares/Third_Party/FreeRTOS/Source/list.o
                0x08001992                vListInsert
 .text.uxListRemove
                0x080019c6       0x26 Middlewares/Third_Party/FreeRTOS/Source/list.o
                0x080019c6                uxListRemove
 .text.prvResetNextTaskUnblockTime
                0x080019ec       0x24 Middlewares/Third_Party/FreeRTOS/Source/tasks.o
 .text.prvDeleteTCB
                0x08001a10       0x12 Middlewares/Third_Party/FreeRTOS/Source/tasks.o
 .text.prvInitialiseNewTask
                0x08001a22       0x80 Middlewares/Third_Party/FreeRTOS/Source/tasks.o
 *fill*         0x08001aa2        0x2 
 .text.prvInitialiseTaskLists
                0x08001aa4       0x58 Middlewares/Third_Party/FreeRTOS/Source/tasks.o
 .text.prvAddNewTaskToReadyList
                0x08001afc       0xac Middlewares/Third_Party/FreeRTOS/Source/tasks.o
 .text.prvAddCurrentTaskToDelayedList
                0x08001ba8       0x88 Middlewares/Third_Party/FreeRTOS/Source/tasks.o
 .text.xTaskCreate
                0x08001c30       0x62 Middlewares/Third_Party/FreeRTOS/Source/tasks.o
                0x08001c30                xTaskCreate
 *fill*         0x08001c92        0x2 
 .text.vTaskStartScheduler
                0x08001c94       0x74 Middlewares/Third_Party/FreeRTOS/Source/tasks.o
                0x08001c94                vTaskStartScheduler
 .text.vTaskSuspendAll
                0x08001d08       0x14 Middlewares/Third_Party/FreeRTOS/Source/tasks.o
                0x08001d08                vTaskSuspendAll
 .text.xTaskIncrementTick
                0x08001d1c      0x10c Middlewares/Third_Party/FreeRTOS/Source/tasks.o
                0x08001d1c                xTaskIncrementTick
 .text.xTaskResumeAll
                0x08001e28       0xf0 Middlewares/Third_Party/FreeRTOS/Source/tasks.o
                0x08001e28                xTaskResumeAll
 .text.vTaskDelay
                0x08001f18       0x4c Middlewares/Third_Party/FreeRTOS/Source/tasks.o
                0x08001f18                vTaskDelay
 .text.prvCheckTasksWaitingTermination
                0x08001f64       0x54 Middlewares/Third_Party/FreeRTOS/Source/tasks.o
 .text.prvIdleTask
                0x08001fb8       0x28 Middlewares/Third_Party/FreeRTOS/Source/tasks.o
 .text.vTaskSwitchContext
                0x08001fe0       0x90 Middlewares/Third_Party/FreeRTOS/Source/tasks.o
                0x08001fe0                vTaskSwitchContext
 .text.xTaskGetSchedulerState
                0x08002070       0x20 Middlewares/Third_Party/FreeRTOS/Source/tasks.o
                0x08002070                xTaskGetSchedulerState
 .text.prvTaskExitError
                0x08002090       0x34 Middlewares/Third_Party/FreeRTOS/Source/portable/GCC/ARM_CM4F/port.o
 .text.prvPortStartFirstTask
                0x080020c4       0x20 Middlewares/Third_Party/FreeRTOS/Source/portable/GCC/ARM_CM4F/port.o
 .text.vPortEnableVFP
                0x080020e4       0x14 Middlewares/Third_Party/FreeRTOS/Source/portable/GCC/ARM_CM4F/port.o
 .text.pxPortInitialiseStack
                0x080020f8       0x2c Middlewares/Third_Party/FreeRTOS/Source/portable/GCC/ARM_CM4F/port.o
                0x080020f8                pxPortInitialiseStack
 *fill*         0x08002124        0xc 
 .text.SVC_Handler
                0x08002130       0x24 Middlewares/Third_Party/FreeRTOS/Source/portable/GCC/ARM_CM4F/port.o
                0x08002130                SVC_Handler
 .text.vPortEnterCritical
                0x08002154       0x44 Middlewares/Third_Party/FreeRTOS/Source/portable/GCC/ARM_CM4F/port.o
                0x08002154                vPortEnterCritical
 .text.vPortExitCritical
                0x08002198       0x2c Middlewares/Third_Party/FreeRTOS/Source/portable/GCC/ARM_CM4F/port.o
                0x08002198                vPortExitCritical
 *fill*         0x080021c4        0xc 
 .text.PendSV_Handler
                0x080021d0       0x64 Middlewares/Third_Party/FreeRTOS/Source/portable/GCC/ARM_CM4F/port.o
                0x080021d0                PendSV_Handler
 .text.xPortSysTickHandler
                0x08002234       0x2c Middlewares/Third_Party/FreeRTOS/Source/portable/GCC/ARM_CM4F/port.o
                0x08002234                xPortSysTickHandler
 .text.vPortSetupTimerInterrupt
                0x08002260       0x2c Middlewares/Third_Party/FreeRTOS/Source/portable/GCC/ARM_CM4F/port.o
                0x08002260                vPortSetupTimerInterrupt
 .text.xPortStartScheduler
                0x0800228c       0xe8 Middlewares/Third_Party/FreeRTOS/Source/portable/GCC/ARM_CM4F/port.o
                0x0800228c                xPortStartScheduler
 .text.prvHeapInit
                0x08002374       0x4c Middlewares/Third_Party/FreeRTOS/Source/portable/MemMang/heap_4.o
 .text.prvInsertBlockIntoFreeList
                0x080023c0       0x54 Middlewares/Third_Party/FreeRTOS/Source/portable/MemMang/heap_4.o
 .text.pvPortMalloc
                0x08002414       0xf4 Middlewares/Third_Party/FreeRTOS/Source/portable/MemMang/heap_4.o
                0x08002414                pvPortMalloc
 .text.vPortFree
                0x08002508       0x6c Middlewares/Third_Party/FreeRTOS/Source/portable/MemMang/heap_4.o
                0x08002508                vPortFree
 .text._ZN9ABAC_Base16attributeToFrameE9AttributePh
                0x08002574       0x3c Src/ABAC.o
                0x08002574                ABAC_Base::attributeToFrame(Attribute, unsigned char*)
 .text._ZN9ABAC_Base11sendRequestEv
                0x080025b0       0x4c Src/ABAC.o
                0x080025b0                ABAC_Base::sendRequest()
 .text._ZN9ABAC_Base12sendDecisionE8Decision
                0x080025fc       0x2a Src/ABAC.o
                0x080025fc                ABAC_Base::sendDecision(Decision)
 .text._ZN9ABAC_Base18sendResourceUnlockE9Attributet
                0x08002626       0x34 Src/ABAC.o
                0x08002626                ABAC_Base::sendResourceUnlock(Attribute, unsigned short)
 .text._ZN9ABAC_Base16sendResourceLockE9Attribute
                0x0800265a       0x28 Src/ABAC.o
                0x0800265a                ABAC_Base::sendResourceLock(Attribute)
 .text._ZN9ABAC_Base8getNonceEv
                0x08002682       0x24 Src/ABAC.o
                0x08002682                ABAC_Base::getNonce()
 .text._ZN9ABAC_Base18checkKeyAttributesEv
                0x080026a6       0x2c Src/ABAC.o
                0x080026a6                ABAC_Base::checkKeyAttributes()
 .text._ZN9ABAC_Base7requestEv
                0x080026d2       0x30 Src/ABAC.o
                0x080026d2                ABAC_Base::request()
 .text._ZN9ABAC_Base5clearEv
                0x08002702       0x2e Src/ABAC.o
                0x08002702                ABAC_Base::clear()
 .text._ZN9ABAC_Base15RxABACmsgHandleEPKh
                0x08002730      0x2c4 Src/ABAC.o
                0x08002730                ABAC_Base::RxABACmsgHandle(unsigned char const*)
 .text._ZN8CMessageIyEC2Etthhtthtt
                0x080029f4       0x36 Src/ABAC_Com_20181007_dbc.o
                0x080029f4                CMessage<unsigned long long>::CMessage(unsigned short, unsigned short, unsigned char, unsigned char, unsigned short, unsigned short, unsigned char, unsigned short, unsigned short)
                0x080029f4                CMessage<unsigned long long>::CMessage(unsigned short, unsigned short, unsigned char, unsigned char, unsigned short, unsigned short, unsigned char, unsigned short, unsigned short)
 .text._ZN8CMessageIhEC2Etthhtthtt
                0x08002a2a       0x36 Src/ABAC_Com_20181007_dbc.o
                0x08002a2a                CMessage<unsigned char>::CMessage(unsigned short, unsigned short, unsigned char, unsigned char, unsigned short, unsigned short, unsigned char, unsigned short, unsigned short)
                0x08002a2a                CMessage<unsigned char>::CMessage(unsigned short, unsigned short, unsigned char, unsigned char, unsigned short, unsigned short, unsigned char, unsigned short, unsigned short)
 .text._Z41__static_initialization_and_destruction_0ii
                0x08002a60      0xf54 Src/ABAC_Com_20181007_dbc.o
 .text._GLOBAL__sub_I_ABAC_InformationMsg_ABAC_Attribute_ID
                0x080039b4        0xe Src/ABAC_Com_20181007_dbc.o
 .text._ZN9AttributeC2Ev
                0x080039c2        0xa Src/Attribute.o
                0x080039c2                Attribute::Attribute()
                0x080039c2                Attribute::Attribute()
 .text._ZN9AttributeC2Ett17AttributeCategory
                0x080039cc        0xe Src/Attribute.o
                0x080039cc                Attribute::Attribute(unsigned short, unsigned short, AttributeCategory)
                0x080039cc                Attribute::Attribute(unsigned short, unsigned short, AttributeCategory)
 .text._ZN9Attribute3setEtt17AttributeCategory
                0x080039da        0x8 Src/Attribute.o
                0x080039da                Attribute::set(unsigned short, unsigned short, AttributeCategory)
 .text._ZN9Attribute7isEmptyEv
                0x080039e2       0x1c Src/Attribute.o
                0x080039e2                Attribute::isEmpty()
 .text._ZNK9Attribute5getIDEv
                0x080039fe        0x4 Src/Attribute.o
                0x080039fe                Attribute::getID() const
 .text._ZNK9Attribute8getValueEv
                0x08003a02        0x4 Src/Attribute.o
                0x08003a02                Attribute::getValue() const
 .text._ZNK9Attribute11getCategoryEv
                0x08003a06        0x4 Src/Attribute.o
                0x08003a06                Attribute::getCategory() const
 .text._ZNK9AttributeeqERKS_
                0x08003a0a       0x28 Src/Attribute.o
                0x08003a0a                Attribute::operator==(Attribute const&) const
 .text._ZN9AttributeaSERKS_
                0x08003a32        0xe Src/Attribute.o
                0x08003a32                Attribute::operator=(Attribute const&)
 .text.MX_GPIO_Init
                0x08003a40       0x38 Src/main.o
 .text.MX_NVIC_Init
                0x08003a78       0x84 Src/main.o
 .text._ZN8Policies14setInformationE9Attribute
                0x08003afc       0x3e Src/main.o
                0x08003afc                Policies::setInformation(Attribute)
 .text._ZN8Policies16PolicyEvaluationEv
                0x08003b3a      0x176 Src/main.o
                0x08003b3a                Policies::PolicyEvaluation()
 .text._Z41__static_initialization_and_destruction_0ii
                0x08003cb0       0x6c Src/main.o
 .text._Z4send8CMessageIyE19__CAN_HandleTypeDef
                0x08003d1c       0x42 Src/main.o
                0x08003d1c                send(CMessage<unsigned long long>, __CAN_HandleTypeDef)
 *fill*         0x08003d5e        0x2 
 .text.HAL_TIM_PeriodElapsedCallback
                0x08003d60       0x18 Src/main.o
                0x08003d60                HAL_TIM_PeriodElapsedCallback
 .text._Error_Handler
                0x08003d78        0x2 Src/main.o
                0x08003d78                _Error_Handler
 *fill*         0x08003d7a        0x2 
 .text.MX_CAN1_Init
                0x08003d7c       0x58 Src/main.o
 .text.MX_CAN2_Init
                0x08003dd4       0x58 Src/main.o
 .text._ZL10CAN_Configv
                0x08003e2c       0xc0 Src/main.o
 .text.SystemClock_Config
                0x08003eec       0xc0 Src/main.o
                0x08003eec                SystemClock_Config
 .text.main     0x08003fac       0x48 Src/main.o
                0x08003fac                main
 .text.task_1   0x08003ff4       0x50 Src/main.o
                0x08003ff4                task_1
 .text.HAL_CAN_RxFifo0MsgPendingCallback
                0x08004044       0xbc Src/main.o
                0x08004044                HAL_CAN_RxFifo0MsgPendingCallback
 .text.HAL_CAN_RxFifo1MsgPendingCallback
                0x08004100       0xa0 Src/main.o
                0x08004100                HAL_CAN_RxFifo1MsgPendingCallback
 .text._ZN8CMessageIyE5MergeEPh
                0x080041a0        0xe Src/main.o
                0x080041a0                CMessage<unsigned long long>::Merge(unsigned char*)
 *fill*         0x080041ae        0x2 
 .text._Z17ABAC_CAN_TransmitPh
                0x080041b0      0x114 Src/main.o
                0x080041b0                ABAC_CAN_Transmit(unsigned char*)
 .text._GLOBAL__sub_I_hcan1
                0x080042c4        0xe Src/main.o
 *fill*         0x080042d2        0x2 
 .text.HAL_MspInit
                0x080042d4       0x94 Src/stm32f4xx_hal_msp.o
                0x080042d4                HAL_MspInit
 .text.HAL_CAN_MspInit
                0x08004368       0xd4 Src/stm32f4xx_hal_msp.o
                0x08004368                HAL_CAN_MspInit
 .text.HAL_InitTick
                0x0800443c       0x7c Src/stm32f4xx_hal_timebase_TIM.o
                0x0800443c                HAL_InitTick
 .text.NMI_Handler
                0x080044b8        0x2 Src/stm32f4xx_it.o
                0x080044b8                NMI_Handler
 .text.HardFault_Handler
                0x080044ba        0x2 Src/stm32f4xx_it.o
                0x080044ba                HardFault_Handler
 .text.MemManage_Handler
                0x080044bc        0x2 Src/stm32f4xx_it.o
                0x080044bc                MemManage_Handler
 .text.BusFault_Handler
                0x080044be        0x2 Src/stm32f4xx_it.o
                0x080044be                BusFault_Handler
 .text.UsageFault_Handler
                0x080044c0        0x2 Src/stm32f4xx_it.o
                0x080044c0                UsageFault_Handler
 .text.DebugMon_Handler
                0x080044c2        0x2 Src/stm32f4xx_it.o
                0x080044c2                DebugMon_Handler
 .text.SysTick_Handler
                0x080044c4        0x8 Src/stm32f4xx_it.o
                0x080044c4                SysTick_Handler
 .text.CAN1_TX_IRQHandler
                0x080044cc       0x10 Src/stm32f4xx_it.o
                0x080044cc                CAN1_TX_IRQHandler
 .text.CAN1_RX0_IRQHandler
                0x080044dc       0x10 Src/stm32f4xx_it.o
                0x080044dc                CAN1_RX0_IRQHandler
 .text.CAN1_RX1_IRQHandler
                0x080044ec       0x10 Src/stm32f4xx_it.o
                0x080044ec                CAN1_RX1_IRQHandler
 .text.CAN1_SCE_IRQHandler
                0x080044fc       0x10 Src/stm32f4xx_it.o
                0x080044fc                CAN1_SCE_IRQHandler
 .text.TIM1_UP_TIM10_IRQHandler
                0x0800450c       0x10 Src/stm32f4xx_it.o
                0x0800450c                TIM1_UP_TIM10_IRQHandler
 .text.CAN2_TX_IRQHandler
                0x0800451c       0x10 Src/stm32f4xx_it.o
                0x0800451c                CAN2_TX_IRQHandler
 .text.CAN2_RX0_IRQHandler
                0x0800452c       0x10 Src/stm32f4xx_it.o
                0x0800452c                CAN2_RX0_IRQHandler
 .text.CAN2_RX1_IRQHandler
                0x0800453c       0x10 Src/stm32f4xx_it.o
                0x0800453c                CAN2_RX1_IRQHandler
 .text.CAN2_SCE_IRQHandler
                0x0800454c       0x10 Src/stm32f4xx_it.o
                0x0800454c                CAN2_SCE_IRQHandler
 .text.SystemInit
                0x0800455c       0x4c Src/system_stm32f4xx.o
                0x0800455c                SystemInit
 .text.Reset_Handler
                0x080045a8       0x50 startup/startup_stm32f446xx.o
                0x080045a8                Reset_Handler
 .text.Default_Handler
                0x080045f8        0x2 startup/startup_stm32f446xx.o
                0x080045f8                RTC_Alarm_IRQHandler
                0x080045f8                EXTI2_IRQHandler
                0x080045f8                TIM8_CC_IRQHandler
                0x080045f8                SPI4_IRQHandler
                0x080045f8                TIM1_CC_IRQHandler
                0x080045f8                DMA2_Stream5_IRQHandler
                0x080045f8                DMA1_Stream5_IRQHandler
                0x080045f8                PVD_IRQHandler
                0x080045f8                SDIO_IRQHandler
                0x080045f8                TAMP_STAMP_IRQHandler
                0x080045f8                EXTI3_IRQHandler
                0x080045f8                TIM8_TRG_COM_TIM14_IRQHandler
                0x080045f8                TIM8_UP_TIM13_IRQHandler
                0x080045f8                I2C3_ER_IRQHandler
                0x080045f8                FMPI2C1_Event_IRQHandler
                0x080045f8                EXTI0_IRQHandler
                0x080045f8                I2C2_EV_IRQHandler
                0x080045f8                DMA1_Stream2_IRQHandler
                0x080045f8                FPU_IRQHandler
                0x080045f8                OTG_HS_WKUP_IRQHandler
                0x080045f8                DMA2_Stream2_IRQHandler
                0x080045f8                SPI1_IRQHandler
                0x080045f8                TIM6_DAC_IRQHandler
                0x080045f8                TIM1_BRK_TIM9_IRQHandler
                0x080045f8                DCMI_IRQHandler
                0x080045f8                DMA2_Stream3_IRQHandler
                0x080045f8                SAI2_IRQHandler
                0x080045f8                USART6_IRQHandler
                0x080045f8                USART3_IRQHandler
                0x080045f8                UART5_IRQHandler
                0x080045f8                DMA2_Stream0_IRQHandler
                0x080045f8                TIM4_IRQHandler
                0x080045f8                QUADSPI_IRQHandler
                0x080045f8                I2C1_EV_IRQHandler
                0x080045f8                DMA1_Stream6_IRQHandler
                0x080045f8                DMA1_Stream1_IRQHandler
                0x080045f8                UART4_IRQHandler
                0x080045f8                TIM3_IRQHandler
                0x080045f8                RCC_IRQHandler
                0x080045f8                TIM8_BRK_TIM12_IRQHandler
                0x080045f8                Default_Handler
                0x080045f8                CEC_IRQHandler
                0x080045f8                EXTI15_10_IRQHandler
                0x080045f8                ADC_IRQHandler
                0x080045f8                DMA1_Stream7_IRQHandler
                0x080045f8                TIM7_IRQHandler
                0x080045f8                TIM5_IRQHandler
                0x080045f8                DMA2_Stream7_IRQHandler
                0x080045f8                I2C3_EV_IRQHandler
                0x080045f8                EXTI9_5_IRQHandler
                0x080045f8                RTC_WKUP_IRQHandler
                0x080045f8                SPDIF_RX_IRQHandler
                0x080045f8                SPI2_IRQHandler
                0x080045f8                OTG_HS_EP1_IN_IRQHandler
                0x080045f8                DMA1_Stream0_IRQHandler
                0x080045f8                EXTI4_IRQHandler
                0x080045f8                OTG_HS_EP1_OUT_IRQHandler
                0x080045f8                WWDG_IRQHandler
                0x080045f8                TIM2_IRQHandler
                0x080045f8                OTG_FS_WKUP_IRQHandler
                0x080045f8                TIM1_TRG_COM_TIM11_IRQHandler
                0x080045f8                OTG_HS_IRQHandler
                0x080045f8                EXTI1_IRQHandler
                0x080045f8                USART2_IRQHandler
                0x080045f8                I2C2_ER_IRQHandler
                0x080045f8                DMA2_Stream1_IRQHandler
                0x080045f8                FLASH_IRQHandler
                0x080045f8                DMA2_Stream4_IRQHandler
                0x080045f8                USART1_IRQHandler
                0x080045f8                OTG_FS_IRQHandler
                0x080045f8                SPI3_IRQHandler
                0x080045f8                DMA1_Stream4_IRQHandler
                0x080045f8                I2C1_ER_IRQHandler
                0x080045f8                FMC_IRQHandler
                0x080045f8                DMA2_Stream6_IRQHandler
                0x080045f8                SAI1_IRQHandler
                0x080045f8                DMA1_Stream3_IRQHandler
                0x080045f8                FMPI2C1_Error_IRQHandler
 .text.__cxa_pure_virtual
                0x080045fa        0x6 c:/ac6/systemworkbench/plugins/fr.ac6.mcu.externaltools.arm-none.win32_1.16.0.201807130628/tools/compiler/bin/../lib/gcc/arm-none-eabi/7.2.1/../../../../arm-none-eabi/lib/thumb/v7e-m/fpv4-sp/hard\libstdc++_nano.a(pure.o)
                0x080045fa                __cxa_pure_virtual
 .text._ZN10__cxxabiv111__terminateEPFvvE
                0x08004600        0x8 c:/ac6/systemworkbench/plugins/fr.ac6.mcu.externaltools.arm-none.win32_1.16.0.201807130628/tools/compiler/bin/../lib/gcc/arm-none-eabi/7.2.1/../../../../arm-none-eabi/lib/thumb/v7e-m/fpv4-sp/hard\libstdc++_nano.a(eh_terminate.o)
                0x08004600                __cxxabiv1::__terminate(void (*)())
 .text._ZSt13get_terminatev
                0x08004608       0x10 c:/ac6/systemworkbench/plugins/fr.ac6.mcu.externaltools.arm-none.win32_1.16.0.201807130628/tools/compiler/bin/../lib/gcc/arm-none-eabi/7.2.1/../../../../arm-none-eabi/lib/thumb/v7e-m/fpv4-sp/hard\libstdc++_nano.a(eh_terminate.o)
                0x08004608                std::get_terminate()
 .text._ZSt9terminatev
                0x08004618        0xa c:/ac6/systemworkbench/plugins/fr.ac6.mcu.externaltools.arm-none.win32_1.16.0.201807130628/tools/compiler/bin/../lib/gcc/arm-none-eabi/7.2.1/../../../../arm-none-eabi/lib/thumb/v7e-m/fpv4-sp/hard\libstdc++_nano.a(eh_terminate.o)
                0x08004618                std::terminate()
 .text.abort    0x08004622        0xe c:/ac6/systemworkbench/plugins/fr.ac6.mcu.externaltools.arm-none.win32_1.16.0.201807130628/tools/compiler/bin/../lib/gcc/arm-none-eabi/7.2.1/../../../../arm-none-eabi/lib/thumb/v7e-m/fpv4-sp/hard\libc_nano.a(lib_a-abort.o)
                0x08004622                abort
 .text.__libc_init_array
                0x08004630       0x48 c:/ac6/systemworkbench/plugins/fr.ac6.mcu.externaltools.arm-none.win32_1.16.0.201807130628/tools/compiler/bin/../lib/gcc/arm-none-eabi/7.2.1/../../../../arm-none-eabi/lib/thumb/v7e-m/fpv4-sp/hard\libc_nano.a(lib_a-init.o)
                0x08004630                __libc_init_array
 .text.memcpy   0x08004678       0x16 c:/ac6/systemworkbench/plugins/fr.ac6.mcu.externaltools.arm-none.win32_1.16.0.201807130628/tools/compiler/bin/../lib/gcc/arm-none-eabi/7.2.1/../../../../arm-none-eabi/lib/thumb/v7e-m/fpv4-sp/hard\libc_nano.a(lib_a-memcpy-stub.o)
                0x08004678                memcpy
 .text._raise_r
                0x0800468e       0x50 c:/ac6/systemworkbench/plugins/fr.ac6.mcu.externaltools.arm-none.win32_1.16.0.201807130628/tools/compiler/bin/../lib/gcc/arm-none-eabi/7.2.1/../../../../arm-none-eabi/lib/thumb/v7e-m/fpv4-sp/hard\libc_nano.a(lib_a-signal.o)
                0x0800468e                _raise_r
 *fill*         0x080046de        0x2 
 .text.raise    0x080046e0       0x10 c:/ac6/systemworkbench/plugins/fr.ac6.mcu.externaltools.arm-none.win32_1.16.0.201807130628/tools/compiler/bin/../lib/gcc/arm-none-eabi/7.2.1/../../../../arm-none-eabi/lib/thumb/v7e-m/fpv4-sp/hard\libc_nano.a(lib_a-signal.o)
                0x080046e0                raise
 .text._kill_r  0x080046f0       0x24 c:/ac6/systemworkbench/plugins/fr.ac6.mcu.externaltools.arm-none.win32_1.16.0.201807130628/tools/compiler/bin/../lib/gcc/arm-none-eabi/7.2.1/../../../../arm-none-eabi/lib/thumb/v7e-m/fpv4-sp/hard\libc_nano.a(lib_a-signalr.o)
                0x080046f0                _kill_r
 .text._getpid_r
                0x08004714        0x4 c:/ac6/systemworkbench/plugins/fr.ac6.mcu.externaltools.arm-none.win32_1.16.0.201807130628/tools/compiler/bin/../lib/gcc/arm-none-eabi/7.2.1/../../../../arm-none-eabi/lib/thumb/v7e-m/fpv4-sp/hard\libc_nano.a(lib_a-signalr.o)
                0x08004714                _getpid_r
 .text._getpid  0x08004718       0x10 c:/ac6/systemworkbench/plugins/fr.ac6.mcu.externaltools.arm-none.win32_1.16.0.201807130628/tools/compiler/bin/../lib/gcc/arm-none-eabi/7.2.1/../../../../arm-none-eabi/lib/thumb/v7e-m/fpv4-sp/hard\libnosys.a(getpid.o)
                0x08004718                _getpid
 .text._kill    0x08004728       0x10 c:/ac6/systemworkbench/plugins/fr.ac6.mcu.externaltools.arm-none.win32_1.16.0.201807130628/tools/compiler/bin/../lib/gcc/arm-none-eabi/7.2.1/../../../../arm-none-eabi/lib/thumb/v7e-m/fpv4-sp/hard\libnosys.a(kill.o)
                0x08004728                _kill
 .text._exit    0x08004738        0x4 c:/ac6/systemworkbench/plugins/fr.ac6.mcu.externaltools.arm-none.win32_1.16.0.201807130628/tools/compiler/bin/../lib/gcc/arm-none-eabi/7.2.1/../../../../arm-none-eabi/lib/thumb/v7e-m/fpv4-sp/hard\libnosys.a(_exit.o)
                0x08004738                _exit
 *(.glue_7)
 .glue_7        0x0800473c        0x0 linker stubs
 *(.glue_7t)
 .glue_7t       0x0800473c        0x0 linker stubs
 *(.eh_frame)
 .eh_frame      0x0800473c        0x0 c:/ac6/systemworkbench/plugins/fr.ac6.mcu.externaltools.arm-none.win32_1.16.0.201807130628/tools/compiler/bin/../lib/gcc/arm-none-eabi/7.2.1/thumb/v7e-m/fpv4-sp/hard/crtbegin.o
 *(.init)
 .init          0x0800473c        0x4 c:/ac6/systemworkbench/plugins/fr.ac6.mcu.externaltools.arm-none.win32_1.16.0.201807130628/tools/compiler/bin/../lib/gcc/arm-none-eabi/7.2.1/thumb/v7e-m/fpv4-sp/hard/crti.o
                0x0800473c                _init
 .init          0x08004740        0x8 c:/ac6/systemworkbench/plugins/fr.ac6.mcu.externaltools.arm-none.win32_1.16.0.201807130628/tools/compiler/bin/../lib/gcc/arm-none-eabi/7.2.1/thumb/v7e-m/fpv4-sp/hard/crtn.o
 *(.fini)
 .fini          0x08004748        0x4 c:/ac6/systemworkbench/plugins/fr.ac6.mcu.externaltools.arm-none.win32_1.16.0.201807130628/tools/compiler/bin/../lib/gcc/arm-none-eabi/7.2.1/thumb/v7e-m/fpv4-sp/hard/crti.o
                0x08004748                _fini
 .fini          0x0800474c        0x8 c:/ac6/systemworkbench/plugins/fr.ac6.mcu.externaltools.arm-none.win32_1.16.0.201807130628/tools/compiler/bin/../lib/gcc/arm-none-eabi/7.2.1/thumb/v7e-m/fpv4-sp/hard/crtn.o
                0x08004754                . = ALIGN (0x4)
                0x08004754                _etext = .

.vfp11_veneer   0x08004754        0x0
 .vfp11_veneer  0x08004754        0x0 linker stubs

.v4_bx          0x08004754        0x0
 .v4_bx         0x08004754        0x0 linker stubs

.iplt           0x08004754        0x0
 .iplt          0x08004754        0x0 c:/ac6/systemworkbench/plugins/fr.ac6.mcu.externaltools.arm-none.win32_1.16.0.201807130628/tools/compiler/bin/../lib/gcc/arm-none-eabi/7.2.1/thumb/v7e-m/fpv4-sp/hard/crtbegin.o

.rodata         0x08004754       0x6c
                0x08004754                . = ALIGN (0x4)
 *(.rodata)
 .rodata        0x08004754       0x14 Src/main.o
 .rodata        0x08004768       0x18 Src/system_stm32f4xx.o
                0x08004768                AHBPrescTable
                0x08004778                APBPrescTable
 *(.rodata*)
 .rodata.str1.4
                0x08004780        0x5 Middlewares/Third_Party/FreeRTOS/Source/tasks.o
 *fill*         0x08004785        0x3 
 .rodata._ZTV9ABAC_Base
                0x08004788       0x10 Src/main.o
                0x08004788                vtable for ABAC_Base
 .rodata._ZTV8Policies
                0x08004798       0x10 Src/main.o
                0x08004798                vtable for Policies
 .rodata.str1.4
                0x080047a8       0x18 Src/main.o
                                 0x15 (size before relaxing)
                0x080047c0                . = ALIGN (0x4)

.ARM.extab
 *(.ARM.extab* .gnu.linkonce.armextab.*)

.ARM            0x080047c0        0x8
                0x080047c0                __exidx_start = .
 *(.ARM.exidx*)
 .ARM.exidx     0x080047c0        0x8 c:/ac6/systemworkbench/plugins/fr.ac6.mcu.externaltools.arm-none.win32_1.16.0.201807130628/tools/compiler/bin/../lib/gcc/arm-none-eabi/7.2.1/thumb/v7e-m/fpv4-sp/hard\libgcc.a(_udivmoddi4.o)
                0x080047c8                __exidx_end = .

.rel.dyn        0x080047c8        0x0
 .rel.iplt      0x080047c8        0x0 c:/ac6/systemworkbench/plugins/fr.ac6.mcu.externaltools.arm-none.win32_1.16.0.201807130628/tools/compiler/bin/../lib/gcc/arm-none-eabi/7.2.1/thumb/v7e-m/fpv4-sp/hard/crtbegin.o

.preinit_array  0x080047c8        0x0
                0x080047c8                PROVIDE (__preinit_array_start, .)
 *(.preinit_array*)
                0x080047c8                PROVIDE (__preinit_array_end, .)

.init_array     0x080047c8        0xc
                0x080047c8                PROVIDE (__init_array_start, .)
 *(SORT_BY_NAME(.init_array.*))
 *(.init_array*)
 .init_array    0x080047c8        0x4 c:/ac6/systemworkbench/plugins/fr.ac6.mcu.externaltools.arm-none.win32_1.16.0.201807130628/tools/compiler/bin/../lib/gcc/arm-none-eabi/7.2.1/thumb/v7e-m/fpv4-sp/hard/crtbegin.o
 .init_array    0x080047cc        0x4 Src/ABAC_Com_20181007_dbc.o
 .init_array    0x080047d0        0x4 Src/main.o
                0x080047d4                PROVIDE (__init_array_end, .)

.fini_array     0x080047d4        0x4
                [!provide]                PROVIDE (__fini_array_start, .)
 *(SORT_BY_NAME(.fini_array.*))
 *(.fini_array*)
 .fini_array    0x080047d4        0x4 c:/ac6/systemworkbench/plugins/fr.ac6.mcu.externaltools.arm-none.win32_1.16.0.201807130628/tools/compiler/bin/../lib/gcc/arm-none-eabi/7.2.1/thumb/v7e-m/fpv4-sp/hard/crtbegin.o
                [!provide]                PROVIDE (__fini_array_end, .)
                0x080047d8                _sidata = LOADADDR (.data)

.data           0x20000000       0x78 load address 0x080047d8
                0x20000000                . = ALIGN (0x4)
                0x20000000                _sdata = .
 *(.data)
 .data          0x20000000        0x8 Drivers/STM32F4xx_HAL_Driver/Src/stm32f4xx_hal.o
                0x20000000                uwTickFreq
                0x20000004                uwTickPrio
 .data          0x20000008        0x4 Middlewares/Third_Party/FreeRTOS/Source/portable/GCC/ARM_CM4F/port.o
 .data          0x2000000c        0x4 Src/system_stm32f4xx.o
                0x2000000c                SystemCoreClock
 *(.data*)
 .data._ZN10__cxxabiv119__terminate_handlerE
                0x20000010        0x4 c:/ac6/systemworkbench/plugins/fr.ac6.mcu.externaltools.arm-none.win32_1.16.0.201807130628/tools/compiler/bin/../lib/gcc/arm-none-eabi/7.2.1/../../../../arm-none-eabi/lib/thumb/v7e-m/fpv4-sp/hard\libstdc++_nano.a(eh_term_handler.o)
                0x20000010                __cxxabiv1::__terminate_handler
 .data._impure_ptr
                0x20000014        0x4 c:/ac6/systemworkbench/plugins/fr.ac6.mcu.externaltools.arm-none.win32_1.16.0.201807130628/tools/compiler/bin/../lib/gcc/arm-none-eabi/7.2.1/../../../../arm-none-eabi/lib/thumb/v7e-m/fpv4-sp/hard\libc_nano.a(lib_a-impure.o)
                0x20000014                _impure_ptr
 .data.impure_data
                0x20000018       0x60 c:/ac6/systemworkbench/plugins/fr.ac6.mcu.externaltools.arm-none.win32_1.16.0.201807130628/tools/compiler/bin/../lib/gcc/arm-none-eabi/7.2.1/../../../../arm-none-eabi/lib/thumb/v7e-m/fpv4-sp/hard\libc_nano.a(lib_a-impure.o)
                0x20000078                . = ALIGN (0x4)
                0x20000078                _edata = .

.igot.plt       0x20000078        0x0 load address 0x08004850
 .igot.plt      0x20000078        0x0 c:/ac6/systemworkbench/plugins/fr.ac6.mcu.externaltools.arm-none.win32_1.16.0.201807130628/tools/compiler/bin/../lib/gcc/arm-none-eabi/7.2.1/thumb/v7e-m/fpv4-sp/hard/crtbegin.o
                0x20000078                . = ALIGN (0x4)

.bss            0x20000078     0x4c00 load address 0x08004850
                0x20000078                _sbss = .
                0x20000078                __bss_start__ = _sbss
 *(.bss)
 .bss           0x20000078       0x1c c:/ac6/systemworkbench/plugins/fr.ac6.mcu.externaltools.arm-none.win32_1.16.0.201807130628/tools/compiler/bin/../lib/gcc/arm-none-eabi/7.2.1/thumb/v7e-m/fpv4-sp/hard/crtbegin.o
 .bss           0x20000094      0x1e0 Middlewares/Third_Party/FreeRTOS/Source/tasks.o
                0x20000248                pxCurrentTCB
 .bss           0x20000274        0x8 Middlewares/Third_Party/FreeRTOS/Source/portable/GCC/ARM_CM4F/port.o
 .bss           0x2000027c     0x3c18 Middlewares/Third_Party/FreeRTOS/Source/portable/MemMang/heap_4.o
 *fill*         0x20003e94        0x4 
 .bss           0x20003e98      0xcac Src/ABAC_Com_20181007_dbc.o
                0x20003e98                ABAC_InformationMsg
                0x20003eb8                ABAC_InformationMsg_ABAC_Attribute_ID
                0x20003ee8                ABAC_InformationMsg_ABAC_Attribute_Type
                0x20003f10                ABAC_InformationMsg_ABAC_Attribute_Value
                0x20003f40                ABAC_InformationMsg_ABAC_Command
                0x20003f68                ECU1_ABAC_ECU_Resp
                0x20003f88                ECU1_ABAC_ECU_Resp_ABAC_Attribute_ID
                0x20003fb8                ECU1_ABAC_ECU_Resp_ABAC_Attribute_Value
                0x20003fe8                ECU1_ABAC_ECU_Resp_ABAC_ResourceResp
                0x20004010                ECU1_Send_Nonce
                0x20004030                ECU1_Send_Nonce_ABAC_Attribute_ID
                0x20004060                ECU1_Send_Nonce_ABAC_Attribute_Type
                0x20004088                ECU1_Send_Nonce_ABAC_Attribute_Value
                0x200040b8                ECU1_Send_Nonce_ABAC_Command
                0x200040e0                ECU1_Send_Nonce_ABAC_Nonce
                0x20004110                ECU2_ABAC_ECU_Resp
                0x20004130                ECU2_ABAC_ECU_Resp_ABAC_Attribute_ID
                0x20004160                ECU2_ABAC_ECU_Resp_ABAC_Attribute_Value
                0x20004190                ECU2_ABAC_ECU_Resp_ABAC_ResourceResp
                0x200041b8                ECU2_Send_Nonce
                0x200041d8                ECU2_Send_Nonce_ABAC_Attribute_ID
                0x20004208                ECU2_Send_Nonce_ABAC_Attribute_Type
                0x20004230                ECU2_Send_Nonce_ABAC_Attribute_Value
                0x20004260                ECU2_Send_Nonce_ABAC_Command
                0x20004288                ECU2_Send_Nonce_ABAC_Nonce
                0x200042b8                Extern_ABAC_AccessMsg
                0x200042d8                Extern_ABAC_AccessMsg_ABAC_Attribute_ID
                0x20004308                Extern_ABAC_AccessMsg_ABAC_Attribute_Type
                0x20004330                Extern_ABAC_AccessMsg_ABAC_Attribute_Value
                0x20004360                Extern_ABAC_AccessMsg_ABAC_Command
                0x20004388                PDP_ABAC_DecisionMsg
                0x200043a8                PDP_ABAC_DecisionMsg_ABAC_Attribute_ID
                0x200043d8                PDP_ABAC_DecisionMsg_ABAC_Attribute_Type
                0x20004400                PDP_ABAC_DecisionMsg_ABAC_Attribute_Value
                0x20004430                PDP_ABAC_DecisionMsg_ABAC_Command
                0x20004458                PDP_ABAC_DecisionMsg_ABAC_Decision
                0x20004480                PDP_ABAC_Get_Nonce
                0x200044a0                PDP_ABAC_Get_Nonce_ABAC_Attribute_ID
                0x200044d0                PDP_ABAC_Get_Nonce_ABAC_Attribute_Type
                0x200044f8                PDP_ABAC_Get_Nonce_ABAC_Attribute_Value
                0x20004528                PDP_ABAC_Get_Nonce_ABAC_Command
                0x20004550                PDP_ABAC_Lock_ResourceMsg
                0x20004570                PDP_ABAC_Lock_ResourceMsg_ABAC_Attribute_ID
                0x200045a0                PDP_ABAC_Lock_ResourceMsg_ABAC_Attribute_Type
                0x200045c8                PDP_ABAC_Lock_ResourceMsg_ABAC_Attribute_Value
                0x200045f8                PDP_ABAC_Lock_ResourceMsg_ABAC_Command
                0x20004620                PDP_ABAC_Unlock_ResourceMsg
                0x20004640                PDP_ABAC_Unlock_ResourceMsg_ABAC_Attribute_ID
                0x20004670                PDP_ABAC_Unlock_ResourceMsg_ABAC_Attribute_Type
                0x20004698                PDP_ABAC_Unlock_ResourceMsg_ABAC_Attribute_Value
                0x200046c8                PDP_ABAC_Unlock_ResourceMsg_ABAC_Command
                0x200046f0                PDP_ABAC_Unlock_ResourceMsg_ABAC_Key
                0x20004720                PEP_ABAC_AccessMsg
                0x20004740                PEP_ABAC_AccessMsg_ABAC_Attribute_ID
                0x20004770                PEP_ABAC_AccessMsg_ABAC_Attribute_Type
                0x20004798                PEP_ABAC_AccessMsg_ABAC_Attribute_Value
                0x200047c8                PEP_ABAC_AccessMsg_ABAC_Command
                0x200047f0                PEP_ABAC_DecisionMsg
                0x20004810                PEP_ABAC_DecisionMsg_ABAC_Attribute_ID
                0x20004840                PEP_ABAC_DecisionMsg_ABAC_Attribute_Type
                0x20004868                PEP_ABAC_DecisionMsg_ABAC_Attribute_Value
                0x20004898                PEP_ABAC_DecisionMsg_ABAC_Command
                0x200048c0                PEP_ABAC_DecisionMsg_ABAC_Decision
                0x200048e8                PEP_ABAC_Lock_ResourceMsg
                0x20004908                PEP_ABAC_Lock_ResourceMsg_ABAC_Attribute_ID
                0x20004938                PEP_ABAC_Lock_ResourceMsg_ABAC_Attribute_Type
                0x20004960                PEP_ABAC_Lock_ResourceMsg_ABAC_Attribute_Value
                0x20004990                PEP_ABAC_Lock_ResourceMsg_ABAC_Command
                0x200049b8                PEP_ABAC_Unlock_ResourceMsg
                0x200049d8                PEP_ABAC_Unlock_ResourceMsg_ABAC_Attribute_ID
                0x20004a08                PEP_ABAC_Unlock_ResourceMsg_ABAC_Attribute_Type
                0x20004a30                PEP_ABAC_Unlock_ResourceMsg_ABAC_Attribute_Value
                0x20004a60                PEP_ABAC_Unlock_ResourceMsg_ABAC_Command
                0x20004a88                PEP_ABAC_Unlock_ResourceMsg_ABAC_Key
                0x20004ab8                ECU_1_Resource_Counter
                0x20004ae0                ECU_1_Resource
                0x20004b00                ECU_2_Resource_Counter
                0x20004b28                ECU_2_Resource
 .bss           0x20004b44       0xec Src/main.o
                0x20004b44                PolicyObj
                0x20004b70                hcan1
                0x20004b98                hcan2
                0x20004bc0                MainHandle
                0x20004bc4                RxCan1Data
                0x20004bcc                RxCan1Header
                0x20004be8                RxCan2Data
                0x20004bf0                RxCan2Header
                0x20004c0c                TxCan2Mailbox
                0x20004c10                TxCan2Data
                0x20004c18                TxCan2Header
 .bss           0x20004c30        0x4 Src/stm32f4xx_hal_msp.o
 *(.bss*)
 *(COMMON)
 COMMON         0x20004c34        0x4 Drivers/STM32F4xx_HAL_Driver/Src/stm32f4xx_hal.o
                0x20004c34                uwTick
 COMMON         0x20004c38       0x3c Src/stm32f4xx_hal_timebase_TIM.o
                0x20004c38                htim1
 COMMON         0x20004c74        0x4 c:/ac6/systemworkbench/plugins/fr.ac6.mcu.externaltools.arm-none.win32_1.16.0.201807130628/tools/compiler/bin/../lib/gcc/arm-none-eabi/7.2.1/../../../../arm-none-eabi/lib/thumb/v7e-m/fpv4-sp/hard\libc_nano.a(lib_a-reent.o)
                0x20004c74                errno
                0x20004c78                . = ALIGN (0x4)
                0x20004c78                _ebss = .
                0x20004c78                __bss_end__ = _ebss

._user_heap_stack
                0x20004c78      0x600 load address 0x08004850
                0x20004c78                . = ALIGN (0x8)
                0x20004c78                PROVIDE (end, .)
                [!provide]                PROVIDE (_end, .)
                0x20004e78                . = (. + _Min_Heap_Size)
 *fill*         0x20004c78      0x200 
                0x20005278                . = (. + _Min_Stack_Size)
 *fill*         0x20004e78      0x400 
                0x20005278                . = ALIGN (0x8)

/DISCARD/
 libc.a(*)
 libm.a(*)
 libgcc.a(*)

.ARM.attributes
                0x00000000       0x30
 *(.ARM.attributes)
 .ARM.attributes
                0x00000000       0x22 c:/ac6/systemworkbench/plugins/fr.ac6.mcu.externaltools.arm-none.win32_1.16.0.201807130628/tools/compiler/bin/../lib/gcc/arm-none-eabi/7.2.1/thumb/v7e-m/fpv4-sp/hard/crti.o
 .ARM.attributes
                0x00000022       0x34 c:/ac6/systemworkbench/plugins/fr.ac6.mcu.externaltools.arm-none.win32_1.16.0.201807130628/tools/compiler/bin/../lib/gcc/arm-none-eabi/7.2.1/thumb/v7e-m/fpv4-sp/hard/crtbegin.o
 .ARM.attributes
                0x00000056       0x39 Drivers/STM32F4xx_HAL_Driver/Src/stm32f4xx_hal.o
 .ARM.attributes
                0x0000008f       0x39 Drivers/STM32F4xx_HAL_Driver/Src/stm32f4xx_hal_can.o
 .ARM.attributes
                0x000000c8       0x39 Drivers/STM32F4xx_HAL_Driver/Src/stm32f4xx_hal_cortex.o
 .ARM.attributes
                0x00000101       0x39 Drivers/STM32F4xx_HAL_Driver/Src/stm32f4xx_hal_gpio.o
 .ARM.attributes
                0x0000013a       0x39 Drivers/STM32F4xx_HAL_Driver/Src/stm32f4xx_hal_rcc.o
 .ARM.attributes
                0x00000173       0x39 Drivers/STM32F4xx_HAL_Driver/Src/stm32f4xx_hal_rcc_ex.o
 .ARM.attributes
                0x000001ac       0x39 Drivers/STM32F4xx_HAL_Driver/Src/stm32f4xx_hal_tim.o
 .ARM.attributes
                0x000001e5       0x39 Drivers/STM32F4xx_HAL_Driver/Src/stm32f4xx_hal_tim_ex.o
 .ARM.attributes
                0x0000021e       0x39 Middlewares/Third_Party/FreeRTOS/Source/CMSIS_RTOS/cmsis_os.o
 .ARM.attributes
                0x00000257       0x39 Middlewares/Third_Party/FreeRTOS/Source/list.o
 .ARM.attributes
                0x00000290       0x39 Middlewares/Third_Party/FreeRTOS/Source/tasks.o
 .ARM.attributes
                0x000002c9       0x39 Middlewares/Third_Party/FreeRTOS/Source/portable/GCC/ARM_CM4F/port.o
 .ARM.attributes
                0x00000302       0x39 Middlewares/Third_Party/FreeRTOS/Source/portable/MemMang/heap_4.o
 .ARM.attributes
                0x0000033b       0x39 Src/ABAC.o
 .ARM.attributes
                0x00000374       0x39 Src/ABAC_Com_20181007_dbc.o
 .ARM.attributes
                0x000003ad       0x39 Src/Attribute.o
 .ARM.attributes
                0x000003e6       0x39 Src/main.o
 .ARM.attributes
                0x0000041f       0x39 Src/stm32f4xx_hal_msp.o
 .ARM.attributes
                0x00000458       0x39 Src/stm32f4xx_hal_timebase_TIM.o
 .ARM.attributes
                0x00000491       0x39 Src/stm32f4xx_it.o
 .ARM.attributes
                0x000004ca       0x39 Src/system_stm32f4xx.o
 .ARM.attributes
                0x00000503       0x21 startup/startup_stm32f446xx.o
 .ARM.attributes
                0x00000524       0x34 c:/ac6/systemworkbench/plugins/fr.ac6.mcu.externaltools.arm-none.win32_1.16.0.201807130628/tools/compiler/bin/../lib/gcc/arm-none-eabi/7.2.1/../../../../arm-none-eabi/lib/thumb/v7e-m/fpv4-sp/hard\libstdc++_nano.a(pure.o)
 .ARM.attributes
                0x00000558       0x34 c:/ac6/systemworkbench/plugins/fr.ac6.mcu.externaltools.arm-none.win32_1.16.0.201807130628/tools/compiler/bin/../lib/gcc/arm-none-eabi/7.2.1/../../../../arm-none-eabi/lib/thumb/v7e-m/fpv4-sp/hard\libstdc++_nano.a(eh_terminate.o)
 .ARM.attributes
                0x0000058c       0x34 c:/ac6/systemworkbench/plugins/fr.ac6.mcu.externaltools.arm-none.win32_1.16.0.201807130628/tools/compiler/bin/../lib/gcc/arm-none-eabi/7.2.1/../../../../arm-none-eabi/lib/thumb/v7e-m/fpv4-sp/hard\libstdc++_nano.a(eh_term_handler.o)
 .ARM.attributes
                0x000005c0       0x22 c:/ac6/systemworkbench/plugins/fr.ac6.mcu.externaltools.arm-none.win32_1.16.0.201807130628/tools/compiler/bin/../lib/gcc/arm-none-eabi/7.2.1/thumb/v7e-m/fpv4-sp/hard\libgcc.a(_aeabi_uldivmod.o)
 .ARM.attributes
                0x000005e2       0x34 c:/ac6/systemworkbench/plugins/fr.ac6.mcu.externaltools.arm-none.win32_1.16.0.201807130628/tools/compiler/bin/../lib/gcc/arm-none-eabi/7.2.1/thumb/v7e-m/fpv4-sp/hard\libgcc.a(_udivmoddi4.o)
 .ARM.attributes
                0x00000616       0x22 c:/ac6/systemworkbench/plugins/fr.ac6.mcu.externaltools.arm-none.win32_1.16.0.201807130628/tools/compiler/bin/../lib/gcc/arm-none-eabi/7.2.1/thumb/v7e-m/fpv4-sp/hard\libgcc.a(_dvmd_tls.o)
 .ARM.attributes
                0x00000638       0x34 c:/ac6/systemworkbench/plugins/fr.ac6.mcu.externaltools.arm-none.win32_1.16.0.201807130628/tools/compiler/bin/../lib/gcc/arm-none-eabi/7.2.1/../../../../arm-none-eabi/lib/thumb/v7e-m/fpv4-sp/hard\libc_nano.a(lib_a-abort.o)
 .ARM.attributes
                0x0000066c       0x34 c:/ac6/systemworkbench/plugins/fr.ac6.mcu.externaltools.arm-none.win32_1.16.0.201807130628/tools/compiler/bin/../lib/gcc/arm-none-eabi/7.2.1/../../../../arm-none-eabi/lib/thumb/v7e-m/fpv4-sp/hard\libc_nano.a(lib_a-impure.o)
 .ARM.attributes
                0x000006a0       0x34 c:/ac6/systemworkbench/plugins/fr.ac6.mcu.externaltools.arm-none.win32_1.16.0.201807130628/tools/compiler/bin/../lib/gcc/arm-none-eabi/7.2.1/../../../../arm-none-eabi/lib/thumb/v7e-m/fpv4-sp/hard\libc_nano.a(lib_a-init.o)
 .ARM.attributes
                0x000006d4       0x34 c:/ac6/systemworkbench/plugins/fr.ac6.mcu.externaltools.arm-none.win32_1.16.0.201807130628/tools/compiler/bin/../lib/gcc/arm-none-eabi/7.2.1/../../../../arm-none-eabi/lib/thumb/v7e-m/fpv4-sp/hard\libc_nano.a(lib_a-memcpy-stub.o)
 .ARM.attributes
                0x00000708       0x34 c:/ac6/systemworkbench/plugins/fr.ac6.mcu.externaltools.arm-none.win32_1.16.0.201807130628/tools/compiler/bin/../lib/gcc/arm-none-eabi/7.2.1/../../../../arm-none-eabi/lib/thumb/v7e-m/fpv4-sp/hard\libc_nano.a(lib_a-signal.o)
 .ARM.attributes
                0x0000073c       0x34 c:/ac6/systemworkbench/plugins/fr.ac6.mcu.externaltools.arm-none.win32_1.16.0.201807130628/tools/compiler/bin/../lib/gcc/arm-none-eabi/7.2.1/../../../../arm-none-eabi/lib/thumb/v7e-m/fpv4-sp/hard\libc_nano.a(lib_a-signalr.o)
 .ARM.attributes
                0x00000770       0x34 c:/ac6/systemworkbench/plugins/fr.ac6.mcu.externaltools.arm-none.win32_1.16.0.201807130628/tools/compiler/bin/../lib/gcc/arm-none-eabi/7.2.1/../../../../arm-none-eabi/lib/thumb/v7e-m/fpv4-sp/hard\libc_nano.a(lib_a-reent.o)
 .ARM.attributes
                0x000007a4       0x34 c:/ac6/systemworkbench/plugins/fr.ac6.mcu.externaltools.arm-none.win32_1.16.0.201807130628/tools/compiler/bin/../lib/gcc/arm-none-eabi/7.2.1/../../../../arm-none-eabi/lib/thumb/v7e-m/fpv4-sp/hard\libnosys.a(getpid.o)
 .ARM.attributes
                0x000007d8       0x34 c:/ac6/systemworkbench/plugins/fr.ac6.mcu.externaltools.arm-none.win32_1.16.0.201807130628/tools/compiler/bin/../lib/gcc/arm-none-eabi/7.2.1/../../../../arm-none-eabi/lib/thumb/v7e-m/fpv4-sp/hard\libnosys.a(kill.o)
 .ARM.attributes
                0x0000080c       0x34 c:/ac6/systemworkbench/plugins/fr.ac6.mcu.externaltools.arm-none.win32_1.16.0.201807130628/tools/compiler/bin/../lib/gcc/arm-none-eabi/7.2.1/../../../../arm-none-eabi/lib/thumb/v7e-m/fpv4-sp/hard\libnosys.a(_exit.o)
 .ARM.attributes
                0x00000840       0x22 c:/ac6/systemworkbench/plugins/fr.ac6.mcu.externaltools.arm-none.win32_1.16.0.201807130628/tools/compiler/bin/../lib/gcc/arm-none-eabi/7.2.1/thumb/v7e-m/fpv4-sp/hard/crtn.o
OUTPUT(ABAC_STM32_PDP.elf elf32-littlearm)

.debug_info     0x00000000    0x258ad
 .debug_info    0x00000000     0x122b Drivers/STM32F4xx_HAL_Driver/Src/stm32f4xx_hal.o
 .debug_info    0x0000122b     0x183e Drivers/STM32F4xx_HAL_Driver/Src/stm32f4xx_hal_can.o
 .debug_info    0x00002a69     0x1773 Drivers/STM32F4xx_HAL_Driver/Src/stm32f4xx_hal_cortex.o
 .debug_info    0x000041dc      0xfe1 Drivers/STM32F4xx_HAL_Driver/Src/stm32f4xx_hal_gpio.o
 .debug_info    0x000051bd     0x129b Drivers/STM32F4xx_HAL_Driver/Src/stm32f4xx_hal_rcc.o
 .debug_info    0x00006458     0x140a Drivers/STM32F4xx_HAL_Driver/Src/stm32f4xx_hal_rcc_ex.o
 .debug_info    0x00007862     0x368f Drivers/STM32F4xx_HAL_Driver/Src/stm32f4xx_hal_tim.o
 .debug_info    0x0000aef1     0x1b25 Drivers/STM32F4xx_HAL_Driver/Src/stm32f4xx_hal_tim_ex.o
 .debug_info    0x0000ca16     0x231e Middlewares/Third_Party/FreeRTOS/Source/CMSIS_RTOS/cmsis_os.o
 .debug_info    0x0000ed34      0xacd Middlewares/Third_Party/FreeRTOS/Source/list.o
 .debug_info    0x0000f801     0x2915 Middlewares/Third_Party/FreeRTOS/Source/tasks.o
 .debug_info    0x00012116      0x532 Middlewares/Third_Party/FreeRTOS/Source/portable/GCC/ARM_CM4F/port.o
 .debug_info    0x00012648      0xc71 Middlewares/Third_Party/FreeRTOS/Source/portable/MemMang/heap_4.o
 .debug_info    0x000132b9      0xf5e Src/ABAC.o
 .debug_info    0x00014217     0x7c10 Src/ABAC_Com_20181007_dbc.o
 .debug_info    0x0001be27      0x46d Src/Attribute.o
 .debug_info    0x0001c294     0x4ba2 Src/main.o
 .debug_info    0x00020e36     0x1551 Src/stm32f4xx_hal_msp.o
 .debug_info    0x00022387     0x1424 Src/stm32f4xx_hal_timebase_TIM.o
 .debug_info    0x000237ab     0x1383 Src/stm32f4xx_it.o
 .debug_info    0x00024b2e      0xd5d Src/system_stm32f4xx.o
 .debug_info    0x0002588b       0x22 startup/startup_stm32f446xx.o

.debug_abbrev   0x00000000     0x40ee
 .debug_abbrev  0x00000000      0x2e5 Drivers/STM32F4xx_HAL_Driver/Src/stm32f4xx_hal.o
 .debug_abbrev  0x000002e5      0x337 Drivers/STM32F4xx_HAL_Driver/Src/stm32f4xx_hal_can.o
 .debug_abbrev  0x0000061c      0x3d6 Drivers/STM32F4xx_HAL_Driver/Src/stm32f4xx_hal_cortex.o
 .debug_abbrev  0x000009f2      0x2a7 Drivers/STM32F4xx_HAL_Driver/Src/stm32f4xx_hal_gpio.o
 .debug_abbrev  0x00000c99      0x333 Drivers/STM32F4xx_HAL_Driver/Src/stm32f4xx_hal_rcc.o
 .debug_abbrev  0x00000fcc      0x2e9 Drivers/STM32F4xx_HAL_Driver/Src/stm32f4xx_hal_rcc_ex.o
 .debug_abbrev  0x000012b5      0x2e0 Drivers/STM32F4xx_HAL_Driver/Src/stm32f4xx_hal_tim.o
 .debug_abbrev  0x00001595      0x2e0 Drivers/STM32F4xx_HAL_Driver/Src/stm32f4xx_hal_tim_ex.o
 .debug_abbrev  0x00001875      0x3d4 Middlewares/Third_Party/FreeRTOS/Source/CMSIS_RTOS/cmsis_os.o
 .debug_abbrev  0x00001c49      0x21c Middlewares/Third_Party/FreeRTOS/Source/list.o
 .debug_abbrev  0x00001e65      0x3cf Middlewares/Third_Party/FreeRTOS/Source/tasks.o
 .debug_abbrev  0x00002234      0x216 Middlewares/Third_Party/FreeRTOS/Source/portable/GCC/ARM_CM4F/port.o
 .debug_abbrev  0x0000244a      0x318 Middlewares/Third_Party/FreeRTOS/Source/portable/MemMang/heap_4.o
 .debug_abbrev  0x00002762      0x2c0 Src/ABAC.o
 .debug_abbrev  0x00002a22      0x4a0 Src/ABAC_Com_20181007_dbc.o
 .debug_abbrev  0x00002ec2      0x194 Src/Attribute.o
 .debug_abbrev  0x00003056      0x721 Src/main.o
 .debug_abbrev  0x00003777      0x270 Src/stm32f4xx_hal_msp.o
 .debug_abbrev  0x000039e7      0x299 Src/stm32f4xx_hal_timebase_TIM.o
 .debug_abbrev  0x00003c80      0x257 Src/stm32f4xx_it.o
 .debug_abbrev  0x00003ed7      0x205 Src/system_stm32f4xx.o
 .debug_abbrev  0x000040dc       0x12 startup/startup_stm32f446xx.o

.debug_loc      0x00000000     0xd4cb
 .debug_loc     0x00000000       0xfd Drivers/STM32F4xx_HAL_Driver/Src/stm32f4xx_hal.o
 .debug_loc     0x000000fd      0xb4f Drivers/STM32F4xx_HAL_Driver/Src/stm32f4xx_hal_can.o
 .debug_loc     0x00000c4c      0x5ce Drivers/STM32F4xx_HAL_Driver/Src/stm32f4xx_hal_cortex.o
 .debug_loc     0x0000121a      0x469 Drivers/STM32F4xx_HAL_Driver/Src/stm32f4xx_hal_gpio.o
 .debug_loc     0x00001683      0x3f1 Drivers/STM32F4xx_HAL_Driver/Src/stm32f4xx_hal_rcc.o
 .debug_loc     0x00001a74      0xb5e Drivers/STM32F4xx_HAL_Driver/Src/stm32f4xx_hal_rcc_ex.o
 .debug_loc     0x000025d2     0x3612 Drivers/STM32F4xx_HAL_Driver/Src/stm32f4xx_hal_tim.o
 .debug_loc     0x00005be4      0xefe Drivers/STM32F4xx_HAL_Driver/Src/stm32f4xx_hal_tim_ex.o
 .debug_loc     0x00006ae2      0xee1 Middlewares/Third_Party/FreeRTOS/Source/CMSIS_RTOS/cmsis_os.o
 .debug_loc     0x000079c3       0x70 Middlewares/Third_Party/FreeRTOS/Source/list.o
 .debug_loc     0x00007a33     0x11ef Middlewares/Third_Party/FreeRTOS/Source/tasks.o
 .debug_loc     0x00008c22       0xdc Middlewares/Third_Party/FreeRTOS/Source/portable/GCC/ARM_CM4F/port.o
 .debug_loc     0x00008cfe      0x291 Middlewares/Third_Party/FreeRTOS/Source/portable/MemMang/heap_4.o
 .debug_loc     0x00008f8f      0x666 Src/ABAC.o
 .debug_loc     0x000095f5     0x37c6 Src/ABAC_Com_20181007_dbc.o
 .debug_loc     0x0000cdbb      0x13b Src/Attribute.o
 .debug_loc     0x0000cef6      0x37c Src/main.o
 .debug_loc     0x0000d272       0xb1 Src/stm32f4xx_hal_msp.o
 .debug_loc     0x0000d323       0x6a Src/stm32f4xx_hal_timebase_TIM.o
 .debug_loc     0x0000d38d      0x13e Src/system_stm32f4xx.o

.debug_aranges  0x00000000     0x11b0
 .debug_aranges
                0x00000000       0xe0 Drivers/STM32F4xx_HAL_Driver/Src/stm32f4xx_hal.o
 .debug_aranges
                0x000000e0      0x138 Drivers/STM32F4xx_HAL_Driver/Src/stm32f4xx_hal_can.o
 .debug_aranges
                0x00000218       0xa8 Drivers/STM32F4xx_HAL_Driver/Src/stm32f4xx_hal_cortex.o
 .debug_aranges
                0x000002c0       0x58 Drivers/STM32F4xx_HAL_Driver/Src/stm32f4xx_hal_gpio.o
 .debug_aranges
                0x00000318       0x88 Drivers/STM32F4xx_HAL_Driver/Src/stm32f4xx_hal_rcc.o
 .debug_aranges
                0x000003a0       0x78 Drivers/STM32F4xx_HAL_Driver/Src/stm32f4xx_hal_rcc_ex.o
 .debug_aranges
                0x00000418      0x368 Drivers/STM32F4xx_HAL_Driver/Src/stm32f4xx_hal_tim.o
 .debug_aranges
                0x00000780      0x140 Drivers/STM32F4xx_HAL_Driver/Src/stm32f4xx_hal_tim_ex.o
 .debug_aranges
                0x000008c0      0x1d8 Middlewares/Third_Party/FreeRTOS/Source/CMSIS_RTOS/cmsis_os.o
 .debug_aranges
                0x00000a98       0x40 Middlewares/Third_Party/FreeRTOS/Source/list.o
 .debug_aranges
                0x00000ad8      0x190 Middlewares/Third_Party/FreeRTOS/Source/tasks.o
 .debug_aranges
                0x00000c68       0x80 Middlewares/Third_Party/FreeRTOS/Source/portable/GCC/ARM_CM4F/port.o
 .debug_aranges
                0x00000ce8       0x50 Middlewares/Third_Party/FreeRTOS/Source/portable/MemMang/heap_4.o
 .debug_aranges
                0x00000d38       0x78 Src/ABAC.o
 .debug_aranges
                0x00000db0      0x188 Src/ABAC_Com_20181007_dbc.o
 .debug_aranges
                0x00000f38       0x60 Src/Attribute.o
 .debug_aranges
                0x00000f98       0xd0 Src/main.o
 .debug_aranges
                0x00001068       0x30 Src/stm32f4xx_hal_msp.o
 .debug_aranges
                0x00001098       0x30 Src/stm32f4xx_hal_timebase_TIM.o
 .debug_aranges
                0x000010c8       0x98 Src/stm32f4xx_it.o
 .debug_aranges
                0x00001160       0x28 Src/system_stm32f4xx.o
 .debug_aranges
                0x00001188       0x28 startup/startup_stm32f446xx.o

.debug_ranges   0x00000000     0x11b8
 .debug_ranges  0x00000000       0xd0 Drivers/STM32F4xx_HAL_Driver/Src/stm32f4xx_hal.o
 .debug_ranges  0x000000d0      0x128 Drivers/STM32F4xx_HAL_Driver/Src/stm32f4xx_hal_can.o
 .debug_ranges  0x000001f8       0xf8 Drivers/STM32F4xx_HAL_Driver/Src/stm32f4xx_hal_cortex.o
 .debug_ranges  0x000002f0       0x48 Drivers/STM32F4xx_HAL_Driver/Src/stm32f4xx_hal_gpio.o
 .debug_ranges  0x00000338       0x90 Drivers/STM32F4xx_HAL_Driver/Src/stm32f4xx_hal_rcc.o
 .debug_ranges  0x000003c8       0x80 Drivers/STM32F4xx_HAL_Driver/Src/stm32f4xx_hal_rcc_ex.o
 .debug_ranges  0x00000448      0x358 Drivers/STM32F4xx_HAL_Driver/Src/stm32f4xx_hal_tim.o
 .debug_ranges  0x000007a0      0x130 Drivers/STM32F4xx_HAL_Driver/Src/stm32f4xx_hal_tim_ex.o
 .debug_ranges  0x000008d0      0x1c8 Middlewares/Third_Party/FreeRTOS/Source/CMSIS_RTOS/cmsis_os.o
 .debug_ranges  0x00000a98       0x30 Middlewares/Third_Party/FreeRTOS/Source/list.o
 .debug_ranges  0x00000ac8      0x1f0 Middlewares/Third_Party/FreeRTOS/Source/tasks.o
 .debug_ranges  0x00000cb8       0x70 Middlewares/Third_Party/FreeRTOS/Source/portable/GCC/ARM_CM4F/port.o
 .debug_ranges  0x00000d28       0x40 Middlewares/Third_Party/FreeRTOS/Source/portable/MemMang/heap_4.o
 .debug_ranges  0x00000d68       0x68 Src/ABAC.o
 .debug_ranges  0x00000dd0      0x178 Src/ABAC_Com_20181007_dbc.o
 .debug_ranges  0x00000f48       0x50 Src/Attribute.o
 .debug_ranges  0x00000f98      0x120 Src/main.o
 .debug_ranges  0x000010b8       0x20 Src/stm32f4xx_hal_msp.o
 .debug_ranges  0x000010d8       0x20 Src/stm32f4xx_hal_timebase_TIM.o
 .debug_ranges  0x000010f8       0x88 Src/stm32f4xx_it.o
 .debug_ranges  0x00001180       0x18 Src/system_stm32f4xx.o
 .debug_ranges  0x00001198       0x20 startup/startup_stm32f446xx.o

.debug_macro    0x00000000    0x268ab
 .debug_macro   0x00000000      0x386 Drivers/STM32F4xx_HAL_Driver/Src/stm32f4xx_hal.o
 .debug_macro   0x00000386      0xa60 Drivers/STM32F4xx_HAL_Driver/Src/stm32f4xx_hal.o
 .debug_macro   0x00000de6       0x10 Drivers/STM32F4xx_HAL_Driver/Src/stm32f4xx_hal.o
 .debug_macro   0x00000df6      0x180 Drivers/STM32F4xx_HAL_Driver/Src/stm32f4xx_hal.o
 .debug_macro   0x00000f76       0x32 Drivers/STM32F4xx_HAL_Driver/Src/stm32f4xx_hal.o
 .debug_macro   0x00000fa8       0x28 Drivers/STM32F4xx_HAL_Driver/Src/stm32f4xx_hal.o
 .debug_macro   0x00000fd0       0x22 Drivers/STM32F4xx_HAL_Driver/Src/stm32f4xx_hal.o
 .debug_macro   0x00000ff2       0x87 Drivers/STM32F4xx_HAL_Driver/Src/stm32f4xx_hal.o
 .debug_macro   0x00001079       0x51 Drivers/STM32F4xx_HAL_Driver/Src/stm32f4xx_hal.o
 .debug_macro   0x000010ca       0xef Drivers/STM32F4xx_HAL_Driver/Src/stm32f4xx_hal.o
 .debug_macro   0x000011b9       0x6a Drivers/STM32F4xx_HAL_Driver/Src/stm32f4xx_hal.o
 .debug_macro   0x00001223      0x1df Drivers/STM32F4xx_HAL_Driver/Src/stm32f4xx_hal.o
 .debug_macro   0x00001402       0x35 Drivers/STM32F4xx_HAL_Driver/Src/stm32f4xx_hal.o
 .debug_macro   0x00001437       0x50 Drivers/STM32F4xx_HAL_Driver/Src/stm32f4xx_hal.o
 .debug_macro   0x00001487      0xe66 Drivers/STM32F4xx_HAL_Driver/Src/stm32f4xx_hal.o
 .debug_macro   0x000022ed    0x16607 Drivers/STM32F4xx_HAL_Driver/Src/stm32f4xx_hal.o
 .debug_macro   0x000188f4       0x43 Drivers/STM32F4xx_HAL_Driver/Src/stm32f4xx_hal.o
 .debug_macro   0x00018937     0x3535 Drivers/STM32F4xx_HAL_Driver/Src/stm32f4xx_hal.o
 .debug_macro   0x0001be6c       0x58 Drivers/STM32F4xx_HAL_Driver/Src/stm32f4xx_hal.o
 .debug_macro   0x0001bec4       0x17 Drivers/STM32F4xx_HAL_Driver/Src/stm32f4xx_hal.o
 .debug_macro   0x0001bedb       0x35 Drivers/STM32F4xx_HAL_Driver/Src/stm32f4xx_hal.o
 .debug_macro   0x0001bf10       0x9c Drivers/STM32F4xx_HAL_Driver/Src/stm32f4xx_hal.o
 .debug_macro   0x0001bfac       0x16 Drivers/STM32F4xx_HAL_Driver/Src/stm32f4xx_hal.o
 .debug_macro   0x0001bfc2       0x97 Drivers/STM32F4xx_HAL_Driver/Src/stm32f4xx_hal.o
 .debug_macro   0x0001c059      0x330 Drivers/STM32F4xx_HAL_Driver/Src/stm32f4xx_hal.o
 .debug_macro   0x0001c389       0xfd Drivers/STM32F4xx_HAL_Driver/Src/stm32f4xx_hal.o
 .debug_macro   0x0001c486       0x10 Drivers/STM32F4xx_HAL_Driver/Src/stm32f4xx_hal.o
 .debug_macro   0x0001c496       0x58 Drivers/STM32F4xx_HAL_Driver/Src/stm32f4xx_hal.o
 .debug_macro   0x0001c4ee       0x1f Drivers/STM32F4xx_HAL_Driver/Src/stm32f4xx_hal.o
 .debug_macro   0x0001c50d       0x43 Drivers/STM32F4xx_HAL_Driver/Src/stm32f4xx_hal.o
 .debug_macro   0x0001c550       0x20 Drivers/STM32F4xx_HAL_Driver/Src/stm32f4xx_hal.o
 .debug_macro   0x0001c570      0x18e Drivers/STM32F4xx_HAL_Driver/Src/stm32f4xx_hal.o
 .debug_macro   0x0001c6fe       0x10 Drivers/STM32F4xx_HAL_Driver/Src/stm32f4xx_hal.o
 .debug_macro   0x0001c70e       0x1c Drivers/STM32F4xx_HAL_Driver/Src/stm32f4xx_hal.o
 .debug_macro   0x0001c72a       0x52 Drivers/STM32F4xx_HAL_Driver/Src/stm32f4xx_hal.o
 .debug_macro   0x0001c77c       0x40 Drivers/STM32F4xx_HAL_Driver/Src/stm32f4xx_hal.o
 .debug_macro   0x0001c7bc       0x10 Drivers/STM32F4xx_HAL_Driver/Src/stm32f4xx_hal.o
 .debug_macro   0x0001c7cc       0x40 Drivers/STM32F4xx_HAL_Driver/Src/stm32f4xx_hal.o
 .debug_macro   0x0001c80c       0xd7 Drivers/STM32F4xx_HAL_Driver/Src/stm32f4xx_hal.o
 .debug_macro   0x0001c8e3       0x1c Drivers/STM32F4xx_HAL_Driver/Src/stm32f4xx_hal.o
 .debug_macro   0x0001c8ff       0x3d Drivers/STM32F4xx_HAL_Driver/Src/stm32f4xx_hal.o
 .debug_macro   0x0001c93c       0x16 Drivers/STM32F4xx_HAL_Driver/Src/stm32f4xx_hal.o
 .debug_macro   0x0001c952      0x16f Drivers/STM32F4xx_HAL_Driver/Src/stm32f4xx_hal.o
 .debug_macro   0x0001cac1       0x50 Drivers/STM32F4xx_HAL_Driver/Src/stm32f4xx_hal.o
 .debug_macro   0x0001cb11      0xc90 Drivers/STM32F4xx_HAL_Driver/Src/stm32f4xx_hal.o
 .debug_macro   0x0001d7a1      0xa02 Drivers/STM32F4xx_HAL_Driver/Src/stm32f4xx_hal.o
 .debug_macro   0x0001e1a3      0x11e Drivers/STM32F4xx_HAL_Driver/Src/stm32f4xx_hal.o
 .debug_macro   0x0001e2c1      0x1a0 Drivers/STM32F4xx_HAL_Driver/Src/stm32f4xx_hal.o
 .debug_macro   0x0001e461       0x27 Drivers/STM32F4xx_HAL_Driver/Src/stm32f4xx_hal.o
 .debug_macro   0x0001e488      0x287 Drivers/STM32F4xx_HAL_Driver/Src/stm32f4xx_hal.o
 .debug_macro   0x0001e70f       0x5f Drivers/STM32F4xx_HAL_Driver/Src/stm32f4xx_hal.o
 .debug_macro   0x0001e76e      0x23a Drivers/STM32F4xx_HAL_Driver/Src/stm32f4xx_hal.o
 .debug_macro   0x0001e9a8      0x3f3 Drivers/STM32F4xx_HAL_Driver/Src/stm32f4xx_hal.o
 .debug_macro   0x0001ed9b      0x13a Drivers/STM32F4xx_HAL_Driver/Src/stm32f4xx_hal.o
 .debug_macro   0x0001eed5      0x29c Drivers/STM32F4xx_HAL_Driver/Src/stm32f4xx_hal.o
 .debug_macro   0x0001f171       0x2e Drivers/STM32F4xx_HAL_Driver/Src/stm32f4xx_hal.o
 .debug_macro   0x0001f19f      0x11e Drivers/STM32F4xx_HAL_Driver/Src/stm32f4xx_hal.o
 .debug_macro   0x0001f2bd       0xe8 Drivers/STM32F4xx_HAL_Driver/Src/stm32f4xx_hal.o
 .debug_macro   0x0001f3a5       0x89 Drivers/STM32F4xx_HAL_Driver/Src/stm32f4xx_hal.o
 .debug_macro   0x0001f42e      0x6e0 Drivers/STM32F4xx_HAL_Driver/Src/stm32f4xx_hal.o
 .debug_macro   0x0001fb0e       0x60 Drivers/STM32F4xx_HAL_Driver/Src/stm32f4xx_hal.o
 .debug_macro   0x0001fb6e      0x14d Drivers/STM32F4xx_HAL_Driver/Src/stm32f4xx_hal.o
 .debug_macro   0x0001fcbb      0x12d Drivers/STM32F4xx_HAL_Driver/Src/stm32f4xx_hal.o
 .debug_macro   0x0001fde8      0x32e Drivers/STM32F4xx_HAL_Driver/Src/stm32f4xx_hal_can.o
 .debug_macro   0x00020116      0x326 Drivers/STM32F4xx_HAL_Driver/Src/stm32f4xx_hal_cortex.o
 .debug_macro   0x0002043c      0x35e Drivers/STM32F4xx_HAL_Driver/Src/stm32f4xx_hal_gpio.o
 .debug_macro   0x0002079a      0x34a Drivers/STM32F4xx_HAL_Driver/Src/stm32f4xx_hal_rcc.o
 .debug_macro   0x00020ae4      0x326 Drivers/STM32F4xx_HAL_Driver/Src/stm32f4xx_hal_rcc_ex.o
 .debug_macro   0x00020e0a      0x326 Drivers/STM32F4xx_HAL_Driver/Src/stm32f4xx_hal_tim.o
 .debug_macro   0x00021130      0x326 Drivers/STM32F4xx_HAL_Driver/Src/stm32f4xx_hal_tim_ex.o
 .debug_macro   0x00021456      0x1ed Middlewares/Third_Party/FreeRTOS/Source/CMSIS_RTOS/cmsis_os.o
 .debug_macro   0x00021643       0x52 Middlewares/Third_Party/FreeRTOS/Source/CMSIS_RTOS/cmsis_os.o
 .debug_macro   0x00021695       0x8d Middlewares/Third_Party/FreeRTOS/Source/CMSIS_RTOS/cmsis_os.o
 .debug_macro   0x00021722      0x174 Middlewares/Third_Party/FreeRTOS/Source/CMSIS_RTOS/cmsis_os.o
 .debug_macro   0x00021896       0x57 Middlewares/Third_Party/FreeRTOS/Source/CMSIS_RTOS/cmsis_os.o
 .debug_macro   0x000218ed       0x10 Middlewares/Third_Party/FreeRTOS/Source/CMSIS_RTOS/cmsis_os.o
 .debug_macro   0x000218fd       0x35 Middlewares/Third_Party/FreeRTOS/Source/CMSIS_RTOS/cmsis_os.o
 .debug_macro   0x00021932       0xd8 Middlewares/Third_Party/FreeRTOS/Source/CMSIS_RTOS/cmsis_os.o
 .debug_macro   0x00021a0a      0x168 Middlewares/Third_Party/FreeRTOS/Source/CMSIS_RTOS/cmsis_os.o
 .debug_macro   0x00021b72       0xe4 Middlewares/Third_Party/FreeRTOS/Source/CMSIS_RTOS/cmsis_os.o
 .debug_macro   0x00021c56       0x10 Middlewares/Third_Party/FreeRTOS/Source/CMSIS_RTOS/cmsis_os.o
 .debug_macro   0x00021c66       0x26 Middlewares/Third_Party/FreeRTOS/Source/CMSIS_RTOS/cmsis_os.o
 .debug_macro   0x00021c8c      0x40f Middlewares/Third_Party/FreeRTOS/Source/CMSIS_RTOS/cmsis_os.o
 .debug_macro   0x0002209b       0xc0 Middlewares/Third_Party/FreeRTOS/Source/CMSIS_RTOS/cmsis_os.o
 .debug_macro   0x0002215b       0x8c Middlewares/Third_Party/FreeRTOS/Source/CMSIS_RTOS/cmsis_os.o
 .debug_macro   0x000221e7       0x91 Middlewares/Third_Party/FreeRTOS/Source/CMSIS_RTOS/cmsis_os.o
 .debug_macro   0x00022278       0x94 Middlewares/Third_Party/FreeRTOS/Source/CMSIS_RTOS/cmsis_os.o
 .debug_macro   0x0002230c       0x63 Middlewares/Third_Party/FreeRTOS/Source/CMSIS_RTOS/cmsis_os.o
 .debug_macro   0x0002236f       0x19 Middlewares/Third_Party/FreeRTOS/Source/CMSIS_RTOS/cmsis_os.o
 .debug_macro   0x00022388       0xcf Middlewares/Third_Party/FreeRTOS/Source/CMSIS_RTOS/cmsis_os.o
 .debug_macro   0x00022457       0x26 Middlewares/Third_Party/FreeRTOS/Source/CMSIS_RTOS/cmsis_os.o
 .debug_macro   0x0002247d      0x17b Middlewares/Third_Party/FreeRTOS/Source/list.o
 .debug_macro   0x000225f8      0x264 Middlewares/Third_Party/FreeRTOS/Source/tasks.o
 .debug_macro   0x0002285c       0x11 Middlewares/Third_Party/FreeRTOS/Source/tasks.o
 .debug_macro   0x0002286d      0x19e Middlewares/Third_Party/FreeRTOS/Source/portable/GCC/ARM_CM4F/port.o
 .debug_macro   0x00022a0b      0x1a2 Middlewares/Third_Party/FreeRTOS/Source/portable/MemMang/heap_4.o
 .debug_macro   0x00022bad       0x81 Src/ABAC.o
 .debug_macro   0x00022c2e      0xb32 Src/ABAC.o
 .debug_macro   0x00023760       0x1c Src/ABAC.o
 .debug_macro   0x0002377c       0x16 Src/ABAC.o
 .debug_macro   0x00023792      0x168 Src/ABAC_Com_20181007_dbc.o
 .debug_macro   0x000238fa      0x168 Src/ABAC_Com_20181007_dbc.o
 .debug_macro   0x00023a62       0x10 Src/ABAC_Com_20181007_dbc.o
 .debug_macro   0x00023a72      0x3f4 Src/ABAC_Com_20181007_dbc.o
 .debug_macro   0x00023e66       0x9c Src/ABAC_Com_20181007_dbc.o
 .debug_macro   0x00023f02      0x17b Src/ABAC_Com_20181007_dbc.o
 .debug_macro   0x0002407d       0x43 Src/ABAC_Com_20181007_dbc.o
 .debug_macro   0x000240c0      0x353 Src/ABAC_Com_20181007_dbc.o
 .debug_macro   0x00024413       0x35 Src/ABAC_Com_20181007_dbc.o
 .debug_macro   0x00024448       0x77 Src/Attribute.o
 .debug_macro   0x000244bf      0x464 Src/main.o
 .debug_macro   0x00024923      0xe66 Src/main.o
 .debug_macro   0x00025789       0x97 Src/main.o
 .debug_macro   0x00025820      0x104 Src/main.o
 .debug_macro   0x00025924      0x137 Src/main.o
 .debug_macro   0x00025a5b       0xd8 Src/main.o
 .debug_macro   0x00025b33       0x1c Src/main.o
 .debug_macro   0x00025b4f      0x326 Src/stm32f4xx_hal_msp.o
 .debug_macro   0x00025e75      0x326 Src/stm32f4xx_hal_timebase_TIM.o
 .debug_macro   0x0002619b      0x3e4 Src/stm32f4xx_it.o
 .debug_macro   0x0002657f      0x32c Src/system_stm32f4xx.o

.debug_line     0x00000000     0xdc3c
 .debug_line    0x00000000      0x9de Drivers/STM32F4xx_HAL_Driver/Src/stm32f4xx_hal.o
 .debug_line    0x000009de      0xd6b Drivers/STM32F4xx_HAL_Driver/Src/stm32f4xx_hal_can.o
 .debug_line    0x00001749      0xa39 Drivers/STM32F4xx_HAL_Driver/Src/stm32f4xx_hal_cortex.o
 .debug_line    0x00002182      0x977 Drivers/STM32F4xx_HAL_Driver/Src/stm32f4xx_hal_gpio.o
 .debug_line    0x00002af9      0xa73 Drivers/STM32F4xx_HAL_Driver/Src/stm32f4xx_hal_rcc.o
 .debug_line    0x0000356c      0xc34 Drivers/STM32F4xx_HAL_Driver/Src/stm32f4xx_hal_rcc_ex.o
 .debug_line    0x000041a0     0x1873 Drivers/STM32F4xx_HAL_Driver/Src/stm32f4xx_hal_tim.o
 .debug_line    0x00005a13      0xdb9 Drivers/STM32F4xx_HAL_Driver/Src/stm32f4xx_hal_tim_ex.o
 .debug_line    0x000067cc      0xbfd Middlewares/Third_Party/FreeRTOS/Source/CMSIS_RTOS/cmsis_os.o
 .debug_line    0x000073c9      0x58b Middlewares/Third_Party/FreeRTOS/Source/list.o
 .debug_line    0x00007954      0xe27 Middlewares/Third_Party/FreeRTOS/Source/tasks.o
 .debug_line    0x0000877b      0x620 Middlewares/Third_Party/FreeRTOS/Source/portable/GCC/ARM_CM4F/port.o
 .debug_line    0x00008d9b      0x63e Middlewares/Third_Party/FreeRTOS/Source/portable/MemMang/heap_4.o
 .debug_line    0x000093d9      0x46b Src/ABAC.o
 .debug_line    0x00009844      0xc78 Src/ABAC_Com_20181007_dbc.o
 .debug_line    0x0000a4bc      0x3b4 Src/Attribute.o
 .debug_line    0x0000a870      0xf8b Src/main.o
 .debug_line    0x0000b7fb      0x85b Src/stm32f4xx_hal_msp.o
 .debug_line    0x0000c056      0x82d Src/stm32f4xx_hal_timebase_TIM.o
 .debug_line    0x0000c883      0xb15 Src/stm32f4xx_it.o
 .debug_line    0x0000d398      0x825 Src/system_stm32f4xx.o
 .debug_line    0x0000dbbd       0x7f startup/startup_stm32f446xx.o

.debug_str      0x00000000    0xd5d3b
 .debug_str     0x00000000    0xc6998 Drivers/STM32F4xx_HAL_Driver/Src/stm32f4xx_hal.o
                              0xc6dfa (size before relaxing)
 .debug_str     0x000c6998      0x6db Drivers/STM32F4xx_HAL_Driver/Src/stm32f4xx_hal_can.o
                              0xc6933 (size before relaxing)
 .debug_str     0x000c7073      0x394 Drivers/STM32F4xx_HAL_Driver/Src/stm32f4xx_hal_cortex.o
                              0xc6b17 (size before relaxing)
 .debug_str     0x000c7407      0x292 Drivers/STM32F4xx_HAL_Driver/Src/stm32f4xx_hal_gpio.o
                              0xc648e (size before relaxing)
 .debug_str     0x000c7699      0x339 Drivers/STM32F4xx_HAL_Driver/Src/stm32f4xx_hal_rcc.o
                              0xc665d (size before relaxing)
 .debug_str     0x000c79d2      0x324 Drivers/STM32F4xx_HAL_Driver/Src/stm32f4xx_hal_rcc_ex.o
                              0xc66ac (size before relaxing)
 .debug_str     0x000c7cf6     0x1007 Drivers/STM32F4xx_HAL_Driver/Src/stm32f4xx_hal_tim.o
                              0xc7271 (size before relaxing)
 .debug_str     0x000c8cfd      0x4f4 Drivers/STM32F4xx_HAL_Driver/Src/stm32f4xx_hal_tim_ex.o
                              0xc6b31 (size before relaxing)
 .debug_str     0x000c91f1     0x5d30 Middlewares/Third_Party/FreeRTOS/Source/CMSIS_RTOS/cmsis_os.o
                               0xcb1b (size before relaxing)
 .debug_str     0x000cef21      0x234 Middlewares/Third_Party/FreeRTOS/Source/list.o
                               0x9dab (size before relaxing)
 .debug_str     0x000cf155     0x10b7 Middlewares/Third_Party/FreeRTOS/Source/tasks.o
                               0xbe3e (size before relaxing)
 .debug_str     0x000d020c      0x77c Middlewares/Third_Party/FreeRTOS/Source/portable/GCC/ARM_CM4F/port.o
                               0x7d4f (size before relaxing)
 .debug_str     0x000d0988      0x243 Middlewares/Third_Party/FreeRTOS/Source/portable/MemMang/heap_4.o
                               0xa4eb (size before relaxing)
 .debug_str     0x000d0bcb      0xbe5 Src/ABAC.o
                               0x46dc (size before relaxing)
 .debug_str     0x000d17b0     0x36e1 Src/ABAC_Com_20181007_dbc.o
                               0xa97e (size before relaxing)
 .debug_str     0x000d4e91       0x76 Src/Attribute.o
                               0x4286 (size before relaxing)
 .debug_str     0x000d4f07      0xbc1 Src/main.o
                              0xd03bd (size before relaxing)
 .debug_str     0x000d5ac8       0x34 Src/stm32f4xx_hal_msp.o
                              0xc6a66 (size before relaxing)
 .debug_str     0x000d5afc       0x61 Src/stm32f4xx_hal_timebase_TIM.o
                              0xc6c7c (size before relaxing)
 .debug_str     0x000d5b5d      0x154 Src/stm32f4xx_it.o
                              0xcbab5 (size before relaxing)
 .debug_str     0x000d5cb1       0x5a Src/system_stm32f4xx.o
                              0xc624a (size before relaxing)
 .debug_str     0x000d5d0b       0x30 startup/startup_stm32f446xx.o
                                 0x6b (size before relaxing)

.comment        0x00000000       0x7e
 .comment       0x00000000       0x7e Drivers/STM32F4xx_HAL_Driver/Src/stm32f4xx_hal.o
                                 0x7f (size before relaxing)
 .comment       0x0000007e       0x7f Drivers/STM32F4xx_HAL_Driver/Src/stm32f4xx_hal_can.o
 .comment       0x0000007e       0x7f Drivers/STM32F4xx_HAL_Driver/Src/stm32f4xx_hal_cortex.o
 .comment       0x0000007e       0x7f Drivers/STM32F4xx_HAL_Driver/Src/stm32f4xx_hal_gpio.o
 .comment       0x0000007e       0x7f Drivers/STM32F4xx_HAL_Driver/Src/stm32f4xx_hal_rcc.o
 .comment       0x0000007e       0x7f Drivers/STM32F4xx_HAL_Driver/Src/stm32f4xx_hal_rcc_ex.o
 .comment       0x0000007e       0x7f Drivers/STM32F4xx_HAL_Driver/Src/stm32f4xx_hal_tim.o
 .comment       0x0000007e       0x7f Drivers/STM32F4xx_HAL_Driver/Src/stm32f4xx_hal_tim_ex.o
 .comment       0x0000007e       0x7f Middlewares/Third_Party/FreeRTOS/Source/CMSIS_RTOS/cmsis_os.o
 .comment       0x0000007e       0x7f Middlewares/Third_Party/FreeRTOS/Source/list.o
 .comment       0x0000007e       0x7f Middlewares/Third_Party/FreeRTOS/Source/tasks.o
 .comment       0x0000007e       0x7f Middlewares/Third_Party/FreeRTOS/Source/portable/GCC/ARM_CM4F/port.o
 .comment       0x0000007e       0x7f Middlewares/Third_Party/FreeRTOS/Source/portable/MemMang/heap_4.o
 .comment       0x0000007e       0x7f Src/ABAC.o
 .comment       0x0000007e       0x7f Src/ABAC_Com_20181007_dbc.o
 .comment       0x0000007e       0x7f Src/Attribute.o
 .comment       0x0000007e       0x7f Src/main.o
 .comment       0x0000007e       0x7f Src/stm32f4xx_hal_msp.o
 .comment       0x0000007e       0x7f Src/stm32f4xx_hal_timebase_TIM.o
 .comment       0x0000007e       0x7f Src/stm32f4xx_it.o
 .comment       0x0000007e       0x7f Src/system_stm32f4xx.o

.debug_frame    0x00000000     0x338c
 .debug_frame   0x00000000      0x1cc Drivers/STM32F4xx_HAL_Driver/Src/stm32f4xx_hal.o
 .debug_frame   0x000001cc      0x2e4 Drivers/STM32F4xx_HAL_Driver/Src/stm32f4xx_hal_can.o
 .debug_frame   0x000004b0      0x15c Drivers/STM32F4xx_HAL_Driver/Src/stm32f4xx_hal_cortex.o
 .debug_frame   0x0000060c       0xd8 Drivers/STM32F4xx_HAL_Driver/Src/stm32f4xx_hal_gpio.o
 .debug_frame   0x000006e4      0x184 Drivers/STM32F4xx_HAL_Driver/Src/stm32f4xx_hal_rcc.o
 .debug_frame   0x00000868      0x148 Drivers/STM32F4xx_HAL_Driver/Src/stm32f4xx_hal_rcc_ex.o
 .debug_frame   0x000009b0      0x9d0 Drivers/STM32F4xx_HAL_Driver/Src/stm32f4xx_hal_tim.o
 .debug_frame   0x00001380      0x384 Drivers/STM32F4xx_HAL_Driver/Src/stm32f4xx_hal_tim_ex.o
 .debug_frame   0x00001704      0x584 Middlewares/Third_Party/FreeRTOS/Source/CMSIS_RTOS/cmsis_os.o
 .debug_frame   0x00001c88       0x6c Middlewares/Third_Party/FreeRTOS/Source/list.o
 .debug_frame   0x00001cf4      0x4e8 Middlewares/Third_Party/FreeRTOS/Source/tasks.o
 .debug_frame   0x000021dc       0xf0 Middlewares/Third_Party/FreeRTOS/Source/portable/GCC/ARM_CM4F/port.o
 .debug_frame   0x000022cc       0xac Middlewares/Third_Party/FreeRTOS/Source/portable/MemMang/heap_4.o
 .debug_frame   0x00002378      0x1b0 Src/ABAC.o
 .debug_frame   0x00002528      0x52c Src/ABAC_Com_20181007_dbc.o
 .debug_frame   0x00002a54       0xac Src/Attribute.o
 .debug_frame   0x00002b00      0x2b4 Src/main.o
 .debug_frame   0x00002db4       0x68 Src/stm32f4xx_hal_msp.o
 .debug_frame   0x00002e1c       0x50 Src/stm32f4xx_hal_timebase_TIM.o
 .debug_frame   0x00002e6c      0x160 Src/stm32f4xx_it.o
 .debug_frame   0x00002fcc       0x30 Src/system_stm32f4xx.o
 .debug_frame   0x00002ffc       0x40 c:/ac6/systemworkbench/plugins/fr.ac6.mcu.externaltools.arm-none.win32_1.16.0.201807130628/tools/compiler/bin/../lib/gcc/arm-none-eabi/7.2.1/../../../../arm-none-eabi/lib/thumb/v7e-m/fpv4-sp/hard\libstdc++_nano.a(pure.o)
 .debug_frame   0x0000303c       0xb0 c:/ac6/systemworkbench/plugins/fr.ac6.mcu.externaltools.arm-none.win32_1.16.0.201807130628/tools/compiler/bin/../lib/gcc/arm-none-eabi/7.2.1/../../../../arm-none-eabi/lib/thumb/v7e-m/fpv4-sp/hard\libstdc++_nano.a(eh_terminate.o)
 .debug_frame   0x000030ec       0x2c c:/ac6/systemworkbench/plugins/fr.ac6.mcu.externaltools.arm-none.win32_1.16.0.201807130628/tools/compiler/bin/../lib/gcc/arm-none-eabi/7.2.1/thumb/v7e-m/fpv4-sp/hard\libgcc.a(_aeabi_uldivmod.o)
 .debug_frame   0x00003118       0x34 c:/ac6/systemworkbench/plugins/fr.ac6.mcu.externaltools.arm-none.win32_1.16.0.201807130628/tools/compiler/bin/../lib/gcc/arm-none-eabi/7.2.1/thumb/v7e-m/fpv4-sp/hard\libgcc.a(_udivmoddi4.o)
 .debug_frame   0x0000314c       0x28 c:/ac6/systemworkbench/plugins/fr.ac6.mcu.externaltools.arm-none.win32_1.16.0.201807130628/tools/compiler/bin/../lib/gcc/arm-none-eabi/7.2.1/../../../../arm-none-eabi/lib/thumb/v7e-m/fpv4-sp/hard\libc_nano.a(lib_a-abort.o)
 .debug_frame   0x00003174       0x2c c:/ac6/systemworkbench/plugins/fr.ac6.mcu.externaltools.arm-none.win32_1.16.0.201807130628/tools/compiler/bin/../lib/gcc/arm-none-eabi/7.2.1/../../../../arm-none-eabi/lib/thumb/v7e-m/fpv4-sp/hard\libc_nano.a(lib_a-init.o)
 .debug_frame   0x000031a0       0x28 c:/ac6/systemworkbench/plugins/fr.ac6.mcu.externaltools.arm-none.win32_1.16.0.201807130628/tools/compiler/bin/../lib/gcc/arm-none-eabi/7.2.1/../../../../arm-none-eabi/lib/thumb/v7e-m/fpv4-sp/hard\libc_nano.a(lib_a-memcpy-stub.o)
 .debug_frame   0x000031c8       0xcc c:/ac6/systemworkbench/plugins/fr.ac6.mcu.externaltools.arm-none.win32_1.16.0.201807130628/tools/compiler/bin/../lib/gcc/arm-none-eabi/7.2.1/../../../../arm-none-eabi/lib/thumb/v7e-m/fpv4-sp/hard\libc_nano.a(lib_a-signal.o)
 .debug_frame   0x00003294       0x3c c:/ac6/systemworkbench/plugins/fr.ac6.mcu.externaltools.arm-none.win32_1.16.0.201807130628/tools/compiler/bin/../lib/gcc/arm-none-eabi/7.2.1/../../../../arm-none-eabi/lib/thumb/v7e-m/fpv4-sp/hard\libc_nano.a(lib_a-signalr.o)
 .debug_frame   0x000032d0       0x5c c:/ac6/systemworkbench/plugins/fr.ac6.mcu.externaltools.arm-none.win32_1.16.0.201807130628/tools/compiler/bin/../lib/gcc/arm-none-eabi/7.2.1/../../../../arm-none-eabi/lib/thumb/v7e-m/fpv4-sp/hard\libc_nano.a(lib_a-reent.o)
 .debug_frame   0x0000332c       0x20 c:/ac6/systemworkbench/plugins/fr.ac6.mcu.externaltools.arm-none.win32_1.16.0.201807130628/tools/compiler/bin/../lib/gcc/arm-none-eabi/7.2.1/../../../../arm-none-eabi/lib/thumb/v7e-m/fpv4-sp/hard\libnosys.a(getpid.o)