Archive member included to satisfy reference by file (symbol)

c:/ac6/systemworkbench/plugins/fr.ac6.mcu.externaltools.arm-none.win32_1.16.0.201807130628/tools/compiler/bin/../lib/gcc/arm-none-eabi/7.2.1/../../../../arm-none-eabi/lib/thumb/v7e-m/fpv4-sp/hard\libstdc++_nano.a(pure.o)
                              Src/main.o (__cxa_pure_virtual)
c:/ac6/systemworkbench/plugins/fr.ac6.mcu.externaltools.arm-none.win32_1.16.0.201807130628/tools/compiler/bin/../lib/gcc/arm-none-eabi/7.2.1/../../../../arm-none-eabi/lib/thumb/v7e-m/fpv4-sp/hard\libstdc++_nano.a(eh_terminate.o)
                              c:/ac6/systemworkbench/plugins/fr.ac6.mcu.externaltools.arm-none.win32_1.16.0.201807130628/tools/compiler/bin/../lib/gcc/arm-none-eabi/7.2.1/../../../../arm-none-eabi/lib/thumb/v7e-m/fpv4-sp/hard\libstdc++_nano.a(pure.o) (std::terminate())
c:/ac6/systemworkbench/plugins/fr.ac6.mcu.externaltools.arm-none.win32_1.16.0.201807130628/tools/compiler/bin/../lib/gcc/arm-none-eabi/7.2.1/../../../../arm-none-eabi/lib/thumb/v7e-m/fpv4-sp/hard\libstdc++_nano.a(eh_term_handler.o)
                              c:/ac6/systemworkbench/plugins/fr.ac6.mcu.externaltools.arm-none.win32_1.16.0.201807130628/tools/compiler/bin/../lib/gcc/arm-none-eabi/7.2.1/../../../../arm-none-eabi/lib/thumb/v7e-m/fpv4-sp/hard\libstdc++_nano.a(eh_terminate.o) (__cxxabiv1::__terminate_handler)
c:/ac6/systemworkbench/plugins/fr.ac6.mcu.externaltools.arm-none.win32_1.16.0.201807130628/tools/compiler/bin/../lib/gcc/arm-none-eabi/7.2.1/../../../../arm-none-eabi/lib/thumb/v7e-m/fpv4-sp/hard\libstdc++_nano.a(eh_unex_handler.o)
                              c:/ac6/systemworkbench/plugins/fr.ac6.mcu.externaltools.arm-none.win32_1.16.0.201807130628/tools/compiler/bin/../lib/gcc/arm-none-eabi/7.2.1/../../../../arm-none-eabi/lib/thumb/v7e-m/fpv4-sp/hard\libstdc++_nano.a(eh_terminate.o) (__cxxabiv1::__unexpected_handler)
c:/ac6/systemworkbench/plugins/fr.ac6.mcu.externaltools.arm-none.win32_1.16.0.201807130628/tools/compiler/bin/../lib/gcc/arm-none-eabi/7.2.1/thumb/v7e-m/fpv4-sp/hard\libgcc.a(_arm_addsubdf3.o)
                              Src/ABAC_Com_20181007_dbc.o (__aeabi_dadd)
c:/ac6/systemworkbench/plugins/fr.ac6.mcu.externaltools.arm-none.win32_1.16.0.201807130628/tools/compiler/bin/../lib/gcc/arm-none-eabi/7.2.1/thumb/v7e-m/fpv4-sp/hard\libgcc.a(_arm_muldivdf3.o)
                              Src/ABAC_Com_20181007_dbc.o (__aeabi_dmul)
c:/ac6/systemworkbench/plugins/fr.ac6.mcu.externaltools.arm-none.win32_1.16.0.201807130628/tools/compiler/bin/../lib/gcc/arm-none-eabi/7.2.1/thumb/v7e-m/fpv4-sp/hard\libgcc.a(_aeabi_uldivmod.o)
                              Drivers/STM32F4xx_HAL_Driver/Src/stm32f4xx_hal_rcc.o (__aeabi_uldivmod)
c:/ac6/systemworkbench/plugins/fr.ac6.mcu.externaltools.arm-none.win32_1.16.0.201807130628/tools/compiler/bin/../lib/gcc/arm-none-eabi/7.2.1/thumb/v7e-m/fpv4-sp/hard\libgcc.a(_udivmoddi4.o)
                              c:/ac6/systemworkbench/plugins/fr.ac6.mcu.externaltools.arm-none.win32_1.16.0.201807130628/tools/compiler/bin/../lib/gcc/arm-none-eabi/7.2.1/thumb/v7e-m/fpv4-sp/hard\libgcc.a(_aeabi_uldivmod.o) (__udivmoddi4)
c:/ac6/systemworkbench/plugins/fr.ac6.mcu.externaltools.arm-none.win32_1.16.0.201807130628/tools/compiler/bin/../lib/gcc/arm-none-eabi/7.2.1/thumb/v7e-m/fpv4-sp/hard\libgcc.a(_dvmd_tls.o)
                              c:/ac6/systemworkbench/plugins/fr.ac6.mcu.externaltools.arm-none.win32_1.16.0.201807130628/tools/compiler/bin/../lib/gcc/arm-none-eabi/7.2.1/thumb/v7e-m/fpv4-sp/hard\libgcc.a(_aeabi_uldivmod.o) (__aeabi_ldiv0)
c:/ac6/systemworkbench/plugins/fr.ac6.mcu.externaltools.arm-none.win32_1.16.0.201807130628/tools/compiler/bin/../lib/gcc/arm-none-eabi/7.2.1/../../../../arm-none-eabi/lib/thumb/v7e-m/fpv4-sp/hard\libc_nano.a(lib_a-abort.o)
                              c:/ac6/systemworkbench/plugins/fr.ac6.mcu.externaltools.arm-none.win32_1.16.0.201807130628/tools/compiler/bin/../lib/gcc/arm-none-eabi/7.2.1/../../../../arm-none-eabi/lib/thumb/v7e-m/fpv4-sp/hard\libstdc++_nano.a(eh_terminate.o) (abort)
c:/ac6/systemworkbench/plugins/fr.ac6.mcu.externaltools.arm-none.win32_1.16.0.201807130628/tools/compiler/bin/../lib/gcc/arm-none-eabi/7.2.1/../../../../arm-none-eabi/lib/thumb/v7e-m/fpv4-sp/hard\libc_nano.a(lib_a-exit.o)
                              c:/ac6/systemworkbench/plugins/fr.ac6.mcu.externaltools.arm-none.win32_1.16.0.201807130628/tools/compiler/bin/../lib/gcc/arm-none-eabi/7.2.1/../../../../arm-none-eabi/lib/thumb/v7e-m/fpv4-sp/hard/crt0.o (exit)
c:/ac6/systemworkbench/plugins/fr.ac6.mcu.externaltools.arm-none.win32_1.16.0.201807130628/tools/compiler/bin/../lib/gcc/arm-none-eabi/7.2.1/../../../../arm-none-eabi/lib/thumb/v7e-m/fpv4-sp/hard\libc_nano.a(lib_a-impure.o)
[...]
Memory Configuration

Name             Origin             Length             Attributes
RAM              0x20000000         0x00020000         xrw
FLASH            0x08000000         0x00080000         xr
*default*        0x00000000         0xffffffff

Linker script and memory map

LOAD c:/ac6/systemworkbench/plugins/fr.ac6.mcu.externaltools.arm-none.win32_1.16.0.201807130628/tools/compiler/bin/../lib/gcc/arm-none-eabi/7.2.1/thumb/v7e-m/fpv4-sp/hard/crti.o
LOAD c:/ac6/systemworkbench/plugins/fr.ac6.mcu.externaltools.arm-none.win32_1.16.0.201807130628/tools/compiler/bin/../lib/gcc/arm-none-eabi/7.2.1/thumb/v7e-m/fpv4-sp/hard/crtbegin.o
LOAD c:/ac6/systemworkbench/plugins/fr.ac6.mcu.externaltools.arm-none.win32_1.16.0.201807130628/tools/compiler/bin/../lib/gcc/arm-none-eabi/7.2.1/../../../../arm-none-eabi/lib/thumb/v7e-m/fpv4-sp/hard/crt0.o
LOAD Drivers/STM32F4xx_HAL_Driver/Src/stm32f4xx_hal.o
LOAD Drivers/STM32F4xx_HAL_Driver/Src/stm32f4xx_hal_can.o
LOAD Drivers/STM32F4xx_HAL_Driver/Src/stm32f4xx_hal_cortex.o
LOAD Drivers/STM32F4xx_HAL_Driver/Src/stm32f4xx_hal_dma.o
LOAD Drivers/STM32F4xx_HAL_Driver/Src/stm32f4xx_hal_dma_ex.o
LOAD Drivers/STM32F4xx_HAL_Driver/Src/stm32f4xx_hal_flash.o
LOAD Drivers/STM32F4xx_HAL_Driver/Src/stm32f4xx_hal_flash_ex.o
LOAD Drivers/STM32F4xx_HAL_Driver/Src/stm32f4xx_hal_flash_ramfunc.o
LOAD Drivers/STM32F4xx_HAL_Driver/Src/stm32f4xx_hal_gpio.o
LOAD Drivers/STM32F4xx_HAL_Driver/Src/stm32f4xx_hal_pwr.o
LOAD Drivers/STM32F4xx_HAL_Driver/Src/stm32f4xx_hal_pwr_ex.o
LOAD Drivers/STM32F4xx_HAL_Driver/Src/stm32f4xx_hal_rcc.o
LOAD Drivers/STM32F4xx_HAL_Driver/Src/stm32f4xx_hal_rcc_ex.o
LOAD Drivers/STM32F4xx_HAL_Driver/Src/stm32f4xx_hal_tim.o
LOAD Drivers/STM32F4xx_HAL_Driver/Src/stm32f4xx_hal_tim_ex.o
LOAD Middlewares/Third_Party/FreeRTOS/Source/CMSIS_RTOS/cmsis_os.o
LOAD Middlewares/Third_Party/FreeRTOS/Source/croutine.o
LOAD Middlewares/Third_Party/FreeRTOS/Source/event_groups.o
LOAD Middlewares/Third_Party/FreeRTOS/Source/list.o
LOAD Middlewares/Third_Party/FreeRTOS/Source/queue.o
LOAD Middlewares/Third_Party/FreeRTOS/Source/tasks.o
LOAD Middlewares/Third_Party/FreeRTOS/Source/timers.o
LOAD Middlewares/Third_Party/FreeRTOS/Source/portable/GCC/ARM_CM4F/port.o
LOAD Middlewares/Third_Party/FreeRTOS/Source/portable/MemMang/heap_4.o
LOAD Src/ABAC.o
LOAD Src/ABAC_Com_20181007_dbc.o
LOAD Src/Attribute.o
LOAD Src/freertos.o
LOAD Src/main.o
LOAD Src/stm32f4xx_hal_msp.o
LOAD Src/stm32f4xx_hal_timebase_TIM.o
LOAD Src/stm32f4xx_it.o
LOAD Src/system_stm32f4xx.o
LOAD startup/startup_stm32f446xx.o
LOAD c:/ac6/systemworkbench/plugins/fr.ac6.mcu.externaltools.arm-none.win32_1.16.0.201807130628/tools/compiler/bin/../lib/gcc/arm-none-eabi/7.2.1/../../../../arm-none-eabi/lib/thumb/v7e-m/fpv4-sp/hard\libstdc++_nano.a
LOAD c:/ac6/systemworkbench/plugins/fr.ac6.mcu.externaltools.arm-none.win32_1.16.0.201807130628/tools/compiler/bin/../lib/gcc/arm-none-eabi/7.2.1/../../../../arm-none-eabi/lib/thumb/v7e-m/fpv4-sp/hard\libm.a
START GROUP
LOAD c:/ac6/systemworkbench/plugins/fr.ac6.mcu.externaltools.arm-none.win32_1.16.0.201807130628/tools/compiler/bin/../lib/gcc/arm-none-eabi/7.2.1/thumb/v7e-m/fpv4-sp/hard\libgcc.a
LOAD c:/ac6/systemworkbench/plugins/fr.ac6.mcu.externaltools.arm-none.win32_1.16.0.201807130628/tools/compiler/bin/../lib/gcc/arm-none-eabi/7.2.1/../../../../arm-none-eabi/lib/thumb/v7e-m/fpv4-sp/hard\libc_nano.a
END GROUP
START GROUP
LOAD c:/ac6/systemworkbench/plugins/fr.ac6.mcu.externaltools.arm-none.win32_1.16.0.201807130628/tools/compiler/bin/../lib/gcc/arm-none-eabi/7.2.1/thumb/v7e-m/fpv4-sp/hard\libgcc.a
LOAD c:/ac6/systemworkbench/plugins/fr.ac6.mcu.externaltools.arm-none.win32_1.16.0.201807130628/tools/compiler/bin/../lib/gcc/arm-none-eabi/7.2.1/../../../../arm-none-eabi/lib/thumb/v7e-m/fpv4-sp/hard\libc_nano.a
LOAD c:/ac6/systemworkbench/plugins/fr.ac6.mcu.externaltools.arm-none.win32_1.16.0.201807130628/tools/compiler/bin/../lib/gcc/arm-none-eabi/7.2.1/../../../../arm-none-eabi/lib/thumb/v7e-m/fpv4-sp/hard\libnosys.a
END GROUP
START GROUP
LOAD c:/ac6/systemworkbench/plugins/fr.ac6.mcu.externaltools.arm-none.win32_1.16.0.201807130628/tools/compiler/bin/../lib/gcc/arm-none-eabi/7.2.1/thumb/v7e-m/fpv4-sp/hard\libgcc.a
LOAD c:/ac6/systemworkbench/plugins/fr.ac6.mcu.externaltools.arm-none.win32_1.16.0.201807130628/tools/compiler/bin/../lib/gcc/arm-none-eabi/7.2.1/../../../../arm-none-eabi/lib/thumb/v7e-m/fpv4-sp/hard\libc_nano.a
LOAD c:/ac6/systemworkbench/plugins/fr.ac6.mcu.externaltools.arm-none.win32_1.16.0.201807130628/tools/compiler/bin/../lib/gcc/arm-none-eabi/7.2.1/../../../../arm-none-eabi/lib/thumb/v7e-m/fpv4-sp/hard\libnosys.a
END GROUP
LOAD c:/ac6/systemworkbench/plugins/fr.ac6.mcu.externaltools.arm-none.win32_1.16.0.201807130628/tools/compiler/bin/../lib/gcc/arm-none-eabi/7.2.1/thumb/v7e-m/fpv4-sp/hard/crtend.o
LOAD c:/ac6/systemworkbench/plugins/fr.ac6.mcu.externaltools.arm-none.win32_1.16.0.201807130628/tools/compiler/bin/../lib/gcc/arm-none-eabi/7.2.1/thumb/v7e-m/fpv4-sp/hard/crtn.o
                0x20020000                _estack = 0x20020000
                0x00000200                _Min_Heap_Size = 0x200
                0x00000400                _Min_Stack_Size = 0x400

.isr_vector     0x08000000      0x1c4
                0x08000000                . = ALIGN (0x4)
 *(.isr_vector)
 .isr_vector    0x08000000      0x1c4 startup/startup_stm32f446xx.o
                0x08000000                g_pfnVectors
                0x080001c4                . = ALIGN (0x4)

.text           0x080001d0     0x6c04
                0x080001d0                . = ALIGN (0x4)
 *(.text)
 .text          0x080001d0       0x40 c:/ac6/systemworkbench/plugins/fr.ac6.mcu.externaltools.arm-none.win32_1.16.0.201807130628/tools/compiler/bin/../lib/gcc/arm-none-eabi/7.2.1/thumb/v7e-m/fpv4-sp/hard/crtbegin.o
 .text          0x08000210      0x378 c:/ac6/systemworkbench/plugins/fr.ac6.mcu.externaltools.arm-none.win32_1.16.0.201807130628/tools/compiler/bin/../lib/gcc/arm-none-eabi/7.2.1/thumb/v7e-m/fpv4-sp/hard\libgcc.a(_arm_addsubdf3.o)
                0x08000210                __aeabi_drsub
                0x08000218                __aeabi_dsub
                0x08000218                __subdf3
                0x0800021c                __aeabi_dadd
                0x0800021c                __adddf3
                0x08000494                __floatunsidf
                0x08000494                __aeabi_ui2d
                0x080004b4                __floatsidf
                0x080004b4                __aeabi_i2d
                0x080004d8                __aeabi_f2d
                0x080004d8                __extendsfdf2
                0x0800051c                __floatundidf
                0x0800051c                __aeabi_ul2d
                0x0800052c                __floatdidf
                0x0800052c                __aeabi_l2d
 .text          0x08000588      0x424 c:/ac6/systemworkbench/plugins/fr.ac6.mcu.externaltools.arm-none.win32_1.16.0.201807130628/tools/compiler/bin/../lib/gcc/arm-none-eabi/7.2.1/thumb/v7e-m/fpv4-sp/hard\libgcc.a(_arm_muldivdf3.o)
                0x08000588                __aeabi_dmul
                0x08000588                __muldf3
                0x080007dc                __divdf3
                0x080007dc                __aeabi_ddiv
 .text          0x080009ac       0x30 c:/ac6/systemworkbench/plugins/fr.ac6.mcu.externaltools.arm-none.win32_1.16.0.201807130628/tools/compiler/bin/../lib/gcc/arm-none-eabi/7.2.1/thumb/v7e-m/fpv4-sp/hard\libgcc.a(_aeabi_uldivmod.o)
                0x080009ac                __aeabi_uldivmod
 .text          0x080009dc      0x2cc c:/ac6/systemworkbench/plugins/fr.ac6.mcu.externaltools.arm-none.win32_1.16.0.201807130628/tools/compiler/bin/../lib/gcc/arm-none-eabi/7.2.1/thumb/v7e-m/fpv4-sp/hard\libgcc.a(_udivmoddi4.o)
                0x080009dc                __udivmoddi4
 .text          0x08000ca8        0x4 c:/ac6/systemworkbench/plugins/fr.ac6.mcu.externaltools.arm-none.win32_1.16.0.201807130628/tools/compiler/bin/../lib/gcc/arm-none-eabi/7.2.1/thumb/v7e-m/fpv4-sp/hard\libgcc.a(_dvmd_tls.o)
                0x08000ca8                __aeabi_idiv0
                0x08000ca8                __aeabi_ldiv0
 *(.text*)
 .text.HAL_Init
                0x08000cac       0x44 Drivers/STM32F4xx_HAL_Driver/Src/stm32f4xx_hal.o
                0x08000cac                HAL_Init
 .text.HAL_IncTick
                0x08000cf0       0x28 Drivers/STM32F4xx_HAL_Driver/Src/stm32f4xx_hal.o
                0x08000cf0                HAL_IncTick
 .text.HAL_GetTick
                0x08000d18       0x18 Drivers/STM32F4xx_HAL_Driver/Src/stm32f4xx_hal.o
                0x08000d18                HAL_GetTick
 .text.HAL_CAN_Init
                0x08000d30      0x1fa Drivers/STM32F4xx_HAL_Driver/Src/stm32f4xx_hal_can.o
                0x08000d30                HAL_CAN_Init
 *fill*         0x08000f2a        0x2 
 .text.HAL_CAN_ConfigFilter
                0x08000f2c      0x1c4 Drivers/STM32F4xx_HAL_Driver/Src/stm32f4xx_hal_can.o
                0x08000f2c                HAL_CAN_ConfigFilter
 .text.HAL_CAN_Start
                0x080010f0       0x8c Drivers/STM32F4xx_HAL_Driver/Src/stm32f4xx_hal_can.o
                0x080010f0                HAL_CAN_Start
 .text.HAL_CAN_AddTxMessage
                0x0800117c      0x1ac Drivers/STM32F4xx_HAL_Driver/Src/stm32f4xx_hal_can.o
                0x0800117c                HAL_CAN_AddTxMessage
 .text.HAL_CAN_GetRxMessage
                0x08001328      0x236 Drivers/STM32F4xx_HAL_Driver/Src/stm32f4xx_hal_can.o
                0x08001328                HAL_CAN_GetRxMessage
 .text.HAL_CAN_ActivateNotification
                0x0800155e       0x50 Drivers/STM32F4xx_HAL_Driver/Src/stm32f4xx_hal_can.o
                0x0800155e                HAL_CAN_ActivateNotification
 .text.HAL_CAN_IRQHandler
                0x080015ae      0x362 Drivers/STM32F4xx_HAL_Driver/Src/stm32f4xx_hal_can.o
                0x080015ae                HAL_CAN_IRQHandler
 .text.HAL_CAN_TxMailbox0CompleteCallback
                0x08001910       0x14 Drivers/STM32F4xx_HAL_Driver/Src/stm32f4xx_hal_can.o
                0x08001910                HAL_CAN_TxMailbox0CompleteCallback
 .text.HAL_CAN_TxMailbox1CompleteCallback
                0x08001924       0x14 Drivers/STM32F4xx_HAL_Driver/Src/stm32f4xx_hal_can.o
                0x08001924                HAL_CAN_TxMailbox1CompleteCallback
 .text.HAL_CAN_TxMailbox2CompleteCallback
                0x08001938       0x14 Drivers/STM32F4xx_HAL_Driver/Src/stm32f4xx_hal_can.o
                0x08001938                HAL_CAN_TxMailbox2CompleteCallback
 .text.HAL_CAN_TxMailbox0AbortCallback
                0x0800194c       0x14 Drivers/STM32F4xx_HAL_Driver/Src/stm32f4xx_hal_can.o
                0x0800194c                HAL_CAN_TxMailbox0AbortCallback
 .text.HAL_CAN_TxMailbox1AbortCallback
                0x08001960       0x14 Drivers/STM32F4xx_HAL_Driver/Src/stm32f4xx_hal_can.o
                0x08001960                HAL_CAN_TxMailbox1AbortCallback
 .text.HAL_CAN_TxMailbox2AbortCallback
                0x08001974       0x14 Drivers/STM32F4xx_HAL_Driver/Src/stm32f4xx_hal_can.o
                0x08001974                HAL_CAN_TxMailbox2AbortCallback
 .text.HAL_CAN_RxFifo0FullCallback
                0x08001988       0x14 Drivers/STM32F4xx_HAL_Driver/Src/stm32f4xx_hal_can.o
                0x08001988                HAL_CAN_RxFifo0FullCallback
 .text.HAL_CAN_RxFifo1FullCallback
                0x0800199c       0x14 Drivers/STM32F4xx_HAL_Driver/Src/stm32f4xx_hal_can.o
                0x0800199c                HAL_CAN_RxFifo1FullCallback
 .text.HAL_CAN_SleepCallback
                0x080019b0       0x14 Drivers/STM32F4xx_HAL_Driver/Src/stm32f4xx_hal_can.o
                0x080019b0                HAL_CAN_SleepCallback
 .text.HAL_CAN_WakeUpFromRxMsgCallback
                0x080019c4       0x14 Drivers/STM32F4xx_HAL_Driver/Src/stm32f4xx_hal_can.o
                0x080019c4                HAL_CAN_WakeUpFromRxMsgCallback
 .text.HAL_CAN_ErrorCallback
                0x080019d8       0x14 Drivers/STM32F4xx_HAL_Driver/Src/stm32f4xx_hal_can.o
                0x080019d8                HAL_CAN_ErrorCallback
 .text.NVIC_SetPriorityGrouping
                0x080019ec       0x48 Drivers/STM32F4xx_HAL_Driver/Src/stm32f4xx_hal_cortex.o
 .text.NVIC_GetPriorityGrouping
                0x08001a34       0x1c Drivers/STM32F4xx_HAL_Driver/Src/stm32f4xx_hal_cortex.o
 .text.NVIC_EnableIRQ
                0x08001a50       0x34 Drivers/STM32F4xx_HAL_Driver/Src/stm32f4xx_hal_cortex.o
 .text.NVIC_SetPriority
                0x08001a84       0x54 Drivers/STM32F4xx_HAL_Driver/Src/stm32f4xx_hal_cortex.o
 .text.NVIC_EncodePriority
                0x08001ad8       0x66 Drivers/STM32F4xx_HAL_Driver/Src/stm32f4xx_hal_cortex.o
 *fill*         0x08001b3e        0x2 
 .text.SysTick_Config
                0x08001b40       0x44 Drivers/STM32F4xx_HAL_Driver/Src/stm32f4xx_hal_cortex.o
 .text.HAL_NVIC_SetPriorityGrouping
                0x08001b84       0x16 Drivers/STM32F4xx_HAL_Driver/Src/stm32f4xx_hal_cortex.o
                0x08001b84                HAL_NVIC_SetPriorityGrouping
 .text.HAL_NVIC_SetPriority
                0x08001b9a       0x38 Drivers/STM32F4xx_HAL_Driver/Src/stm32f4xx_hal_cortex.o
                0x08001b9a                HAL_NVIC_SetPriority
 .text.HAL_NVIC_EnableIRQ
                0x08001bd2       0x1c Drivers/STM32F4xx_HAL_Driver/Src/stm32f4xx_hal_cortex.o
                0x08001bd2                HAL_NVIC_EnableIRQ
 .text.HAL_SYSTICK_Config
                0x08001bee       0x18 Drivers/STM32F4xx_HAL_Driver/Src/stm32f4xx_hal_cortex.o
                0x08001bee                HAL_SYSTICK_Config
 *fill*         0x08001c06        0x2 
 .text.HAL_SYSTICK_CLKSourceConfig
                0x08001c08       0x38 Drivers/STM32F4xx_HAL_Driver/Src/stm32f4xx_hal_cortex.o
                0x08001c08                HAL_SYSTICK_CLKSourceConfig
 .text.HAL_GPIO_Init
                0x08001c40      0x324 Drivers/STM32F4xx_HAL_Driver/Src/stm32f4xx_hal_gpio.o
                0x08001c40                HAL_GPIO_Init
 .text.HAL_RCC_ClockConfig
                0x08001f64      0x1c4 Drivers/STM32F4xx_HAL_Driver/Src/stm32f4xx_hal_rcc.o
                0x08001f64                HAL_RCC_ClockConfig
 .text.HAL_RCC_GetHCLKFreq
                0x08002128       0x18 Drivers/STM32F4xx_HAL_Driver/Src/stm32f4xx_hal_rcc.o
                0x08002128                HAL_RCC_GetHCLKFreq
 .text.HAL_RCC_GetPCLK2Freq
                0x08002140       0x28 Drivers/STM32F4xx_HAL_Driver/Src/stm32f4xx_hal_rcc.o
                0x08002140                HAL_RCC_GetPCLK2Freq
 .text.HAL_RCC_GetClockConfig
                0x08002168       0x64 Drivers/STM32F4xx_HAL_Driver/Src/stm32f4xx_hal_rcc.o
                0x08002168                HAL_RCC_GetClockConfig
 .text.HAL_RCC_GetSysClockFreq
                0x080021cc      0x2a4 Drivers/STM32F4xx_HAL_Driver/Src/stm32f4xx_hal_rcc_ex.o
                0x080021cc                HAL_RCC_GetSysClockFreq
 .text.HAL_RCC_OscConfig
                0x08002470      0x4b4 Drivers/STM32F4xx_HAL_Driver/Src/stm32f4xx_hal_rcc_ex.o
                0x08002470                HAL_RCC_OscConfig
 .text.HAL_TIM_Base_Init
                0x08002924       0x56 Drivers/STM32F4xx_HAL_Driver/Src/stm32f4xx_hal_tim.o
                0x08002924                HAL_TIM_Base_Init
 .text.HAL_TIM_Base_MspInit
                0x0800297a       0x14 Drivers/STM32F4xx_HAL_Driver/Src/stm32f4xx_hal_tim.o
                0x0800297a                HAL_TIM_Base_MspInit
 .text.HAL_TIM_Base_Start_IT
                0x0800298e       0x36 Drivers/STM32F4xx_HAL_Driver/Src/stm32f4xx_hal_tim.o
                0x0800298e                HAL_TIM_Base_Start_IT
 .text.HAL_TIM_IRQHandler
                0x080029c4      0x210 Drivers/STM32F4xx_HAL_Driver/Src/stm32f4xx_hal_tim.o
                0x080029c4                HAL_TIM_IRQHandler
 .text.HAL_TIM_OC_DelayElapsedCallback
                0x08002bd4       0x14 Drivers/STM32F4xx_HAL_Driver/Src/stm32f4xx_hal_tim.o
                0x08002bd4                HAL_TIM_OC_DelayElapsedCallback
 .text.HAL_TIM_IC_CaptureCallback
                0x08002be8       0x14 Drivers/STM32F4xx_HAL_Driver/Src/stm32f4xx_hal_tim.o
                0x08002be8                HAL_TIM_IC_CaptureCallback
 .text.HAL_TIM_PWM_PulseFinishedCallback
                0x08002bfc       0x14 Drivers/STM32F4xx_HAL_Driver/Src/stm32f4xx_hal_tim.o
                0x08002bfc                HAL_TIM_PWM_PulseFinishedCallback
 .text.HAL_TIM_TriggerCallback
                0x08002c10       0x14 Drivers/STM32F4xx_HAL_Driver/Src/stm32f4xx_hal_tim.o
                0x08002c10                HAL_TIM_TriggerCallback
 .text.TIM_Base_SetConfig
                0x08002c24      0x154 Drivers/STM32F4xx_HAL_Driver/Src/stm32f4xx_hal_tim.o
                0x08002c24                TIM_Base_SetConfig
 .text.HAL_TIMEx_CommutationCallback
                0x08002d78       0x14 Drivers/STM32F4xx_HAL_Driver/Src/stm32f4xx_hal_tim_ex.o
                0x08002d78                HAL_TIMEx_CommutationCallback
 .text.HAL_TIMEx_BreakCallback
                0x08002d8c       0x14 Drivers/STM32F4xx_HAL_Driver/Src/stm32f4xx_hal_tim_ex.o
                0x08002d8c                HAL_TIMEx_BreakCallback
 .text.makeFreeRtosPriority
                0x08002da0       0x30 Middlewares/Third_Party/FreeRTOS/Source/CMSIS_RTOS/cmsis_os.o
 .text.osKernelStart
                0x08002dd0        0xe Middlewares/Third_Party/FreeRTOS/Source/CMSIS_RTOS/cmsis_os.o
                0x08002dd0                osKernelStart
 .text.osThreadCreate
                0x08002dde       0x4e Middlewares/Third_Party/FreeRTOS/Source/CMSIS_RTOS/cmsis_os.o
                0x08002dde                osThreadCreate
 .text.osDelay  0x08002e2c       0x28 Middlewares/Third_Party/FreeRTOS/Source/CMSIS_RTOS/cmsis_os.o
                0x08002e2c                osDelay
 .text.osSystickHandler
                0x08002e54       0x16 Middlewares/Third_Party/FreeRTOS/Source/CMSIS_RTOS/cmsis_os.o
                0x08002e54                osSystickHandler
 .text.vListInitialise
                0x08002e6a       0x40 Middlewares/Third_Party/FreeRTOS/Source/list.o
                0x08002e6a                vListInitialise
 .text.vListInitialiseItem
                0x08002eaa       0x1a Middlewares/Third_Party/FreeRTOS/Source/list.o
                0x08002eaa                vListInitialiseItem
 .text.vListInsertEnd
                0x08002ec4       0x48 Middlewares/Third_Party/FreeRTOS/Source/list.o
                0x08002ec4                vListInsertEnd
 .text.vListInsert
                0x08002f0c       0x72 Middlewares/Third_Party/FreeRTOS/Source/list.o
                0x08002f0c                vListInsert
 .text.uxListRemove
                0x08002f7e       0x54 Middlewares/Third_Party/FreeRTOS/Source/list.o
                0x08002f7e                uxListRemove
 .text.xTaskCreate
                0x08002fd2       0x82 Middlewares/Third_Party/FreeRTOS/Source/tasks.o
                0x08002fd2                xTaskCreate
 .text.prvInitialiseNewTask
                0x08003054       0xfc Middlewares/Third_Party/FreeRTOS/Source/tasks.o
 .text.prvAddNewTaskToReadyList
                0x08003150       0xd4 Middlewares/Third_Party/FreeRTOS/Source/tasks.o
 .text.vTaskDelay
                0x08003224       0x68 Middlewares/Third_Party/FreeRTOS/Source/tasks.o
                0x08003224                vTaskDelay
 .text.vTaskStartScheduler
                0x0800328c       0x8c Middlewares/Third_Party/FreeRTOS/Source/tasks.o
                0x0800328c                vTaskStartScheduler
 .text.vTaskSuspendAll
                0x08003318       0x1c Middlewares/Third_Party/FreeRTOS/Source/tasks.o
                0x08003318                vTaskSuspendAll
 .text.xTaskResumeAll
                0x08003334      0x138 Middlewares/Third_Party/FreeRTOS/Source/tasks.o
                0x08003334                xTaskResumeAll
 .text.xTaskIncrementTick
                0x0800346c      0x178 Middlewares/Third_Party/FreeRTOS/Source/tasks.o
                0x0800346c                xTaskIncrementTick
 .text.vTaskSwitchContext
                0x080035e4       0xb4 Middlewares/Third_Party/FreeRTOS/Source/tasks.o
                0x080035e4                vTaskSwitchContext
 .text.prvIdleTask
                0x08003698       0x30 Middlewares/Third_Party/FreeRTOS/Source/tasks.o
 .text.prvInitialiseTaskLists
                0x080036c8       0x80 Middlewares/Third_Party/FreeRTOS/Source/tasks.o
 .text.prvCheckTasksWaitingTermination
                0x08003748       0x78 Middlewares/Third_Party/FreeRTOS/Source/tasks.o
 .text.prvDeleteTCB
                0x080037c0       0x20 Middlewares/Third_Party/FreeRTOS/Source/tasks.o
 .text.prvResetNextTaskUnblockTime
                0x080037e0       0x4c Middlewares/Third_Party/FreeRTOS/Source/tasks.o
 .text.xTaskGetSchedulerState
                0x0800382c       0x3c Middlewares/Third_Party/FreeRTOS/Source/tasks.o
                0x0800382c                xTaskGetSchedulerState
 .text.prvAddCurrentTaskToDelayedList
                0x08003868       0xcc Middlewares/Third_Party/FreeRTOS/Source/tasks.o
 .text.pxPortInitialiseStack
                0x08003934       0x68 Middlewares/Third_Party/FreeRTOS/Source/portable/GCC/ARM_CM4F/port.o
                0x08003934                pxPortInitialiseStack
 .text.prvTaskExitError
                0x0800399c       0x3c Middlewares/Third_Party/FreeRTOS/Source/portable/GCC/ARM_CM4F/port.o
 *fill*         0x080039d8        0x8 
 .text.SVC_Handler
                0x080039e0       0x28 Middlewares/Third_Party/FreeRTOS/Source/portable/GCC/ARM_CM4F/port.o
                0x080039e0                SVC_Handler
 .text.prvPortStartFirstTask
                0x08003a08       0x20 Middlewares/Third_Party/FreeRTOS/Source/portable/GCC/ARM_CM4F/port.o
 .text.xPortStartScheduler
                0x08003a28      0x118 Middlewares/Third_Party/FreeRTOS/Source/portable/GCC/ARM_CM4F/port.o
                0x08003a28                xPortStartScheduler
 .text.vPortEnterCritical
                0x08003b40       0x5c Middlewares/Third_Party/FreeRTOS/Source/portable/GCC/ARM_CM4F/port.o
                0x08003b40                vPortEnterCritical
 .text.vPortExitCritical
                0x08003b9c       0x50 Middlewares/Third_Party/FreeRTOS/Source/portable/GCC/ARM_CM4F/port.o
                0x08003b9c                vPortExitCritical
 *fill*         0x08003bec        0x4 
 .text.PendSV_Handler
                0x08003bf0       0x68 Middlewares/Third_Party/FreeRTOS/Source/portable/GCC/ARM_CM4F/port.o
                0x08003bf0                PendSV_Handler
 .text.xPortSysTickHandler
                0x08003c58       0x40 Middlewares/Third_Party/FreeRTOS/Source/portable/GCC/ARM_CM4F/port.o
                0x08003c58                xPortSysTickHandler
 .text.vPortSetupTimerInterrupt
                0x08003c98       0x38 Middlewares/Third_Party/FreeRTOS/Source/portable/GCC/ARM_CM4F/port.o
                0x08003c98                vPortSetupTimerInterrupt
 .text.vPortEnableVFP
                0x08003cd0       0x14 Middlewares/Third_Party/FreeRTOS/Source/portable/GCC/ARM_CM4F/port.o
 .text.pvPortMalloc
                0x08003ce4      0x184 Middlewares/Third_Party/FreeRTOS/Source/portable/MemMang/heap_4.o
                0x08003ce4                pvPortMalloc
 .text.vPortFree
                0x08003e68       0xb0 Middlewares/Third_Party/FreeRTOS/Source/portable/MemMang/heap_4.o
                0x08003e68                vPortFree
 .text.prvHeapInit
                0x08003f18       0xc4 Middlewares/Third_Party/FreeRTOS/Source/portable/MemMang/heap_4.o
 .text.prvInsertBlockIntoFreeList
                0x08003fdc       0xb4 Middlewares/Third_Party/FreeRTOS/Source/portable/MemMang/heap_4.o
 .text._ZN9ABAC_Base15RxABACmsgHandleEPKh
                0x08004090      0x64c Src/ABAC.o
                0x08004090                ABAC_Base::RxABACmsgHandle(unsigned char const*)
 .text._ZN9ABAC_Base11sendRequestEv
                0x080046dc       0x78 Src/ABAC.o
                0x080046dc                ABAC_Base::sendRequest()
 .text._ZN9ABAC_Base12sendDecisionE8Decision
                0x08004754       0x38 Src/ABAC.o
                0x08004754                ABAC_Base::sendDecision(Decision)
 .text._ZN9ABAC_Base18sendResourceUnlockE9Attributet
                0x0800478c       0x44 Src/ABAC.o
                0x0800478c                ABAC_Base::sendResourceUnlock(Attribute, unsigned short)
 .text._ZN9ABAC_Base16sendResourceLockE9Attribute
                0x080047d0       0x34 Src/ABAC.o
                0x080047d0                ABAC_Base::sendResourceLock(Attribute)
 .text._ZN9ABAC_Base8getNonceEv
                0x08004804       0x30 Src/ABAC.o
                0x08004804                ABAC_Base::getNonce()
 .text._ZN9ABAC_Base16attributeToFrameE9AttributePh
                0x08004834       0x78 Src/ABAC.o
                0x08004834                ABAC_Base::attributeToFrame(Attribute, unsigned char*)
 .text._ZN9ABAC_Base7requestEv
                0x080048ac       0x48 Src/ABAC.o
                0x080048ac                ABAC_Base::request()
 .text._ZN9ABAC_Base18checkKeyAttributesEv
                0x080048f4       0x50 Src/ABAC.o
                0x080048f4                ABAC_Base::checkKeyAttributes()
 .text._ZN9ABAC_Base5clearEv
                0x08004944       0x40 Src/ABAC.o
                0x08004944                ABAC_Base::clear()
 .text._ZN11CSignalVar1ItEC2Ehhhtmlllh
                0x08004984       0x58 Src/ABAC_Com_20181007_dbc.o
                0x08004984                CSignalVar1<unsigned short>::CSignalVar1(unsigned char, unsigned char, unsigned char, unsigned short, unsigned long, long, long, long, unsigned char)
                0x08004984                CSignalVar1<unsigned short>::CSignalVar1(unsigned char, unsigned char, unsigned char, unsigned short, unsigned long, long, long, long, unsigned char)
 .text._ZN11CSignalVar1IhEC2Ehhhhmlllh
                0x080049dc       0x58 Src/ABAC_Com_20181007_dbc.o
                0x080049dc                CSignalVar1<unsigned char>::CSignalVar1(unsigned char, unsigned char, unsigned char, unsigned char, unsigned long, long, long, long, unsigned char)
                0x080049dc                CSignalVar1<unsigned char>::CSignalVar1(unsigned char, unsigned char, unsigned char, unsigned char, unsigned long, long, long, long, unsigned char)
 .text._ZN8CMessageIyEC2Etthhtthtt
                0x08004a34       0x66 Src/ABAC_Com_20181007_dbc.o
                0x08004a34                CMessage<unsigned long long>::CMessage(unsigned short, unsigned short, unsigned char, unsigned char, unsigned short, unsigned short, unsigned char, unsigned short, unsigned short)
                0x08004a34                CMessage<unsigned long long>::CMessage(unsigned short, unsigned short, unsigned char, unsigned char, unsigned short, unsigned short, unsigned char, unsigned short, unsigned short)
 .text._ZN8CMessageIhEC2Etthhtthtt
                0x08004a9a       0x66 Src/ABAC_Com_20181007_dbc.o
                0x08004a9a                CMessage<unsigned char>::CMessage(unsigned short, unsigned short, unsigned char, unsigned char, unsigned short, unsigned short, unsigned char, unsigned short, unsigned short)
                0x08004a9a                CMessage<unsigned char>::CMessage(unsigned short, unsigned short, unsigned char, unsigned char, unsigned short, unsigned short, unsigned char, unsigned short, unsigned short)
 .text._ZN11CSignalBaseItmllEC2Ehhhtmlllh
                0x08004b00       0x66 Src/ABAC_Com_20181007_dbc.o
                0x08004b00                CSignalBase<unsigned short, unsigned long, long, long>::CSignalBase(unsigned char, unsigned char, unsigned char, unsigned short, unsigned long, long, long, long, unsigned char)
                0x08004b00                CSignalBase<unsigned short, unsigned long, long, long>::CSignalBase(unsigned char, unsigned char, unsigned char, unsigned short, unsigned long, long, long, long, unsigned char)
 .text._ZN11CSignalBaseItmllE9setValuesEt
                0x08004b66       0x66 Src/ABAC_Com_20181007_dbc.o
                0x08004b66                CSignalBase<unsigned short, unsigned long, long, long>::setValues(unsigned short)
 .text._ZN11CSignalBaseIhmllEC2Ehhhhmlllh
                0x08004bcc       0x66 Src/ABAC_Com_20181007_dbc.o
                0x08004bcc                CSignalBase<unsigned char, unsigned long, long, long>::CSignalBase(unsigned char, unsigned char, unsigned char, unsigned char, unsigned long, long, long, long, unsigned char)
                0x08004bcc                CSignalBase<unsigned char, unsigned long, long, long>::CSignalBase(unsigned char, unsigned char, unsigned char, unsigned char, unsigned long, long, long, long, unsigned char)
 .text._ZN11CSignalBaseIhmllE9setValuesEh
                0x08004c32       0x68 Src/ABAC_Com_20181007_dbc.o
                0x08004c32                CSignalBase<unsigned char, unsigned long, long, long>::setValues(unsigned char)
 *fill*         0x08004c9a        0x2 
 .text._Z41__static_initialization_and_destruction_0ii
                0x08004c9c      0xcc4 Src/ABAC_Com_20181007_dbc.o
 .text._GLOBAL__sub_I_ABAC_InformationMsg_ABAC_Attribute_ID
                0x08005960       0x10 Src/ABAC_Com_20181007_dbc.o
 .text._ZN9AttributeC2Ev
                0x08005970       0x28 Src/Attribute.o
                0x08005970                Attribute::Attribute()
                0x08005970                Attribute::Attribute()
 .text._ZN9AttributeC2Ett17AttributeCategory
                0x08005998       0x3a Src/Attribute.o
                0x08005998                Attribute::Attribute(unsigned short, unsigned short, AttributeCategory)
                0x08005998                Attribute::Attribute(unsigned short, unsigned short, AttributeCategory)
 .text._ZN9Attribute3setEtt17AttributeCategory
                0x080059d2       0x38 Src/Attribute.o
                0x080059d2                Attribute::set(unsigned short, unsigned short, AttributeCategory)
 .text._ZN9Attribute7isEmptyEv
                0x08005a0a       0x32 Src/Attribute.o
                0x08005a0a                Attribute::isEmpty()
 .text._ZNK9Attribute5getIDEv
                0x08005a3c       0x18 Src/Attribute.o
                0x08005a3c                Attribute::getID() const
 .text._ZNK9Attribute8getValueEv
                0x08005a54       0x18 Src/Attribute.o
                0x08005a54                Attribute::getValue() const
 .text._ZNK9Attribute11getCategoryEv
                0x08005a6c       0x18 Src/Attribute.o
                0x08005a6c                Attribute::getCategory() const
 .text._ZNK9AttributeeqERKS_
                0x08005a84       0x40 Src/Attribute.o
                0x08005a84                Attribute::operator==(Attribute const&) const
 .text._ZN9AttributeaSERKS_
                0x08005ac4       0x2e Src/Attribute.o
                0x08005ac4                Attribute::operator=(Attribute const&)
 *fill*         0x08005af2        0x2 
 .text._ZN9ABAC_BaseC2Ev
                0x08005af4       0x54 Src/main.o
                0x08005af4                ABAC_Base::ABAC_Base()
                0x08005af4                ABAC_Base::ABAC_Base()
 .text._ZN8PoliciesC2EPFbPhE
                0x08005b48       0x44 Src/main.o
                0x08005b48                Policies::Policies(bool (*)(unsigned char*))
                0x08005b48                Policies::Policies(bool (*)(unsigned char*))
 .text._ZN8Policies14setInformationE9Attribute
                0x08005b8c       0xa2 Src/main.o
                0x08005b8c                Policies::setInformation(Attribute)
 .text._ZN8Policies16PolicyEvaluationEv
                0x08005c2e       0x30 Src/main.o
                0x08005c2e                Policies::PolicyEvaluation()
 .text._ZN8Policies19AccessDiagnosisDataEv
                0x08005c5e       0xae Src/main.o
                0x08005c5e                Policies::AccessDiagnosisData()
 .text._ZN8Policies39ExtendedAccessForEngineersAndTechnicianEv
                0x08005d0c       0x84 Src/main.o
                0x08005d0c                Policies::ExtendedAccessForEngineersAndTechnician()
 .text._ZN8Policies13readDiagnosisEv
                0x08005d90       0x9e Src/main.o
                0x08005d90                Policies::readDiagnosis()
 .text._ZN8Policies20permitExtendedAccessEv
                0x08005e2e       0x9e Src/main.o
                0x08005e2e                Policies::permitExtendedAccess()
 .text._Z17ABAC_CAN_TransmitPh
                0x08005ecc      0x1e8 Src/main.o
                0x08005ecc                ABAC_CAN_Transmit(unsigned char*)
 .text.main     0x080060b4       0x50 Src/main.o
                0x080060b4                main
 .text.SystemClock_Config
                0x08006104      0x104 Src/main.o
                0x08006104                SystemClock_Config
 .text.MX_NVIC_Init
                0x08006208       0x88 Src/main.o
 .text.MX_CAN1_Init
                0x08006290       0x80 Src/main.o
 .text.MX_CAN2_Init
                0x08006310       0x80 Src/main.o
 .text.MX_GPIO_Init
                0x08006390       0x50 Src/main.o
 .text._ZL10CAN_Configv
                0x080063e0      0x138 Src/main.o
 .text.HAL_CAN_RxFifo0MsgPendingCallback
                0x08006518       0xcc Src/main.o
                0x08006518                HAL_CAN_RxFifo0MsgPendingCallback
 .text.HAL_CAN_RxFifo1MsgPendingCallback
                0x080065e4       0x70 Src/main.o
                0x080065e4                HAL_CAN_RxFifo1MsgPendingCallback
 .text._Z4send8CMessageIyE19__CAN_HandleTypeDef
                0x08006654       0x70 Src/main.o
                0x08006654                send(CMessage<unsigned long long>, __CAN_HandleTypeDef)
 .text._Z4send19CAN_TxHeaderTypeDefPh19__CAN_HandleTypeDef
                0x080066c4       0x58 Src/main.o
                0x080066c4                send(CAN_TxHeaderTypeDef, unsigned char*, __CAN_HandleTypeDef)
 .text.task_1   0x0800671c       0x74 Src/main.o
                0x0800671c                task_1
 .text.HAL_TIM_PeriodElapsedCallback
                0x08006790       0x24 Src/main.o
                0x08006790                HAL_TIM_PeriodElapsedCallback
 .text._Error_Handler
                0x080067b4        0xc Src/main.o
                0x080067b4                _Error_Handler
 .text._ZN8CMessageIyE5MergeEPh
                0x080067c0       0x26 Src/main.o
                0x080067c0                CMessage<unsigned long long>::Merge(unsigned char*)
 .text._ZN8CMessageIyE5getIDEv
                0x080067e6       0x18 Src/main.o
                0x080067e6                CMessage<unsigned long long>::getID()
 .text._ZN8CMessageIyE6getDLCEv
                0x080067fe       0x18 Src/main.o
                0x080067fe                CMessage<unsigned long long>::getDLC()
 .text._ZN8CMessageIyE7getDataEv
                0x08006816       0x18 Src/main.o
                0x08006816                CMessage<unsigned long long>::getData()
 *fill*         0x0800682e        0x2 
 .text._Z41__static_initialization_and_destruction_0ii
                0x08006830       0x34 Src/main.o
 .text._GLOBAL__sub_I_hcan1
                0x08006864       0x10 Src/main.o
 .text.HAL_MspInit
                0x08006874       0xa4 Src/stm32f4xx_hal_msp.o
                0x08006874                HAL_MspInit
 .text.HAL_CAN_MspInit
                0x08006918       0xfc Src/stm32f4xx_hal_msp.o
                0x08006918                HAL_CAN_MspInit
 .text.HAL_InitTick
                0x08006a14       0xb4 Src/stm32f4xx_hal_timebase_TIM.o
                0x08006a14                HAL_InitTick
 .text.NMI_Handler
                0x08006ac8        0xe Src/stm32f4xx_it.o
                0x08006ac8                NMI_Handler
 .text.HardFault_Handler
                0x08006ad6        0x6 Src/stm32f4xx_it.o
                0x08006ad6                HardFault_Handler
 .text.MemManage_Handler
                0x08006adc        0x6 Src/stm32f4xx_it.o
                0x08006adc                MemManage_Handler
 .text.BusFault_Handler
                0x08006ae2        0x6 Src/stm32f4xx_it.o
                0x08006ae2                BusFault_Handler
 .text.UsageFault_Handler
                0x08006ae8        0x6 Src/stm32f4xx_it.o
                0x08006ae8                UsageFault_Handler
 .text.DebugMon_Handler
                0x08006aee        0xe Src/stm32f4xx_it.o
                0x08006aee                DebugMon_Handler
 .text.SysTick_Handler
                0x08006afc        0xc Src/stm32f4xx_it.o
                0x08006afc                SysTick_Handler
 .text.CAN1_TX_IRQHandler
                0x08006b08       0x14 Src/stm32f4xx_it.o
                0x08006b08                CAN1_TX_IRQHandler
 .text.CAN1_RX0_IRQHandler
                0x08006b1c       0x14 Src/stm32f4xx_it.o
                0x08006b1c                CAN1_RX0_IRQHandler
 .text.CAN1_RX1_IRQHandler
                0x08006b30       0x14 Src/stm32f4xx_it.o
                0x08006b30                CAN1_RX1_IRQHandler
 .text.CAN1_SCE_IRQHandler
                0x08006b44       0x14 Src/stm32f4xx_it.o
                0x08006b44                CAN1_SCE_IRQHandler
 .text.TIM1_UP_TIM10_IRQHandler
                0x08006b58       0x14 Src/stm32f4xx_it.o
                0x08006b58                TIM1_UP_TIM10_IRQHandler
 .text.CAN2_TX_IRQHandler
                0x08006b6c       0x14 Src/stm32f4xx_it.o
                0x08006b6c                CAN2_TX_IRQHandler
 .text.CAN2_RX0_IRQHandler
                0x08006b80       0x14 Src/stm32f4xx_it.o
                0x08006b80                CAN2_RX0_IRQHandler
 .text.CAN2_RX1_IRQHandler
                0x08006b94       0x14 Src/stm32f4xx_it.o
                0x08006b94                CAN2_RX1_IRQHandler
 .text.CAN2_SCE_IRQHandler
                0x08006ba8       0x14 Src/stm32f4xx_it.o
                0x08006ba8                CAN2_SCE_IRQHandler
 .text.SystemInit
                0x08006bbc       0x6c Src/system_stm32f4xx.o
                0x08006bbc                SystemInit
 .text.Reset_Handler
                0x08006c28       0x50 startup/startup_stm32f446xx.o
                0x08006c28                Reset_Handler
 .text.Default_Handler
                0x08006c78        0x2 startup/startup_stm32f446xx.o
                0x08006c78                RTC_Alarm_IRQHandler
                0x08006c78                EXTI2_IRQHandler
                0x08006c78                TIM8_CC_IRQHandler
                0x08006c78                SPI4_IRQHandler
                0x08006c78                TIM1_CC_IRQHandler
                0x08006c78                DMA2_Stream5_IRQHandler
                0x08006c78                DMA1_Stream5_IRQHandler
                0x08006c78                PVD_IRQHandler
                0x08006c78                SDIO_IRQHandler
                0x08006c78                TAMP_STAMP_IRQHandler
                0x08006c78                EXTI3_IRQHandler
                0x08006c78                TIM8_TRG_COM_TIM14_IRQHandler
                0x08006c78                TIM8_UP_TIM13_IRQHandler
                0x08006c78                I2C3_ER_IRQHandler
                0x08006c78                FMPI2C1_Event_IRQHandler
                0x08006c78                EXTI0_IRQHandler
                0x08006c78                I2C2_EV_IRQHandler
                0x08006c78                DMA1_Stream2_IRQHandler
                0x08006c78                FPU_IRQHandler
                0x08006c78                OTG_HS_WKUP_IRQHandler
                0x08006c78                DMA2_Stream2_IRQHandler
                0x08006c78                SPI1_IRQHandler
                0x08006c78                TIM6_DAC_IRQHandler
                0x08006c78                TIM1_BRK_TIM9_IRQHandler
                0x08006c78                DCMI_IRQHandler
                0x08006c78                DMA2_Stream3_IRQHandler
                0x08006c78                SAI2_IRQHandler
                0x08006c78                USART6_IRQHandler
                0x08006c78                USART3_IRQHandler
                0x08006c78                UART5_IRQHandler
                0x08006c78                DMA2_Stream0_IRQHandler
                0x08006c78                TIM4_IRQHandler
                0x08006c78                QUADSPI_IRQHandler
                0x08006c78                I2C1_EV_IRQHandler
                0x08006c78                DMA1_Stream6_IRQHandler
                0x08006c78                DMA1_Stream1_IRQHandler
                0x08006c78                UART4_IRQHandler
                0x08006c78                TIM3_IRQHandler
                0x08006c78                RCC_IRQHandler
                0x08006c78                TIM8_BRK_TIM12_IRQHandler
                0x08006c78                Default_Handler
                0x08006c78                CEC_IRQHandler
                0x08006c78                EXTI15_10_IRQHandler
                0x08006c78                ADC_IRQHandler
                0x08006c78                DMA1_Stream7_IRQHandler
                0x08006c78                TIM7_IRQHandler
                0x08006c78                TIM5_IRQHandler
                0x08006c78                DMA2_Stream7_IRQHandler
                0x08006c78                I2C3_EV_IRQHandler
                0x08006c78                EXTI9_5_IRQHandler
                0x08006c78                RTC_WKUP_IRQHandler
                0x08006c78                SPDIF_RX_IRQHandler
                0x08006c78                SPI2_IRQHandler
                0x08006c78                OTG_HS_EP1_IN_IRQHandler
                0x08006c78                DMA1_Stream0_IRQHandler
                0x08006c78                EXTI4_IRQHandler
                0x08006c78                OTG_HS_EP1_OUT_IRQHandler
                0x08006c78                WWDG_IRQHandler
                0x08006c78                TIM2_IRQHandler
                0x08006c78                OTG_FS_WKUP_IRQHandler
                0x08006c78                TIM1_TRG_COM_TIM11_IRQHandler
                0x08006c78                OTG_HS_IRQHandler
                0x08006c78                EXTI1_IRQHandler
                0x08006c78                USART2_IRQHandler
                0x08006c78                I2C2_ER_IRQHandler
                0x08006c78                DMA2_Stream1_IRQHandler
                0x08006c78                FLASH_IRQHandler
                0x08006c78                DMA2_Stream4_IRQHandler
                0x08006c78                USART1_IRQHandler
                0x08006c78                OTG_FS_IRQHandler
                0x08006c78                SPI3_IRQHandler
                0x08006c78                DMA1_Stream4_IRQHandler
                0x08006c78                I2C1_ER_IRQHandler
                0x08006c78                FMC_IRQHandler
                0x08006c78                DMA2_Stream6_IRQHandler
                0x08006c78                SAI1_IRQHandler
                0x08006c78                DMA1_Stream3_IRQHandler
                0x08006c78                FMPI2C1_Error_IRQHandler
 .text.__cxa_pure_virtual
                0x08006c7a        0x6 c:/ac6/systemworkbench/plugins/fr.ac6.mcu.externaltools.arm-none.win32_1.16.0.201807130628/tools/compiler/bin/../lib/gcc/arm-none-eabi/7.2.1/../../../../arm-none-eabi/lib/thumb/v7e-m/fpv4-sp/hard\libstdc++_nano.a(pure.o)
                0x08006c7a                __cxa_pure_virtual
 .text._ZN10__cxxabiv111__terminateEPFvvE
                0x08006c80        0x8 c:/ac6/systemworkbench/plugins/fr.ac6.mcu.externaltools.arm-none.win32_1.16.0.201807130628/tools/compiler/bin/../lib/gcc/arm-none-eabi/7.2.1/../../../../arm-none-eabi/lib/thumb/v7e-m/fpv4-sp/hard\libstdc++_nano.a(eh_terminate.o)
                0x08006c80                __cxxabiv1::__terminate(void (*)())
 .text._ZSt13get_terminatev
                0x08006c88       0x10 c:/ac6/systemworkbench/plugins/fr.ac6.mcu.externaltools.arm-none.win32_1.16.0.201807130628/tools/compiler/bin/../lib/gcc/arm-none-eabi/7.2.1/../../../../arm-none-eabi/lib/thumb/v7e-m/fpv4-sp/hard\libstdc++_nano.a(eh_terminate.o)
                0x08006c88                std::get_terminate()
 .text._ZSt9terminatev
                0x08006c98        0xa c:/ac6/systemworkbench/plugins/fr.ac6.mcu.externaltools.arm-none.win32_1.16.0.201807130628/tools/compiler/bin/../lib/gcc/arm-none-eabi/7.2.1/../../../../arm-none-eabi/lib/thumb/v7e-m/fpv4-sp/hard\libstdc++_nano.a(eh_terminate.o)
                0x08006c98                std::terminate()
 .text.abort    0x08006ca2        0xe c:/ac6/systemworkbench/plugins/fr.ac6.mcu.externaltools.arm-none.win32_1.16.0.201807130628/tools/compiler/bin/../lib/gcc/arm-none-eabi/7.2.1/../../../../arm-none-eabi/lib/thumb/v7e-m/fpv4-sp/hard\libc_nano.a(lib_a-abort.o)
                0x08006ca2                abort
 .text.__libc_init_array
                0x08006cb0       0x48 c:/ac6/systemworkbench/plugins/fr.ac6.mcu.externaltools.arm-none.win32_1.16.0.201807130628/tools/compiler/bin/../lib/gcc/arm-none-eabi/7.2.1/../../../../arm-none-eabi/lib/thumb/v7e-m/fpv4-sp/hard\libc_nano.a(lib_a-init.o)
                0x08006cb0                __libc_init_array
 .text.memcpy   0x08006cf8       0x16 c:/ac6/systemworkbench/plugins/fr.ac6.mcu.externaltools.arm-none.win32_1.16.0.201807130628/tools/compiler/bin/../lib/gcc/arm-none-eabi/7.2.1/../../../../arm-none-eabi/lib/thumb/v7e-m/fpv4-sp/hard\libc_nano.a(lib_a-memcpy-stub.o)
                0x08006cf8                memcpy
 .text._raise_r
                0x08006d0e       0x50 c:/ac6/systemworkbench/plugins/fr.ac6.mcu.externaltools.arm-none.win32_1.16.0.201807130628/tools/compiler/bin/../lib/gcc/arm-none-eabi/7.2.1/../../../../arm-none-eabi/lib/thumb/v7e-m/fpv4-sp/hard\libc_nano.a(lib_a-signal.o)
                0x08006d0e                _raise_r
 *fill*         0x08006d5e        0x2 
 .text.raise    0x08006d60       0x10 c:/ac6/systemworkbench/plugins/fr.ac6.mcu.externaltools.arm-none.win32_1.16.0.201807130628/tools/compiler/bin/../lib/gcc/arm-none-eabi/7.2.1/../../../../arm-none-eabi/lib/thumb/v7e-m/fpv4-sp/hard\libc_nano.a(lib_a-signal.o)
                0x08006d60                raise
 .text._kill_r  0x08006d70       0x24 c:/ac6/systemworkbench/plugins/fr.ac6.mcu.externaltools.arm-none.win32_1.16.0.201807130628/tools/compiler/bin/../lib/gcc/arm-none-eabi/7.2.1/../../../../arm-none-eabi/lib/thumb/v7e-m/fpv4-sp/hard\libc_nano.a(lib_a-signalr.o)
                0x08006d70                _kill_r
 .text._getpid_r
                0x08006d94        0x4 c:/ac6/systemworkbench/plugins/fr.ac6.mcu.externaltools.arm-none.win32_1.16.0.201807130628/tools/compiler/bin/../lib/gcc/arm-none-eabi/7.2.1/../../../../arm-none-eabi/lib/thumb/v7e-m/fpv4-sp/hard\libc_nano.a(lib_a-signalr.o)
                0x08006d94                _getpid_r
 .text._getpid  0x08006d98       0x10 c:/ac6/systemworkbench/plugins/fr.ac6.mcu.externaltools.arm-none.win32_1.16.0.201807130628/tools/compiler/bin/../lib/gcc/arm-none-eabi/7.2.1/../../../../arm-none-eabi/lib/thumb/v7e-m/fpv4-sp/hard\libnosys.a(getpid.o)
                0x08006d98                _getpid
 .text._kill    0x08006da8       0x10 c:/ac6/systemworkbench/plugins/fr.ac6.mcu.externaltools.arm-none.win32_1.16.0.201807130628/tools/compiler/bin/../lib/gcc/arm-none-eabi/7.2.1/../../../../arm-none-eabi/lib/thumb/v7e-m/fpv4-sp/hard\libnosys.a(kill.o)
                0x08006da8                _kill
 .text._exit    0x08006db8        0x4 c:/ac6/systemworkbench/plugins/fr.ac6.mcu.externaltools.arm-none.win32_1.16.0.201807130628/tools/compiler/bin/../lib/gcc/arm-none-eabi/7.2.1/../../../../arm-none-eabi/lib/thumb/v7e-m/fpv4-sp/hard\libnosys.a(_exit.o)
                0x08006db8                _exit
 *(.glue_7)
 .glue_7        0x08006dbc        0x0 linker stubs
 *(.glue_7t)
 .glue_7t       0x08006dbc        0x0 linker stubs
 *(.eh_frame)
 .eh_frame      0x08006dbc        0x0 c:/ac6/systemworkbench/plugins/fr.ac6.mcu.externaltools.arm-none.win32_1.16.0.201807130628/tools/compiler/bin/../lib/gcc/arm-none-eabi/7.2.1/thumb/v7e-m/fpv4-sp/hard/crtbegin.o
 *(.init)
 .init          0x08006dbc        0x4 c:/ac6/systemworkbench/plugins/fr.ac6.mcu.externaltools.arm-none.win32_1.16.0.201807130628/tools/compiler/bin/../lib/gcc/arm-none-eabi/7.2.1/thumb/v7e-m/fpv4-sp/hard/crti.o
                0x08006dbc                _init
 .init          0x08006dc0        0x8 c:/ac6/systemworkbench/plugins/fr.ac6.mcu.externaltools.arm-none.win32_1.16.0.201807130628/tools/compiler/bin/../lib/gcc/arm-none-eabi/7.2.1/thumb/v7e-m/fpv4-sp/hard/crtn.o
 *(.fini)
 .fini          0x08006dc8        0x4 c:/ac6/systemworkbench/plugins/fr.ac6.mcu.externaltools.arm-none.win32_1.16.0.201807130628/tools/compiler/bin/../lib/gcc/arm-none-eabi/7.2.1/thumb/v7e-m/fpv4-sp/hard/crti.o
                0x08006dc8                _fini
 .fini          0x08006dcc        0x8 c:/ac6/systemworkbench/plugins/fr.ac6.mcu.externaltools.arm-none.win32_1.16.0.201807130628/tools/compiler/bin/../lib/gcc/arm-none-eabi/7.2.1/thumb/v7e-m/fpv4-sp/hard/crtn.o
                0x08006dd4                . = ALIGN (0x4)
                0x08006dd4                _etext = .

.vfp11_veneer   0x08006dd4        0x0
 .vfp11_veneer  0x08006dd4        0x0 linker stubs

.v4_bx          0x08006dd4        0x0
 .v4_bx         0x08006dd4        0x0 linker stubs

.iplt           0x08006dd4        0x0
 .iplt          0x08006dd4        0x0 c:/ac6/systemworkbench/plugins/fr.ac6.mcu.externaltools.arm-none.win32_1.16.0.201807130628/tools/compiler/bin/../lib/gcc/arm-none-eabi/7.2.1/thumb/v7e-m/fpv4-sp/hard/crtbegin.o

.rodata         0x08006dd4       0x6c
                0x08006dd4                . = ALIGN (0x4)
 *(.rodata)
 .rodata        0x08006dd4        0x5 Middlewares/Third_Party/FreeRTOS/Source/tasks.o
 *fill*         0x08006dd9        0x3 
 .rodata        0x08006ddc       0x2c Src/main.o
 .rodata        0x08006e08       0x18 Src/system_stm32f4xx.o
                0x08006e08                AHBPrescTable
                0x08006e18                APBPrescTable
 *(.rodata*)
 .rodata._ZTV8Policies
                0x08006e20       0x10 Src/main.o
                0x08006e20                vtable for Policies
 .rodata._ZTV9ABAC_Base
                0x08006e30       0x10 Src/main.o
                0x08006e30                vtable for ABAC_Base
                0x08006e40                . = ALIGN (0x4)

.ARM.extab
 *(.ARM.extab* .gnu.linkonce.armextab.*)

.ARM            0x08006e40        0x8
                0x08006e40                __exidx_start = .
 *(.ARM.exidx*)
 .ARM.exidx     0x08006e40        0x8 c:/ac6/systemworkbench/plugins/fr.ac6.mcu.externaltools.arm-none.win32_1.16.0.201807130628/tools/compiler/bin/../lib/gcc/arm-none-eabi/7.2.1/thumb/v7e-m/fpv4-sp/hard\libgcc.a(_udivmoddi4.o)
                0x08006e48                __exidx_end = .

.rel.dyn        0x08006e48        0x0
 .rel.iplt      0x08006e48        0x0 c:/ac6/systemworkbench/plugins/fr.ac6.mcu.externaltools.arm-none.win32_1.16.0.201807130628/tools/compiler/bin/../lib/gcc/arm-none-eabi/7.2.1/thumb/v7e-m/fpv4-sp/hard/crtbegin.o

.preinit_array  0x08006e48        0x0
                0x08006e48                PROVIDE (__preinit_array_start, .)
 *(.preinit_array*)
                0x08006e48                PROVIDE (__preinit_array_end, .)

.init_array     0x08006e48        0xc
                0x08006e48                PROVIDE (__init_array_start, .)
 *(SORT_BY_NAME(.init_array.*))
 *(.init_array*)
 .init_array    0x08006e48        0x4 c:/ac6/systemworkbench/plugins/fr.ac6.mcu.externaltools.arm-none.win32_1.16.0.201807130628/tools/compiler/bin/../lib/gcc/arm-none-eabi/7.2.1/thumb/v7e-m/fpv4-sp/hard/crtbegin.o
 .init_array    0x08006e4c        0x4 Src/ABAC_Com_20181007_dbc.o
 .init_array    0x08006e50        0x4 Src/main.o
                0x08006e54                PROVIDE (__init_array_end, .)

.fini_array     0x08006e54        0x4
                [!provide]                PROVIDE (__fini_array_start, .)
 *(SORT_BY_NAME(.fini_array.*))
 *(.fini_array*)
 .fini_array    0x08006e54        0x4 c:/ac6/systemworkbench/plugins/fr.ac6.mcu.externaltools.arm-none.win32_1.16.0.201807130628/tools/compiler/bin/../lib/gcc/arm-none-eabi/7.2.1/thumb/v7e-m/fpv4-sp/hard/crtbegin.o
                [!provide]                PROVIDE (__fini_array_end, .)
                0x08006e58                _sidata = LOADADDR (.data)

.data           0x20000000       0x78 load address 0x08006e58
                0x20000000                . = ALIGN (0x4)
                0x20000000                _sdata = .
 *(.data)
 .data          0x20000000        0x5 Drivers/STM32F4xx_HAL_Driver/Src/stm32f4xx_hal.o
                0x20000000                uwTickPrio
                0x20000004                uwTickFreq
 *fill*         0x20000005        0x3 
 .data          0x20000008        0x4 Middlewares/Third_Party/FreeRTOS/Source/portable/GCC/ARM_CM4F/port.o
 .data          0x2000000c        0x4 Src/system_stm32f4xx.o
                0x2000000c                SystemCoreClock
 *(.data*)
 .data._ZN10__cxxabiv119__terminate_handlerE
                0x20000010        0x4 c:/ac6/systemworkbench/plugins/fr.ac6.mcu.externaltools.arm-none.win32_1.16.0.201807130628/tools/compiler/bin/../lib/gcc/arm-none-eabi/7.2.1/../../../../arm-none-eabi/lib/thumb/v7e-m/fpv4-sp/hard\libstdc++_nano.a(eh_term_handler.o)
                0x20000010                __cxxabiv1::__terminate_handler
 .data._impure_ptr
                0x20000014        0x4 c:/ac6/systemworkbench/plugins/fr.ac6.mcu.externaltools.arm-none.win32_1.16.0.201807130628/tools/compiler/bin/../lib/gcc/arm-none-eabi/7.2.1/../../../../arm-none-eabi/lib/thumb/v7e-m/fpv4-sp/hard\libc_nano.a(lib_a-impure.o)
                0x20000014                _impure_ptr
 .data.impure_data
                0x20000018       0x60 c:/ac6/systemworkbench/plugins/fr.ac6.mcu.externaltools.arm-none.win32_1.16.0.201807130628/tools/compiler/bin/../lib/gcc/arm-none-eabi/7.2.1/../../../../arm-none-eabi/lib/thumb/v7e-m/fpv4-sp/hard\libc_nano.a(lib_a-impure.o)
                0x20000078                . = ALIGN (0x4)
                0x20000078                _edata = .

.igot.plt       0x20000078        0x0 load address 0x08006ed0
 .igot.plt      0x20000078        0x0 c:/ac6/systemworkbench/plugins/fr.ac6.mcu.externaltools.arm-none.win32_1.16.0.201807130628/tools/compiler/bin/../lib/gcc/arm-none-eabi/7.2.1/thumb/v7e-m/fpv4-sp/hard/crtbegin.o
                0x20000078                . = ALIGN (0x4)

.bss            0x20000078     0x4c08 load address 0x08006ed0
                0x20000078                _sbss = .
                0x20000078                __bss_start__ = _sbss
 *(.bss)
 .bss           0x20000078       0x1c c:/ac6/systemworkbench/plugins/fr.ac6.mcu.externaltools.arm-none.win32_1.16.0.201807130628/tools/compiler/bin/../lib/gcc/arm-none-eabi/7.2.1/thumb/v7e-m/fpv4-sp/hard/crtbegin.o
 .bss           0x20000094      0x1e0 Middlewares/Third_Party/FreeRTOS/Source/tasks.o
                0x20000094                pxCurrentTCB
 .bss           0x20000274        0x8 Middlewares/Third_Party/FreeRTOS/Source/portable/GCC/ARM_CM4F/port.o
 .bss           0x2000027c     0x3c18 Middlewares/Third_Party/FreeRTOS/Source/portable/MemMang/heap_4.o
 *fill*         0x20003e94        0x4 
 .bss           0x20003e98      0xcb0 Src/ABAC_Com_20181007_dbc.o
                0x20003e98                ABAC_InformationMsg_ABAC_Attribute_ID
                0x20003ec8                ABAC_InformationMsg_ABAC_Attribute_Type
                0x20003ef0                ABAC_InformationMsg_ABAC_Attribute_Value
                0x20003f20                ABAC_InformationMsg_ABAC_Command
                0x20003f48                ABAC_InformationMsg
                0x20003f68                ECU1_ABAC_ECU_Resp_ABAC_Attribute_ID
                0x20003f98                ECU1_ABAC_ECU_Resp_ABAC_Attribute_Value
                0x20003fc8                ECU1_ABAC_ECU_Resp_ABAC_ResourceResp
                0x20003ff0                ECU1_ABAC_ECU_Resp
                0x20004010                ECU1_Send_Nonce_ABAC_Attribute_ID
                0x20004040                ECU1_Send_Nonce_ABAC_Attribute_Type
                0x20004068                ECU1_Send_Nonce_ABAC_Attribute_Value
                0x20004098                ECU1_Send_Nonce_ABAC_Command
                0x200040c0                ECU1_Send_Nonce_ABAC_Nonce
                0x200040f0                ECU1_Send_Nonce
                0x20004110                ECU2_ABAC_ECU_Resp_ABAC_Attribute_ID
                0x20004140                ECU2_ABAC_ECU_Resp_ABAC_Attribute_Value
                0x20004170                ECU2_ABAC_ECU_Resp_ABAC_ResourceResp
                0x20004198                ECU2_ABAC_ECU_Resp
                0x200041b8                ECU2_Send_Nonce_ABAC_Attribute_ID
                0x200041e8                ECU2_Send_Nonce_ABAC_Attribute_Type
                0x20004210                ECU2_Send_Nonce_ABAC_Attribute_Value
                0x20004240                ECU2_Send_Nonce_ABAC_Command
                0x20004268                ECU2_Send_Nonce_ABAC_Nonce
                0x20004298                ECU2_Send_Nonce
                0x200042b8                ECU_1_Resource_Counter
                0x200042e0                ECU_1_Resource
                0x20004300                ECU_2_Resource_Counter
                0x20004328                ECU_2_Resource
                0x20004348                Extern_ABAC_AccessMsg_ABAC_Attribute_ID
                0x20004378                Extern_ABAC_AccessMsg_ABAC_Attribute_Type
                0x200043a0                Extern_ABAC_AccessMsg_ABAC_Attribute_Value
                0x200043d0                Extern_ABAC_AccessMsg_ABAC_Command
                0x200043f8                Extern_ABAC_AccessMsg
                0x20004418                PDP_ABAC_DecisionMsg_ABAC_Attribute_ID
                0x20004448                PDP_ABAC_DecisionMsg_ABAC_Attribute_Type
                0x20004470                PDP_ABAC_DecisionMsg_ABAC_Attribute_Value
                0x200044a0                PDP_ABAC_DecisionMsg_ABAC_Command
                0x200044c8                PDP_ABAC_DecisionMsg_ABAC_Decision
                0x200044f0                PDP_ABAC_DecisionMsg
                0x20004510                PDP_ABAC_Get_Nonce_ABAC_Attribute_ID
                0x20004540                PDP_ABAC_Get_Nonce_ABAC_Attribute_Type
                0x20004568                PDP_ABAC_Get_Nonce_ABAC_Attribute_Value
                0x20004598                PDP_ABAC_Get_Nonce_ABAC_Command
                0x200045c0                PDP_ABAC_Get_Nonce
                0x200045e0                PDP_ABAC_Lock_ResourceMsg_ABAC_Attribute_ID
                0x20004610                PDP_ABAC_Lock_ResourceMsg_ABAC_Attribute_Type
                0x20004638                PDP_ABAC_Lock_ResourceMsg_ABAC_Attribute_Value
                0x20004668                PDP_ABAC_Lock_ResourceMsg_ABAC_Command
                0x20004690                PDP_ABAC_Lock_ResourceMsg
                0x200046b0                PDP_ABAC_Unlock_ResourceMsg_ABAC_Attribute_ID
                0x200046e0                PDP_ABAC_Unlock_ResourceMsg_ABAC_Attribute_Type
                0x20004708                PDP_ABAC_Unlock_ResourceMsg_ABAC_Attribute_Value
                0x20004738                PDP_ABAC_Unlock_ResourceMsg_ABAC_Command
                0x20004760                PDP_ABAC_Unlock_ResourceMsg_ABAC_Key
                0x20004790                PDP_ABAC_Unlock_ResourceMsg
                0x200047b0                PEP_ABAC_AccessMsg_ABAC_Attribute_ID
                0x200047e0                PEP_ABAC_AccessMsg_ABAC_Attribute_Type
                0x20004808                PEP_ABAC_AccessMsg_ABAC_Attribute_Value
                0x20004838                PEP_ABAC_AccessMsg_ABAC_Command
                0x20004860                PEP_ABAC_AccessMsg
                0x20004880                PEP_ABAC_DecisionMsg_ABAC_Attribute_ID
                0x200048b0                PEP_ABAC_DecisionMsg_ABAC_Attribute_Type
                0x200048d8                PEP_ABAC_DecisionMsg_ABAC_Attribute_Value
                0x20004908                PEP_ABAC_DecisionMsg_ABAC_Command
                0x20004930                PEP_ABAC_DecisionMsg_ABAC_Decision
                0x20004958                PEP_ABAC_DecisionMsg
                0x20004978                PEP_ABAC_Lock_ResourceMsg_ABAC_Attribute_ID
                0x200049a8                PEP_ABAC_Lock_ResourceMsg_ABAC_Attribute_Type
                0x200049d0                PEP_ABAC_Lock_ResourceMsg_ABAC_Attribute_Value
                0x20004a00                PEP_ABAC_Lock_ResourceMsg_ABAC_Command
                0x20004a28                PEP_ABAC_Lock_ResourceMsg
                0x20004a48                PEP_ABAC_Unlock_ResourceMsg_ABAC_Attribute_ID
                0x20004a78                PEP_ABAC_Unlock_ResourceMsg_ABAC_Attribute_Type
                0x20004aa0                PEP_ABAC_Unlock_ResourceMsg_ABAC_Attribute_Value
                0x20004ad0                PEP_ABAC_Unlock_ResourceMsg_ABAC_Command
                0x20004af8                PEP_ABAC_Unlock_ResourceMsg_ABAC_Key
                0x20004b28                PEP_ABAC_Unlock_ResourceMsg
 .bss           0x20004b48       0xed Src/main.o
                0x20004b48                hcan1
                0x20004b70                hcan2
                0x20004b98                MainHandle
                0x20004b9c                RxCan1Header
                0x20004bb8                TxCan2Header
                0x20004bd0                RxCan2Header
                0x20004bec                RxCan1Data
                0x20004bf4                TxCan2Data
                0x20004bfc                RxCan2Data
                0x20004c04                TxCan2Mailbox
                0x20004c08                PolicyObj
 *fill*         0x20004c35        0x3 
 .bss           0x20004c38        0x4 Src/stm32f4xx_hal_msp.o
 *(.bss*)
 *(COMMON)
 COMMON         0x20004c3c        0x4 Drivers/STM32F4xx_HAL_Driver/Src/stm32f4xx_hal.o
                0x20004c3c                uwTick
 COMMON         0x20004c40       0x3c Src/stm32f4xx_hal_timebase_TIM.o
                0x20004c40                htim1
 COMMON         0x20004c7c        0x4 c:/ac6/systemworkbench/plugins/fr.ac6.mcu.externaltools.arm-none.win32_1.16.0.201807130628/tools/compiler/bin/../lib/gcc/arm-none-eabi/7.2.1/../../../../arm-none-eabi/lib/thumb/v7e-m/fpv4-sp/hard\libc_nano.a(lib_a-reent.o)
                0x20004c7c                errno
                0x20004c80                . = ALIGN (0x4)
                0x20004c80                _ebss = .
                0x20004c80                __bss_end__ = _ebss

._user_heap_stack
                0x20004c80      0x600 load address 0x08006ed0
                0x20004c80                . = ALIGN (0x8)
                0x20004c80                PROVIDE (end, .)
                [!provide]                PROVIDE (_end, .)
                0x20004e80                . = (. + _Min_Heap_Size)
 *fill*         0x20004c80      0x200 
                0x20005280                . = (. + _Min_Stack_Size)
 *fill*         0x20004e80      0x400 
                0x20005280                . = ALIGN (0x8)

/DISCARD/
 libc.a(*)
 libm.a(*)
 libgcc.a(*)

.ARM.attributes
                0x00000000       0x30
 *(.ARM.attributes)
 .ARM.attributes
                0x00000000       0x22 c:/ac6/systemworkbench/plugins/fr.ac6.mcu.externaltools.arm-none.win32_1.16.0.201807130628/tools/compiler/bin/../lib/gcc/arm-none-eabi/7.2.1/thumb/v7e-m/fpv4-sp/hard/crti.o
 .ARM.attributes
                0x00000022       0x34 c:/ac6/systemworkbench/plugins/fr.ac6.mcu.externaltools.arm-none.win32_1.16.0.201807130628/tools/compiler/bin/../lib/gcc/arm-none-eabi/7.2.1/thumb/v7e-m/fpv4-sp/hard/crtbegin.o
 .ARM.attributes
                0x00000056       0x39 Drivers/STM32F4xx_HAL_Driver/Src/stm32f4xx_hal.o
 .ARM.attributes
                0x0000008f       0x39 Drivers/STM32F4xx_HAL_Driver/Src/stm32f4xx_hal_can.o
 .ARM.attributes
                0x000000c8       0x39 Drivers/STM32F4xx_HAL_Driver/Src/stm32f4xx_hal_cortex.o
 .ARM.attributes
                0x00000101       0x39 Drivers/STM32F4xx_HAL_Driver/Src/stm32f4xx_hal_gpio.o
 .ARM.attributes
                0x0000013a       0x39 Drivers/STM32F4xx_HAL_Driver/Src/stm32f4xx_hal_rcc.o
 .ARM.attributes
                0x00000173       0x39 Drivers/STM32F4xx_HAL_Driver/Src/stm32f4xx_hal_rcc_ex.o
 .ARM.attributes
                0x000001ac       0x39 Drivers/STM32F4xx_HAL_Driver/Src/stm32f4xx_hal_tim.o
 .ARM.attributes
                0x000001e5       0x39 Drivers/STM32F4xx_HAL_Driver/Src/stm32f4xx_hal_tim_ex.o
 .ARM.attributes
                0x0000021e       0x39 Middlewares/Third_Party/FreeRTOS/Source/CMSIS_RTOS/cmsis_os.o
 .ARM.attributes
                0x00000257       0x39 Middlewares/Third_Party/FreeRTOS/Source/list.o
 .ARM.attributes
                0x00000290       0x39 Middlewares/Third_Party/FreeRTOS/Source/tasks.o
 .ARM.attributes
                0x000002c9       0x39 Middlewares/Third_Party/FreeRTOS/Source/portable/GCC/ARM_CM4F/port.o
 .ARM.attributes
                0x00000302       0x39 Middlewares/Third_Party/FreeRTOS/Source/portable/MemMang/heap_4.o
 .ARM.attributes
                0x0000033b       0x39 Src/ABAC.o
 .ARM.attributes
                0x00000374       0x39 Src/ABAC_Com_20181007_dbc.o
 .ARM.attributes
                0x000003ad       0x39 Src/Attribute.o
 .ARM.attributes
                0x000003e6       0x39 Src/main.o
 .ARM.attributes
                0x0000041f       0x39 Src/stm32f4xx_hal_msp.o
 .ARM.attributes
                0x00000458       0x39 Src/stm32f4xx_hal_timebase_TIM.o
 .ARM.attributes
                0x00000491       0x39 Src/stm32f4xx_it.o
 .ARM.attributes
                0x000004ca       0x39 Src/system_stm32f4xx.o
 .ARM.attributes
                0x00000503       0x21 startup/startup_stm32f446xx.o
 .ARM.attributes
                0x00000524       0x34 c:/ac6/systemworkbench/plugins/fr.ac6.mcu.externaltools.arm-none.win32_1.16.0.201807130628/tools/compiler/bin/../lib/gcc/arm-none-eabi/7.2.1/../../../../arm-none-eabi/lib/thumb/v7e-m/fpv4-sp/hard\libstdc++_nano.a(pure.o)
 .ARM.attributes
                0x00000558       0x34 c:/ac6/systemworkbench/plugins/fr.ac6.mcu.externaltools.arm-none.win32_1.16.0.201807130628/tools/compiler/bin/../lib/gcc/arm-none-eabi/7.2.1/../../../../arm-none-eabi/lib/thumb/v7e-m/fpv4-sp/hard\libstdc++_nano.a(eh_terminate.o)
 .ARM.attributes
                0x0000058c       0x34 c:/ac6/systemworkbench/plugins/fr.ac6.mcu.externaltools.arm-none.win32_1.16.0.201807130628/tools/compiler/bin/../lib/gcc/arm-none-eabi/7.2.1/../../../../arm-none-eabi/lib/thumb/v7e-m/fpv4-sp/hard\libstdc++_nano.a(eh_term_handler.o)
 .ARM.attributes
                0x000005c0       0x22 c:/ac6/systemworkbench/plugins/fr.ac6.mcu.externaltools.arm-none.win32_1.16.0.201807130628/tools/compiler/bin/../lib/gcc/arm-none-eabi/7.2.1/thumb/v7e-m/fpv4-sp/hard\libgcc.a(_arm_addsubdf3.o)
 .ARM.attributes
                0x000005e2       0x22 c:/ac6/systemworkbench/plugins/fr.ac6.mcu.externaltools.arm-none.win32_1.16.0.201807130628/tools/compiler/bin/../lib/gcc/arm-none-eabi/7.2.1/thumb/v7e-m/fpv4-sp/hard\libgcc.a(_arm_muldivdf3.o)
 .ARM.attributes
                0x00000604       0x22 c:/ac6/systemworkbench/plugins/fr.ac6.mcu.externaltools.arm-none.win32_1.16.0.201807130628/tools/compiler/bin/../lib/gcc/arm-none-eabi/7.2.1/thumb/v7e-m/fpv4-sp/hard\libgcc.a(_aeabi_uldivmod.o)
 .ARM.attributes
                0x00000626       0x34 c:/ac6/systemworkbench/plugins/fr.ac6.mcu.externaltools.arm-none.win32_1.16.0.201807130628/tools/compiler/bin/../lib/gcc/arm-none-eabi/7.2.1/thumb/v7e-m/fpv4-sp/hard\libgcc.a(_udivmoddi4.o)
 .ARM.attributes
                0x0000065a       0x22 c:/ac6/systemworkbench/plugins/fr.ac6.mcu.externaltools.arm-none.win32_1.16.0.201807130628/tools/compiler/bin/../lib/gcc/arm-none-eabi/7.2.1/thumb/v7e-m/fpv4-sp/hard\libgcc.a(_dvmd_tls.o)
 .ARM.attributes
                0x0000067c       0x34 c:/ac6/systemworkbench/plugins/fr.ac6.mcu.externaltools.arm-none.win32_1.16.0.201807130628/tools/compiler/bin/../lib/gcc/arm-none-eabi/7.2.1/../../../../arm-none-eabi/lib/thumb/v7e-m/fpv4-sp/hard\libc_nano.a(lib_a-abort.o)
 .ARM.attributes
                0x000006b0       0x34 c:/ac6/systemworkbench/plugins/fr.ac6.mcu.externaltools.arm-none.win32_1.16.0.201807130628/tools/compiler/bin/../lib/gcc/arm-none-eabi/7.2.1/../../../../arm-none-eabi/lib/thumb/v7e-m/fpv4-sp/hard\libc_nano.a(lib_a-impure.o)
 .ARM.attributes
                0x000006e4       0x34 c:/ac6/systemworkbench/plugins/fr.ac6.mcu.externaltools.arm-none.win32_1.16.0.201807130628/tools/compiler/bin/../lib/gcc/arm-none-eabi/7.2.1/../../../../arm-none-eabi/lib/thumb/v7e-m/fpv4-sp/hard\libc_nano.a(lib_a-init.o)
 .ARM.attributes
                0x00000718       0x34 c:/ac6/systemworkbench/plugins/fr.ac6.mcu.externaltools.arm-none.win32_1.16.0.201807130628/tools/compiler/bin/../lib/gcc/arm-none-eabi/7.2.1/../../../../arm-none-eabi/lib/thumb/v7e-m/fpv4-sp/hard\libc_nano.a(lib_a-memcpy-stub.o)
 .ARM.attributes
                0x0000074c       0x34 c:/ac6/systemworkbench/plugins/fr.ac6.mcu.externaltools.arm-none.win32_1.16.0.201807130628/tools/compiler/bin/../lib/gcc/arm-none-eabi/7.2.1/../../../../arm-none-eabi/lib/thumb/v7e-m/fpv4-sp/hard\libc_nano.a(lib_a-signal.o)
 .ARM.attributes
                0x00000780       0x34 c:/ac6/systemworkbench/plugins/fr.ac6.mcu.externaltools.arm-none.win32_1.16.0.201807130628/tools/compiler/bin/../lib/gcc/arm-none-eabi/7.2.1/../../../../arm-none-eabi/lib/thumb/v7e-m/fpv4-sp/hard\libc_nano.a(lib_a-signalr.o)
 .ARM.attributes
                0x000007b4       0x34 c:/ac6/systemworkbench/plugins/fr.ac6.mcu.externaltools.arm-none.win32_1.16.0.201807130628/tools/compiler/bin/../lib/gcc/arm-none-eabi/7.2.1/../../../../arm-none-eabi/lib/thumb/v7e-m/fpv4-sp/hard\libc_nano.a(lib_a-reent.o)
 .ARM.attributes
                0x000007e8       0x34 c:/ac6/systemworkbench/plugins/fr.ac6.mcu.externaltools.arm-none.win32_1.16.0.201807130628/tools/compiler/bin/../lib/gcc/arm-none-eabi/7.2.1/../../../../arm-none-eabi/lib/thumb/v7e-m/fpv4-sp/hard\libnosys.a(getpid.o)
 .ARM.attributes
                0x0000081c       0x34 c:/ac6/systemworkbench/plugins/fr.ac6.mcu.externaltools.arm-none.win32_1.16.0.201807130628/tools/compiler/bin/../lib/gcc/arm-none-eabi/7.2.1/../../../../arm-none-eabi/lib/thumb/v7e-m/fpv4-sp/hard\libnosys.a(kill.o)
 .ARM.attributes
                0x00000850       0x34 c:/ac6/systemworkbench/plugins/fr.ac6.mcu.externaltools.arm-none.win32_1.16.0.201807130628/tools/compiler/bin/../lib/gcc/arm-none-eabi/7.2.1/../../../../arm-none-eabi/lib/thumb/v7e-m/fpv4-sp/hard\libnosys.a(_exit.o)
 .ARM.attributes
                0x00000884       0x22 c:/ac6/systemworkbench/plugins/fr.ac6.mcu.externaltools.arm-none.win32_1.16.0.201807130628/tools/compiler/bin/../lib/gcc/arm-none-eabi/7.2.1/thumb/v7e-m/fpv4-sp/hard/crtn.o
OUTPUT(ABAC_STM32_PEP.elf elf32-littlearm)

.debug_info     0x00000000    0x1c85b
 .debug_info    0x00000000     0x1181 Drivers/STM32F4xx_HAL_Driver/Src/stm32f4xx_hal.o
 .debug_info    0x00001181     0x16b9 Drivers/STM32F4xx_HAL_Driver/Src/stm32f4xx_hal_can.o
 .debug_info    0x0000283a     0x160f Drivers/STM32F4xx_HAL_Driver/Src/stm32f4xx_hal_cortex.o
 .debug_info    0x00003e49      0xfd4 Drivers/STM32F4xx_HAL_Driver/Src/stm32f4xx_hal_gpio.o
 .debug_info    0x00004e1d     0x1106 Drivers/STM32F4xx_HAL_Driver/Src/stm32f4xx_hal_rcc.o
 .debug_info    0x00005f23     0x11a5 Drivers/STM32F4xx_HAL_Driver/Src/stm32f4xx_hal_rcc_ex.o
 .debug_info    0x000070c8     0x2a0b Drivers/STM32F4xx_HAL_Driver/Src/stm32f4xx_hal_tim.o
 .debug_info    0x00009ad3     0x17e5 Drivers/STM32F4xx_HAL_Driver/Src/stm32f4xx_hal_tim_ex.o
 .debug_info    0x0000b2b8     0x1b02 Middlewares/Third_Party/FreeRTOS/Source/CMSIS_RTOS/cmsis_os.o
 .debug_info    0x0000cdba      0xad0 Middlewares/Third_Party/FreeRTOS/Source/list.o
 .debug_info    0x0000d88a     0x20c3 Middlewares/Third_Party/FreeRTOS/Source/tasks.o
 .debug_info    0x0000f94d      0x508 Middlewares/Third_Party/FreeRTOS/Source/portable/GCC/ARM_CM4F/port.o
 .debug_info    0x0000fe55      0xbfa Middlewares/Third_Party/FreeRTOS/Source/portable/MemMang/heap_4.o
 .debug_info    0x00010a4f      0x96c Src/ABAC.o
 .debug_info    0x000113bb     0x2bdb Src/ABAC_Com_20181007_dbc.o
 .debug_info    0x00013f96      0x474 Src/Attribute.o
 .debug_info    0x0001440a     0x3da0 Src/main.o
 .debug_info    0x000181aa     0x1312 Src/stm32f4xx_hal_msp.o
 .debug_info    0x000194bc     0x1352 Src/stm32f4xx_hal_timebase_TIM.o
 .debug_info    0x0001a80e     0x12d3 Src/stm32f4xx_it.o
 .debug_info    0x0001bae1      0xd58 Src/system_stm32f4xx.o
 .debug_info    0x0001c839       0x22 startup/startup_stm32f446xx.o

.debug_abbrev   0x00000000     0x3c24
 .debug_abbrev  0x00000000      0x2bd Drivers/STM32F4xx_HAL_Driver/Src/stm32f4xx_hal.o
 .debug_abbrev  0x000002bd      0x300 Drivers/STM32F4xx_HAL_Driver/Src/stm32f4xx_hal_can.o
 .debug_abbrev  0x000005bd      0x39f Drivers/STM32F4xx_HAL_Driver/Src/stm32f4xx_hal_cortex.o
 .debug_abbrev  0x0000095c      0x289 Drivers/STM32F4xx_HAL_Driver/Src/stm32f4xx_hal_gpio.o
 .debug_abbrev  0x00000be5      0x305 Drivers/STM32F4xx_HAL_Driver/Src/stm32f4xx_hal_rcc.o
 .debug_abbrev  0x00000eea      0x27c Drivers/STM32F4xx_HAL_Driver/Src/stm32f4xx_hal_rcc_ex.o
 .debug_abbrev  0x00001166      0x2ea Drivers/STM32F4xx_HAL_Driver/Src/stm32f4xx_hal_tim.o
 .debug_abbrev  0x00001450      0x2c7 Drivers/STM32F4xx_HAL_Driver/Src/stm32f4xx_hal_tim_ex.o
 .debug_abbrev  0x00001717      0x3a8 Middlewares/Third_Party/FreeRTOS/Source/CMSIS_RTOS/cmsis_os.o
 .debug_abbrev  0x00001abf      0x1fe Middlewares/Third_Party/FreeRTOS/Source/list.o
 .debug_abbrev  0x00001cbd      0x38c Middlewares/Third_Party/FreeRTOS/Source/tasks.o
 .debug_abbrev  0x00002049      0x1d8 Middlewares/Third_Party/FreeRTOS/Source/portable/GCC/ARM_CM4F/port.o
 .debug_abbrev  0x00002221      0x2d4 Middlewares/Third_Party/FreeRTOS/Source/portable/MemMang/heap_4.o
 .debug_abbrev  0x000024f5      0x26a Src/ABAC.o
 .debug_abbrev  0x0000275f      0x3ec Src/ABAC_Com_20181007_dbc.o
 .debug_abbrev  0x00002b4b      0x187 Src/Attribute.o
 .debug_abbrev  0x00002cd2      0x673 Src/main.o
 .debug_abbrev  0x00003345      0x24b Src/stm32f4xx_hal_msp.o
 .debug_abbrev  0x00003590      0x246 Src/stm32f4xx_hal_timebase_TIM.o
 .debug_abbrev  0x000037d6      0x237 Src/stm32f4xx_it.o
 .debug_abbrev  0x00003a0d      0x205 Src/system_stm32f4xx.o
 .debug_abbrev  0x00003c12       0x12 startup/startup_stm32f446xx.o

.debug_aranges  0x00000000     0x1330
 .debug_aranges
                0x00000000       0xe0 Drivers/STM32F4xx_HAL_Driver/Src/stm32f4xx_hal.o
 .debug_aranges
                0x000000e0      0x138 Drivers/STM32F4xx_HAL_Driver/Src/stm32f4xx_hal_can.o
 .debug_aranges
                0x00000218      0x118 Drivers/STM32F4xx_HAL_Driver/Src/stm32f4xx_hal_cortex.o
 .debug_aranges
                0x00000330       0x58 Drivers/STM32F4xx_HAL_Driver/Src/stm32f4xx_hal_gpio.o
 .debug_aranges
                0x00000388       0x88 Drivers/STM32F4xx_HAL_Driver/Src/stm32f4xx_hal_rcc.o
 .debug_aranges
                0x00000410       0x78 Drivers/STM32F4xx_HAL_Driver/Src/stm32f4xx_hal_rcc_ex.o
 .debug_aranges
                0x00000488      0x368 Drivers/STM32F4xx_HAL_Driver/Src/stm32f4xx_hal_tim.o
 .debug_aranges
                0x000007f0      0x140 Drivers/STM32F4xx_HAL_Driver/Src/stm32f4xx_hal_tim_ex.o
 .debug_aranges
                0x00000930      0x1d8 Middlewares/Third_Party/FreeRTOS/Source/CMSIS_RTOS/cmsis_os.o
 .debug_aranges
                0x00000b08       0x40 Middlewares/Third_Party/FreeRTOS/Source/list.o
 .debug_aranges
                0x00000b48      0x190 Middlewares/Third_Party/FreeRTOS/Source/tasks.o
 .debug_aranges
                0x00000cd8       0x80 Middlewares/Third_Party/FreeRTOS/Source/portable/GCC/ARM_CM4F/port.o
 .debug_aranges
                0x00000d58       0x50 Middlewares/Third_Party/FreeRTOS/Source/portable/MemMang/heap_4.o
 .debug_aranges
                0x00000da8       0x78 Src/ABAC.o
 .debug_aranges
                0x00000e20      0x208 Src/ABAC_Com_20181007_dbc.o
 .debug_aranges
                0x00001028       0x60 Src/Attribute.o
 .debug_aranges
                0x00001088      0x160 Src/main.o
 .debug_aranges
                0x000011e8       0x30 Src/stm32f4xx_hal_msp.o
 .debug_aranges
                0x00001218       0x30 Src/stm32f4xx_hal_timebase_TIM.o
 .debug_aranges
                0x00001248       0x98 Src/stm32f4xx_it.o
 .debug_aranges
                0x000012e0       0x28 Src/system_stm32f4xx.o
 .debug_aranges
                0x00001308       0x28 startup/startup_stm32f446xx.o

.debug_ranges   0x00000000     0x11d8
 .debug_ranges  0x00000000       0xd0 Drivers/STM32F4xx_HAL_Driver/Src/stm32f4xx_hal.o
 .debug_ranges  0x000000d0      0x128 Drivers/STM32F4xx_HAL_Driver/Src/stm32f4xx_hal_can.o
 .debug_ranges  0x000001f8      0x108 Drivers/STM32F4xx_HAL_Driver/Src/stm32f4xx_hal_cortex.o
 .debug_ranges  0x00000300       0x48 Drivers/STM32F4xx_HAL_Driver/Src/stm32f4xx_hal_gpio.o
 .debug_ranges  0x00000348       0x78 Drivers/STM32F4xx_HAL_Driver/Src/stm32f4xx_hal_rcc.o
 .debug_ranges  0x000003c0       0x68 Drivers/STM32F4xx_HAL_Driver/Src/stm32f4xx_hal_rcc_ex.o
 .debug_ranges  0x00000428      0x358 Drivers/STM32F4xx_HAL_Driver/Src/stm32f4xx_hal_tim.o
 .debug_ranges  0x00000780      0x130 Drivers/STM32F4xx_HAL_Driver/Src/stm32f4xx_hal_tim_ex.o
 .debug_ranges  0x000008b0      0x1c8 Middlewares/Third_Party/FreeRTOS/Source/CMSIS_RTOS/cmsis_os.o
 .debug_ranges  0x00000a78       0x30 Middlewares/Third_Party/FreeRTOS/Source/list.o
 .debug_ranges  0x00000aa8      0x180 Middlewares/Third_Party/FreeRTOS/Source/tasks.o
 .debug_ranges  0x00000c28       0x70 Middlewares/Third_Party/FreeRTOS/Source/portable/GCC/ARM_CM4F/port.o
 .debug_ranges  0x00000c98       0x40 Middlewares/Third_Party/FreeRTOS/Source/portable/MemMang/heap_4.o
 .debug_ranges  0x00000cd8       0x68 Src/ABAC.o
 .debug_ranges  0x00000d40      0x1f8 Src/ABAC_Com_20181007_dbc.o
 .debug_ranges  0x00000f38       0x50 Src/Attribute.o
 .debug_ranges  0x00000f88      0x150 Src/main.o
 .debug_ranges  0x000010d8       0x20 Src/stm32f4xx_hal_msp.o
 .debug_ranges  0x000010f8       0x20 Src/stm32f4xx_hal_timebase_TIM.o
 .debug_ranges  0x00001118       0x88 Src/stm32f4xx_it.o
 .debug_ranges  0x000011a0       0x18 Src/system_stm32f4xx.o
 .debug_ranges  0x000011b8       0x20 startup/startup_stm32f446xx.o

.debug_macro    0x00000000    0x268d4
 .debug_macro   0x00000000      0x386 Drivers/STM32F4xx_HAL_Driver/Src/stm32f4xx_hal.o
 .debug_macro   0x00000386      0xa60 Drivers/STM32F4xx_HAL_Driver/Src/stm32f4xx_hal.o
 .debug_macro   0x00000de6       0x10 Drivers/STM32F4xx_HAL_Driver/Src/stm32f4xx_hal.o
 .debug_macro   0x00000df6      0x180 Drivers/STM32F4xx_HAL_Driver/Src/stm32f4xx_hal.o
 .debug_macro   0x00000f76       0x32 Drivers/STM32F4xx_HAL_Driver/Src/stm32f4xx_hal.o
 .debug_macro   0x00000fa8       0x28 Drivers/STM32F4xx_HAL_Driver/Src/stm32f4xx_hal.o
 .debug_macro   0x00000fd0       0x22 Drivers/STM32F4xx_HAL_Driver/Src/stm32f4xx_hal.o
 .debug_macro   0x00000ff2       0x87 Drivers/STM32F4xx_HAL_Driver/Src/stm32f4xx_hal.o
 .debug_macro   0x00001079       0x51 Drivers/STM32F4xx_HAL_Driver/Src/stm32f4xx_hal.o
 .debug_macro   0x000010ca       0xef Drivers/STM32F4xx_HAL_Driver/Src/stm32f4xx_hal.o
 .debug_macro   0x000011b9       0x6a Drivers/STM32F4xx_HAL_Driver/Src/stm32f4xx_hal.o
 .debug_macro   0x00001223      0x1df Drivers/STM32F4xx_HAL_Driver/Src/stm32f4xx_hal.o
 .debug_macro   0x00001402       0x35 Drivers/STM32F4xx_HAL_Driver/Src/stm32f4xx_hal.o
 .debug_macro   0x00001437       0x50 Drivers/STM32F4xx_HAL_Driver/Src/stm32f4xx_hal.o
 .debug_macro   0x00001487      0xe66 Drivers/STM32F4xx_HAL_Driver/Src/stm32f4xx_hal.o
 .debug_macro   0x000022ed    0x16607 Drivers/STM32F4xx_HAL_Driver/Src/stm32f4xx_hal.o
 .debug_macro   0x000188f4       0x43 Drivers/STM32F4xx_HAL_Driver/Src/stm32f4xx_hal.o
 .debug_macro   0x00018937     0x3535 Drivers/STM32F4xx_HAL_Driver/Src/stm32f4xx_hal.o
 .debug_macro   0x0001be6c       0x58 Drivers/STM32F4xx_HAL_Driver/Src/stm32f4xx_hal.o
 .debug_macro   0x0001bec4       0x17 Drivers/STM32F4xx_HAL_Driver/Src/stm32f4xx_hal.o
 .debug_macro   0x0001bedb       0x35 Drivers/STM32F4xx_HAL_Driver/Src/stm32f4xx_hal.o
 .debug_macro   0x0001bf10       0x9c Drivers/STM32F4xx_HAL_Driver/Src/stm32f4xx_hal.o
 .debug_macro   0x0001bfac       0x16 Drivers/STM32F4xx_HAL_Driver/Src/stm32f4xx_hal.o
 .debug_macro   0x0001bfc2       0x97 Drivers/STM32F4xx_HAL_Driver/Src/stm32f4xx_hal.o
 .debug_macro   0x0001c059      0x330 Drivers/STM32F4xx_HAL_Driver/Src/stm32f4xx_hal.o
 .debug_macro   0x0001c389       0xfd Drivers/STM32F4xx_HAL_Driver/Src/stm32f4xx_hal.o
 .debug_macro   0x0001c486       0x10 Drivers/STM32F4xx_HAL_Driver/Src/stm32f4xx_hal.o
 .debug_macro   0x0001c496       0x58 Drivers/STM32F4xx_HAL_Driver/Src/stm32f4xx_hal.o
 .debug_macro   0x0001c4ee       0x1f Drivers/STM32F4xx_HAL_Driver/Src/stm32f4xx_hal.o
 .debug_macro   0x0001c50d       0x43 Drivers/STM32F4xx_HAL_Driver/Src/stm32f4xx_hal.o
 .debug_macro   0x0001c550       0x20 Drivers/STM32F4xx_HAL_Driver/Src/stm32f4xx_hal.o
 .debug_macro   0x0001c570      0x18e Drivers/STM32F4xx_HAL_Driver/Src/stm32f4xx_hal.o
 .debug_macro   0x0001c6fe       0x10 Drivers/STM32F4xx_HAL_Driver/Src/stm32f4xx_hal.o
 .debug_macro   0x0001c70e       0x1c Drivers/STM32F4xx_HAL_Driver/Src/stm32f4xx_hal.o
 .debug_macro   0x0001c72a       0x52 Drivers/STM32F4xx_HAL_Driver/Src/stm32f4xx_hal.o
 .debug_macro   0x0001c77c       0x40 Drivers/STM32F4xx_HAL_Driver/Src/stm32f4xx_hal.o
 .debug_macro   0x0001c7bc       0x10 Drivers/STM32F4xx_HAL_Driver/Src/stm32f4xx_hal.o
 .debug_macro   0x0001c7cc       0x40 Drivers/STM32F4xx_HAL_Driver/Src/stm32f4xx_hal.o
 .debug_macro   0x0001c80c       0xd7 Drivers/STM32F4xx_HAL_Driver/Src/stm32f4xx_hal.o
 .debug_macro   0x0001c8e3       0x1c Drivers/STM32F4xx_HAL_Driver/Src/stm32f4xx_hal.o
 .debug_macro   0x0001c8ff       0x3d Drivers/STM32F4xx_HAL_Driver/Src/stm32f4xx_hal.o
 .debug_macro   0x0001c93c       0x16 Drivers/STM32F4xx_HAL_Driver/Src/stm32f4xx_hal.o
 .debug_macro   0x0001c952      0x16f Drivers/STM32F4xx_HAL_Driver/Src/stm32f4xx_hal.o
 .debug_macro   0x0001cac1       0x50 Drivers/STM32F4xx_HAL_Driver/Src/stm32f4xx_hal.o
 .debug_macro   0x0001cb11      0xc90 Drivers/STM32F4xx_HAL_Driver/Src/stm32f4xx_hal.o
 .debug_macro   0x0001d7a1      0xa02 Drivers/STM32F4xx_HAL_Driver/Src/stm32f4xx_hal.o
 .debug_macro   0x0001e1a3      0x11e Drivers/STM32F4xx_HAL_Driver/Src/stm32f4xx_hal.o
 .debug_macro   0x0001e2c1      0x1a0 Drivers/STM32F4xx_HAL_Driver/Src/stm32f4xx_hal.o
 .debug_macro   0x0001e461       0x27 Drivers/STM32F4xx_HAL_Driver/Src/stm32f4xx_hal.o
 .debug_macro   0x0001e488      0x287 Drivers/STM32F4xx_HAL_Driver/Src/stm32f4xx_hal.o
 .debug_macro   0x0001e70f       0x5f Drivers/STM32F4xx_HAL_Driver/Src/stm32f4xx_hal.o
 .debug_macro   0x0001e76e      0x23a Drivers/STM32F4xx_HAL_Driver/Src/stm32f4xx_hal.o
 .debug_macro   0x0001e9a8      0x3f3 Drivers/STM32F4xx_HAL_Driver/Src/stm32f4xx_hal.o
 .debug_macro   0x0001ed9b      0x13a Drivers/STM32F4xx_HAL_Driver/Src/stm32f4xx_hal.o
 .debug_macro   0x0001eed5      0x29c Drivers/STM32F4xx_HAL_Driver/Src/stm32f4xx_hal.o
 .debug_macro   0x0001f171       0x2e Drivers/STM32F4xx_HAL_Driver/Src/stm32f4xx_hal.o
 .debug_macro   0x0001f19f      0x11e Drivers/STM32F4xx_HAL_Driver/Src/stm32f4xx_hal.o
 .debug_macro   0x0001f2bd       0xe8 Drivers/STM32F4xx_HAL_Driver/Src/stm32f4xx_hal.o
 .debug_macro   0x0001f3a5       0x89 Drivers/STM32F4xx_HAL_Driver/Src/stm32f4xx_hal.o
 .debug_macro   0x0001f42e      0x6e0 Drivers/STM32F4xx_HAL_Driver/Src/stm32f4xx_hal.o
 .debug_macro   0x0001fb0e       0x60 Drivers/STM32F4xx_HAL_Driver/Src/stm32f4xx_hal.o
 .debug_macro   0x0001fb6e      0x14d Drivers/STM32F4xx_HAL_Driver/Src/stm32f4xx_hal.o
 .debug_macro   0x0001fcbb      0x12d Drivers/STM32F4xx_HAL_Driver/Src/stm32f4xx_hal.o
 .debug_macro   0x0001fde8      0x32e Drivers/STM32F4xx_HAL_Driver/Src/stm32f4xx_hal_can.o
 .debug_macro   0x00020116      0x326 Drivers/STM32F4xx_HAL_Driver/Src/stm32f4xx_hal_cortex.o
 .debug_macro   0x0002043c      0x35e Drivers/STM32F4xx_HAL_Driver/Src/stm32f4xx_hal_gpio.o
 .debug_macro   0x0002079a      0x34a Drivers/STM32F4xx_HAL_Driver/Src/stm32f4xx_hal_rcc.o
 .debug_macro   0x00020ae4      0x326 Drivers/STM32F4xx_HAL_Driver/Src/stm32f4xx_hal_rcc_ex.o
 .debug_macro   0x00020e0a      0x326 Drivers/STM32F4xx_HAL_Driver/Src/stm32f4xx_hal_tim.o
 .debug_macro   0x00021130      0x326 Drivers/STM32F4xx_HAL_Driver/Src/stm32f4xx_hal_tim_ex.o
 .debug_macro   0x00021456      0x1ed Middlewares/Third_Party/FreeRTOS/Source/CMSIS_RTOS/cmsis_os.o
 .debug_macro   0x00021643       0x52 Middlewares/Third_Party/FreeRTOS/Source/CMSIS_RTOS/cmsis_os.o
 .debug_macro   0x00021695       0x8d Middlewares/Third_Party/FreeRTOS/Source/CMSIS_RTOS/cmsis_os.o
 .debug_macro   0x00021722      0x174 Middlewares/Third_Party/FreeRTOS/Source/CMSIS_RTOS/cmsis_os.o
 .debug_macro   0x00021896       0x57 Middlewares/Third_Party/FreeRTOS/Source/CMSIS_RTOS/cmsis_os.o
 .debug_macro   0x000218ed       0x10 Middlewares/Third_Party/FreeRTOS/Source/CMSIS_RTOS/cmsis_os.o
 .debug_macro   0x000218fd       0x35 Middlewares/Third_Party/FreeRTOS/Source/CMSIS_RTOS/cmsis_os.o
 .debug_macro   0x00021932       0xd8 Middlewares/Third_Party/FreeRTOS/Source/CMSIS_RTOS/cmsis_os.o
 .debug_macro   0x00021a0a      0x168 Middlewares/Third_Party/FreeRTOS/Source/CMSIS_RTOS/cmsis_os.o
 .debug_macro   0x00021b72       0xe4 Middlewares/Third_Party/FreeRTOS/Source/CMSIS_RTOS/cmsis_os.o
 .debug_macro   0x00021c56       0x10 Middlewares/Third_Party/FreeRTOS/Source/CMSIS_RTOS/cmsis_os.o
 .debug_macro   0x00021c66       0x26 Middlewares/Third_Party/FreeRTOS/Source/CMSIS_RTOS/cmsis_os.o
 .debug_macro   0x00021c8c      0x40f Middlewares/Third_Party/FreeRTOS/Source/CMSIS_RTOS/cmsis_os.o
 .debug_macro   0x0002209b       0xc0 Middlewares/Third_Party/FreeRTOS/Source/CMSIS_RTOS/cmsis_os.o
 .debug_macro   0x0002215b       0x8c Middlewares/Third_Party/FreeRTOS/Source/CMSIS_RTOS/cmsis_os.o
 .debug_macro   0x000221e7       0x91 Middlewares/Third_Party/FreeRTOS/Source/CMSIS_RTOS/cmsis_os.o
 .debug_macro   0x00022278       0x94 Middlewares/Third_Party/FreeRTOS/Source/CMSIS_RTOS/cmsis_os.o
 .debug_macro   0x0002230c       0x63 Middlewares/Third_Party/FreeRTOS/Source/CMSIS_RTOS/cmsis_os.o
 .debug_macro   0x0002236f       0x19 Middlewares/Third_Party/FreeRTOS/Source/CMSIS_RTOS/cmsis_os.o
 .debug_macro   0x00022388       0xcf Middlewares/Third_Party/FreeRTOS/Source/CMSIS_RTOS/cmsis_os.o
 .debug_macro   0x00022457       0x26 Middlewares/Third_Party/FreeRTOS/Source/CMSIS_RTOS/cmsis_os.o
 .debug_macro   0x0002247d      0x17b Middlewares/Third_Party/FreeRTOS/Source/list.o
 .debug_macro   0x000225f8      0x264 Middlewares/Third_Party/FreeRTOS/Source/tasks.o
 .debug_macro   0x0002285c       0x11 Middlewares/Third_Party/FreeRTOS/Source/tasks.o
 .debug_macro   0x0002286d      0x19e Middlewares/Third_Party/FreeRTOS/Source/portable/GCC/ARM_CM4F/port.o
 .debug_macro   0x00022a0b      0x1a2 Middlewares/Third_Party/FreeRTOS/Source/portable/MemMang/heap_4.o
 .debug_macro   0x00022bad       0x81 Src/ABAC.o
 .debug_macro   0x00022c2e      0xb08 Src/ABAC.o
 .debug_macro   0x00023736       0x1c Src/ABAC.o
 .debug_macro   0x00023752       0x4f Src/ABAC.o
 .debug_macro   0x000237a1       0x16 Src/ABAC.o
 .debug_macro   0x000237b7      0x154 Src/ABAC_Com_20181007_dbc.o
 .debug_macro   0x0002390b      0x168 Src/ABAC_Com_20181007_dbc.o
 .debug_macro   0x00023a73       0x10 Src/ABAC_Com_20181007_dbc.o
 .debug_macro   0x00023a83      0x3f4 Src/ABAC_Com_20181007_dbc.o
 .debug_macro   0x00023e77       0x9c Src/ABAC_Com_20181007_dbc.o
 .debug_macro   0x00023f13      0x17b Src/ABAC_Com_20181007_dbc.o
 .debug_macro   0x0002408e       0x43 Src/ABAC_Com_20181007_dbc.o
 .debug_macro   0x000240d1      0x353 Src/ABAC_Com_20181007_dbc.o
 .debug_macro   0x00024424       0x35 Src/ABAC_Com_20181007_dbc.o
 .debug_macro   0x00024459       0x77 Src/Attribute.o
 .debug_macro   0x000244d0      0x3e9 Src/main.o
 .debug_macro   0x000248b9      0xe66 Src/main.o
 .debug_macro   0x0002571f       0x97 Src/main.o
 .debug_macro   0x000257b6      0x104 Src/main.o
 .debug_macro   0x000258ba       0xb6 Src/main.o
 .debug_macro   0x00025970      0x114 Src/main.o
 .debug_macro   0x00025a84       0xd8 Src/main.o
 .debug_macro   0x00025b5c       0x1c Src/main.o
 .debug_macro   0x00025b78      0x326 Src/stm32f4xx_hal_msp.o
 .debug_macro   0x00025e9e      0x326 Src/stm32f4xx_hal_timebase_TIM.o
 .debug_macro   0x000261c4      0x3e4 Src/stm32f4xx_it.o
 .debug_macro   0x000265a8      0x32c Src/system_stm32f4xx.o

.debug_line     0x00000000     0xdf22
 .debug_line    0x00000000      0x9e3 Drivers/STM32F4xx_HAL_Driver/Src/stm32f4xx_hal.o
 .debug_line    0x000009e3      0xcc7 Drivers/STM32F4xx_HAL_Driver/Src/stm32f4xx_hal_can.o
 .debug_line    0x000016aa      0xb1e Drivers/STM32F4xx_HAL_Driver/Src/stm32f4xx_hal_cortex.o
 .debug_line    0x000021c8      0x9d0 Drivers/STM32F4xx_HAL_Driver/Src/stm32f4xx_hal_gpio.o
 .debug_line    0x00002b98      0xa4c Drivers/STM32F4xx_HAL_Driver/Src/stm32f4xx_hal_rcc.o
 .debug_line    0x000035e4      0xbf2 Drivers/STM32F4xx_HAL_Driver/Src/stm32f4xx_hal_rcc_ex.o
 .debug_line    0x000041d6     0x199b Drivers/STM32F4xx_HAL_Driver/Src/stm32f4xx_hal_tim.o
 .debug_line    0x00005b71      0xda2 Drivers/STM32F4xx_HAL_Driver/Src/stm32f4xx_hal_tim_ex.o
 .debug_line    0x00006913      0xbf6 Middlewares/Third_Party/FreeRTOS/Source/CMSIS_RTOS/cmsis_os.o
 .debug_line    0x00007509      0x588 Middlewares/Third_Party/FreeRTOS/Source/list.o
 .debug_line    0x00007a91      0xf8e Middlewares/Third_Party/FreeRTOS/Source/tasks.o
 .debug_line    0x00008a1f      0x697 Middlewares/Third_Party/FreeRTOS/Source/portable/GCC/ARM_CM4F/port.o
 .debug_line    0x000090b6      0x66c Middlewares/Third_Party/FreeRTOS/Source/portable/MemMang/heap_4.o
 .debug_line    0x00009722      0x48e Src/ABAC.o
 .debug_line    0x00009bb0      0xb48 Src/ABAC_Com_20181007_dbc.o
 .debug_line    0x0000a6f8      0x3b4 Src/Attribute.o
 .debug_line    0x0000aaac     0x102f Src/main.o
 .debug_line    0x0000badb      0x84d Src/stm32f4xx_hal_msp.o
 .debug_line    0x0000c328      0x833 Src/stm32f4xx_hal_timebase_TIM.o
 .debug_line    0x0000cb5b      0xb29 Src/stm32f4xx_it.o
 .debug_line    0x0000d684      0x81f Src/system_stm32f4xx.o
 .debug_line    0x0000dea3       0x7f startup/startup_stm32f446xx.o

.debug_str      0x00000000    0xd5b9d
 .debug_str     0x00000000    0xc6954 Drivers/STM32F4xx_HAL_Driver/Src/stm32f4xx_hal.o
                              0xc6db6 (size before relaxing)
 .debug_str     0x000c6954      0x6db Drivers/STM32F4xx_HAL_Driver/Src/stm32f4xx_hal_can.o
                              0xc6928 (size before relaxing)
 .debug_str     0x000c702f      0x3d9 Drivers/STM32F4xx_HAL_Driver/Src/stm32f4xx_hal_cortex.o
                              0xc6b18 (size before relaxing)
 .debug_str     0x000c7408      0x292 Drivers/STM32F4xx_HAL_Driver/Src/stm32f4xx_hal_gpio.o
                              0xc648f (size before relaxing)
 .debug_str     0x000c769a      0x339 Drivers/STM32F4xx_HAL_Driver/Src/stm32f4xx_hal_rcc.o
                              0xc6637 (size before relaxing)
 .debug_str     0x000c79d3      0x324 Drivers/STM32F4xx_HAL_Driver/Src/stm32f4xx_hal_rcc_ex.o
                              0xc6694 (size before relaxing)
 .debug_str     0x000c7cf7      0xfb2 Drivers/STM32F4xx_HAL_Driver/Src/stm32f4xx_hal_tim.o
                              0xc721d (size before relaxing)
 .debug_str     0x000c8ca9      0x52a Drivers/STM32F4xx_HAL_Driver/Src/stm32f4xx_hal_tim_ex.o
                              0xc6ad8 (size before relaxing)
 .debug_str     0x000c91d3     0x5aa3 Middlewares/Third_Party/FreeRTOS/Source/CMSIS_RTOS/cmsis_os.o
                               0xc88f (size before relaxing)
 .debug_str     0x000cec76      0x234 Middlewares/Third_Party/FreeRTOS/Source/list.o
                               0x9dac (size before relaxing)
 .debug_str     0x000ceeaa     0x11b3 Middlewares/Third_Party/FreeRTOS/Source/tasks.o
                               0xbd5c (size before relaxing)
 .debug_str     0x000d005d      0x810 Middlewares/Third_Party/FreeRTOS/Source/portable/GCC/ARM_CM4F/port.o
                               0x7d3d (size before relaxing)
 .debug_str     0x000d086d      0x25a Middlewares/Third_Party/FreeRTOS/Source/portable/MemMang/heap_4.o
                               0xa4cd (size before relaxing)
 .debug_str     0x000d0ac7      0xb68 Src/ABAC.o
                               0x457c (size before relaxing)
 .debug_str     0x000d162f     0x36d8 Src/ABAC_Com_20181007_dbc.o
                               0xa7fc (size before relaxing)
 .debug_str     0x000d4d07       0x76 Src/Attribute.o
                               0x4126 (size before relaxing)
 .debug_str     0x000d4d7d      0xbad Src/main.o
                              0xcf624 (size before relaxing)
 .debug_str     0x000d592a       0x34 Src/stm32f4xx_hal_msp.o
                              0xc6a03 (size before relaxing)
 .debug_str     0x000d595e       0x61 Src/stm32f4xx_hal_timebase_TIM.o
                              0xc6c01 (size before relaxing)
 .debug_str     0x000d59bf      0x154 Src/stm32f4xx_it.o
                              0xcba7f (size before relaxing)
 .debug_str     0x000d5b13       0x5a Src/system_stm32f4xx.o
                              0xc624b (size before relaxing)
 .debug_str     0x000d5b6d       0x30 startup/startup_stm32f446xx.o
                                 0x6b (size before relaxing)

.comment        0x00000000       0x7e
 .comment       0x00000000       0x7e Drivers/STM32F4xx_HAL_Driver/Src/stm32f4xx_hal.o
                                 0x7f (size before relaxing)
 .comment       0x0000007e       0x7f Drivers/STM32F4xx_HAL_Driver/Src/stm32f4xx_hal_can.o
 .comment       0x0000007e       0x7f Drivers/STM32F4xx_HAL_Driver/Src/stm32f4xx_hal_cortex.o
 .comment       0x0000007e       0x7f Drivers/STM32F4xx_HAL_Driver/Src/stm32f4xx_hal_gpio.o
 .comment       0x0000007e       0x7f Drivers/STM32F4xx_HAL_Driver/Src/stm32f4xx_hal_rcc.o
 .comment       0x0000007e       0x7f Drivers/STM32F4xx_HAL_Driver/Src/stm32f4xx_hal_rcc_ex.o
 .comment       0x0000007e       0x7f Drivers/STM32F4xx_HAL_Driver/Src/stm32f4xx_hal_tim.o
 .comment       0x0000007e       0x7f Drivers/STM32F4xx_HAL_Driver/Src/stm32f4xx_hal_tim_ex.o